 gmsv_navigation_win32

 Timestamp is 5786e7d6 (Wed Jul 13 18:16:06 2016)

 Preferred load address is 10000000

 Start         Length     Name                   Class
 0001:00000000 00000260H .text                   CODE
 0001:00000260 000008b0H .text$di                CODE
 0001:00000b10 00032a30H .text$mn                CODE
 0001:00033540 00001360H .text$x                 CODE
 0001:000348a0 00000275H .text$yd                CODE
 0002:00000000 00000190H .idata$5                DATA
 0002:00000190 00000004H .00cfg                  DATA
 0002:00000194 00000004H .CRT$XCA                DATA
 0002:00000198 00000104H .CRT$XCU                DATA
 0002:0000029c 00000004H .CRT$XCZ                DATA
 0002:000002a0 00000004H .CRT$XIA                DATA
 0002:000002a4 00000014H .CRT$XIC                DATA
 0002:000002b8 00000004H .CRT$XIU                DATA
 0002:000002bc 00000004H .CRT$XIZ                DATA
 0002:000002c0 00000004H .CRT$XLA                DATA
 0002:000002c4 00000004H .CRT$XLC                DATA
 0002:000002c8 00000004H .CRT$XLZ                DATA
 0002:000002cc 00000004H .CRT$XPA                DATA
 0002:000002d0 00000008H .CRT$XPX                DATA
 0002:000002d8 00000004H .CRT$XPXA               DATA
 0002:000002dc 00000004H .CRT$XPZ                DATA
 0002:000002e0 00000004H .CRT$XTA                DATA
 0002:000002e4 00000004H .CRT$XTU                DATA
 0002:000002e8 00000008H .CRT$XTZ                DATA
 0002:000002f0 0000af3cH .rdata                  DATA
 0002:0000b22c 00000018H .rdata$T                DATA
 0002:0000b244 000012ecH .rdata$r                DATA
 0002:0000c530 000001b0H .rdata$sxdata           DATA
 0002:0000c6e0 00000010H .rdata$zETW0            DATA
 0002:0000c6f0 00000077H .rdata$zETW1            DATA
 0002:0000c767 0000002cH .rdata$zETW2            DATA
 0002:0000c793 00000001H .rdata$zETW9            DATA
 0002:0000c794 000004acH .rdata$zzzdbg           DATA
 0002:0000cc40 00000004H .rtc$IAA                DATA
 0002:0000cc44 00000004H .rtc$IZZ                DATA
 0002:0000cc48 00000004H .rtc$TAA                DATA
 0002:0000cc4c 00000004H .rtc$TZZ                DATA
 0002:0000cc50 00002320H .xdata$x                DATA
 0002:0000ef70 0000008cH .edata                  DATA
 0002:0000effc 0000003cH .idata$2                DATA
 0002:0000f038 00000014H .idata$3                DATA
 0002:0000f04c 00000190H .idata$4                DATA
 0002:0000f1dc 00000722H .idata$6                DATA
 0003:00000000 000008f0H .data                   DATA
 0003:000008f0 00000da8H .data$r                 DATA
 0003:00001698 00000c18H .bss                    DATA
 0004:00000000 00000090H .gfids$x                DATA
 0004:00000090 00000088H .gfids$y                DATA
 0005:00000000 00000004H .tls                    DATA
 0005:00000004 00000004H .tls$                   DATA
 0005:00000008 00000001H .tls$ZZZ                DATA
 0006:00000000 00000060H .rsrc$01                DATA
 0006:00000060 00000180H .rsrc$02                DATA

  Address         Publics by Value              Rva+Base       Lib:Object

 0000:00000000       __except_list              00000000     <absolute>
 0000:00000000       ___guard_longjmp_count     00000000     <absolute>
 0000:00000000       ___guard_fids_count        00000000     <absolute>
 0000:00000000       ___guard_fids_table        00000000     <absolute>
 0000:00000000       ___guard_longjmp_table     00000000     <absolute>
 0000:00000000       ___guard_iat_table         00000000     <absolute>
 0000:00000000       ___guard_iat_count         00000000     <absolute>
 0000:00000000       ___dynamic_value_reloc_table 00000000     <absolute>
 0000:0000002c       __tls_array                0000002c     <absolute>
 0000:0000006b       ___safe_se_handler_count   0000006b     <absolute>
 0000:00000100       ___guard_flags             00000100     <absolute>
 0000:00000000       ___ImageBase               10000000     <linker-defined>
 0001:00000000       ?TraceLoggingRegister@__vcrt_trace_logging_provider@@YAJPBU_TlgProvider_t@1@PBU_GUID@@P6GX1KE_K2PAU_EVENT_FILTER_DESCRIPTOR@@PAX@Z4@Z 10001000 f i libvcruntime:telemetry.obj
 0001:0000005d       ?TraceLoggingSetInformation@__vcrt_trace_logging_provider@@YAJPBU_TlgProvider_t@1@W4_EVENT_INFO_CLASS@@PAXK@Z 1000105d f i libvcruntime:telemetry.obj
 0001:00000088       ?TraceLoggingUnregister@__vcrt_trace_logging_provider@@YAXPBU_TlgProvider_t@1@@Z 10001088 f i libvcruntime:telemetry.obj
 0001:000000a7       ?_TlgCreateSz@__vcrt_trace_logging_provider@@YAXPAU_EVENT_DATA_DESCRIPTOR@@PBD@Z 100010a7 f i libvcruntime:telemetry.obj
 0001:000000df       ?_TlgCreateWsz@__vcrt_trace_logging_provider@@YAXPAU_EVENT_DATA_DESCRIPTOR@@PB_W@Z 100010df f i libvcruntime:telemetry.obj
 0001:00000123       ?_TlgEnableCallback@__vcrt_trace_logging_provider@@YGXPBU_GUID@@KE_K1PAU_EVENT_FILTER_DESCRIPTOR@@PAX@Z 10001123 f i libvcruntime:telemetry.obj
 0001:0000019b       ?_TlgKeywordOn@__vcrt_trace_logging_provider@@YAEPBU_TlgProvider_t@1@_K@Z 1000119b f i libvcruntime:telemetry.obj
 0001:000001d7       ?_TlgWrite@__vcrt_trace_logging_provider@@YAJPBU_TlgProvider_t@1@PBXPBU_GUID@@2IPAU_EVENT_DATA_DESCRIPTOR@@@Z 100011d7 f i libvcruntime:telemetry.obj
 0001:00000b10       ___local_stdio_printf_options 10001b10 f i ILuaInterface.obj
 0001:00000b1a       __vsprintf_s_l             10001b1a f i ILuaInterface.obj
 0001:00000b5c       _vsprintf_s                10001b5c f i ILuaInterface.obj
 0001:00000b77       ??2@YAPAXIPAX@Z            10001b77 f i ILuaInterface.obj
 0001:00000b7f       _fabsf                     10001b7f f i ILuaInterface.obj
 0001:00000b9f       ??0Vector2D@@QAE@MM@Z      10001b9f f i ILuaInterface.obj
 0001:00000bc8       ??_H@YGXPAXIIP6EPAX0@Z@Z   10001bc8 f i ILuaInterface.obj
 0001:00000bf6       ?UtlMemory_CalcNewAllocationCount@@YAHHHHH@Z 10001bf6 f i ILuaInterface.obj
 0001:00000c3b       ?V_memmove@@YAXPAXPBXH@Z   10001c3b f i ILuaInterface.obj
 0001:00000c51       ??0ILuaInterface@@QAE@PAUlua_State@@@Z 10001c51 f   ILuaInterface.obj
 0001:00000de6       ??1ILuaInterface@@QAE@XZ   10001de6 f   ILuaInterface.obj
 0001:00000e47       ?GetNewTable@ILuaInterface@@QAEPAVILuaObject@@XZ 10001e47 f   ILuaInterface.obj
 0001:00000ece       ?NewTable@ILuaInterface@@QAEXXZ 10001ece f   ILuaInterface.obj
 0001:00000eea       ?PushUserData@ILuaInterface@@QAEXPAVILuaObject@@PAXE@Z 10001eea f   ILuaInterface.obj
 0001:00000f95       ?Error@ILuaInterface@@QAAXPBDZZ 10001f95 f   ILuaInterface.obj
 0001:00000ffb       ?LuaError@ILuaInterface@@QAEXPBDH@Z 10001ffb f   ILuaInterface.obj
 0001:0000101f       ?GetGlobal@ILuaInterface@@QAEPAVILuaObject@@PBD@Z 1000201f f   ILuaInterface.obj
 0001:000010e5       ?SetGlobal@ILuaInterface@@QAEXPBDPAVILuaObject@@@Z 100020e5 f   ILuaInterface.obj
 0001:0000114c       ?GetObject@ILuaInterface@@QAEPAVILuaObject@@H@Z 1000214c f   ILuaInterface.obj
 0001:000011e7       ?GetString@ILuaInterface@@QAEPBDHPAI@Z 100021e7 f   ILuaInterface.obj
 0001:0000120b       ?GetInteger@ILuaInterface@@QAEHH@Z 1000220b f   ILuaInterface.obj
 0001:00001231       ?GetNumber@ILuaInterface@@QAENH@Z 10002231 f   ILuaInterface.obj
 0001:00001252       ?GetBool@ILuaInterface@@QAE_NH@Z 10002252 f   ILuaInterface.obj
 0001:00001273       ?GetUserData@ILuaInterface@@QAEPAXH@Z 10002273 f   ILuaInterface.obj
 0001:0000129d       ?Pop@ILuaInterface@@QAEXH@Z 1000229d f   ILuaInterface.obj
 0001:000012be       ?Push@ILuaInterface@@QAEXPAVILuaObject@@@Z 100022be f   ILuaInterface.obj
 0001:000012d3       ?Push@ILuaInterface@@QAEXPBDI@Z 100022d3 f   ILuaInterface.obj
 0001:000012f7       ?Push@ILuaInterface@@QAEX_N@Z 100022f7 f   ILuaInterface.obj
 0001:00001318       ?Push@ILuaInterface@@QAEXP6AHPAUlua_State@@@Z@Z 10002318 f   ILuaInterface.obj
 0001:0000133c       ?Push@ILuaInterface@@QAEXM@Z 1000233c f   ILuaInterface.obj
 0001:00001366       ?CheckType@ILuaInterface@@QAEXHH@Z 10002366 f   ILuaInterface.obj
 0001:0000138a       ?GetType@ILuaInterface@@QAEHH@Z 1000238a f   ILuaInterface.obj
 0001:000013ae       ?GetReturn@ILuaInterface@@QAEPAVILuaObject@@H@Z 100023ae f   ILuaInterface.obj
 0001:000013c6       ?Call@ILuaInterface@@QAEXHH@Z 100023c6 f   ILuaInterface.obj
 0001:000013ea       ?GetMetaTable@ILuaInterface@@QAEPAVILuaObject@@PBDH@Z 100023ea f   ILuaInterface.obj
 0001:00001485       ??$Destruct@UGroundSeedSpot@@@@YAXPAUGroundSeedSpot@@@Z 10002485 f i nav.obj
 0001:00001485       ??$Destruct@UAirSeedSpot@@@@YAXPAUAirSeedSpot@@@Z 10002485 f i nav.obj
 0001:00001485       ??$unused_var@W4dst_flags@date_time@boost@@@?$counted_time_system@U?$counted_time_rep@Vmillisec_posix_time_system_config@posix_time@boost@@@date_time@boost@@@date_time@boost@@SAXABW4dst_flags@12@@Z 10002485 f i main.obj
 0001:00001485       ??$__vcrt_va_start_verify_argument_type@PBD@@YAXXZ 10002485 f i ILuaInterface.obj
 0001:00001485       ??3@YAXPAX0@Z              10002485 f i ILuaModuleManager.obj
 0001:00001485       ??$Destruct@PAVNode@@@@YAXPAPAVNode@@@Z 10002485 f i main.obj
 0001:00001485       ?throw_exception_assert_compatibility@boost@@YAXABVexception@std@@@Z 10002485 f i main.obj
 0001:00001485       ??$Destruct@PAUJobInfo_t@@@@YAXPAPAUJobInfo_t@@@Z 10002485 f i main.obj
 0001:00001485       ??$__vcrt_va_start_verify_argument_type@QBD@@YAXXZ 10002485 f i nav.obj
 0001:0000148a       ??$vsprintf_s@$0EAA@@@YAHAAY0EAA@DPBDPAD@Z 1000248a f i ILuaInterface.obj
 0001:000014a5       ?_Adopt@_Iterator_base0@std@@QAEXPBX@Z 100024a5 f i ILuaModuleManager.obj
 0001:000014a5       ??$destroy@PAU?$_Tree_node@U?$pair@QBXUtss_data_node@detail@boost@@@std@@PAX@std@@@?$allocator@U?$_Tree_node@U?$pair@QBXUtss_data_node@detail@boost@@@std@@PAX@std@@@std@@QAEXPAPAU?$_Tree_node@U?$pair@QBXUtss_data_node@detail@boost@@@std@@PAX@1@@Z 100024a5 f i nav.obj
 0001:000014a5       ??$destroy@U?$pair@QAUlua_State@@PAVILuaInterface@@@std@@@?$allocator@U?$_Tree_node@U?$pair@QAUlua_State@@PAVILuaInterface@@@std@@PAX@std@@@std@@QAEXPAU?$pair@QAUlua_State@@PAVILuaInterface@@@1@@Z 100024a5 f i ILuaModuleManager.obj
 0001:000014a5       ??$destroy@PAD@?$allocator@D@std@@QAEXPAPAD@Z 100024a5 f i main.obj
 0001:000014a5       ??$destroy@PAU?$_Tree_node@U?$pair@QAUlua_State@@PAVILuaInterface@@@std@@PAX@std@@@?$allocator@U?$_Tree_node@U?$pair@QAUlua_State@@PAVILuaInterface@@@std@@PAX@std@@@std@@QAEXPAPAU?$_Tree_node@U?$pair@QAUlua_State@@PAVILuaInterface@@@std@@PAX@1@@Z 100024a5 f i ILuaModuleManager.obj
 0001:000014a5       ??$destroy@U?$pair@PAVcondition_variable@boost@@PAVmutex@2@@std@@@?$allocator@U?$pair@PAVcondition_variable@boost@@PAVmutex@2@@std@@@std@@QAEXPAU?$pair@PAVcondition_variable@boost@@PAVmutex@2@@1@@Z 100024a5 f i nav.obj
 0001:000014b2       ?get@?$value@PAUJobInfo_t@@@_bi@boost@@QAEAAPAUJobInfo_t@@XZ 100024b2 f i nav.obj
 0001:000014b2       ?get@?$value@PAVNode@@@_bi@boost@@QAEAAPAVNode@@XZ 100024b2 f i nav.obj
 0001:000014b2       ??0?$arg@$05@boost@@QAE@XZ 100024b2 f i main.obj
 0001:000014b2       ?_Get_first@?$_Compressed_pair@U?$_Wrap_alloc@V?$allocator@U?$_Tree_node@U?$pair@QAUlua_State@@PAVILuaInterface@@@std@@PAX@std@@@std@@@std@@V?$_Tree_val@U?$_Tree_simple_types@U?$pair@QAUlua_State@@PAVILuaInterface@@@std@@@std@@@2@$00@std@@QBEABU?$_Wrap_alloc@V?$allocator@U?$_Tree_node@U?$pair@QAUlua_State@@PAVILuaInterface@@@std@@PAX@std@@@std@@@2@XZ 100024b2 f i ILuaModuleManager.obj
 0001:000014b2       ?_Get_second@?$_Compressed_pair@U?$less@PBX@std@@V?$_Compressed_pair@U?$_Wrap_alloc@V?$allocator@U?$_Tree_node@U?$pair@QBXUtss_data_node@detail@boost@@@std@@PAX@std@@@std@@@std@@V?$_Tree_val@U?$_Tree_simple_types@U?$pair@QBXUtss_data_node@detail@boost@@@std@@@std@@@2@$00@2@$00@std@@QBEABV?$_Compressed_pair@U?$_Wrap_alloc@V?$allocator@U?$_Tree_node@U?$pair@QBXUtss_data_node@detail@boost@@@std@@PAX@std@@@std@@@std@@V?$_Tree_val@U?$_Tree_simple_types@U?$pair@QBXUtss_data_node@detail@boost@@@std@@@std@@@2@$00@2@XZ 100024b2 f i nav.obj
 0001:000014b2       ?_Get_first@?$_Compressed_pair@U?$_Wrap_alloc@V?$allocator@U?$_Tree_node@U?$pair@QAUlua_State@@PAVILuaInterface@@@std@@PAX@std@@@std@@@std@@V?$_Tree_val@U?$_Tree_simple_types@U?$pair@QAUlua_State@@PAVILuaInterface@@@std@@@std@@@2@$00@std@@QAEAAU?$_Wrap_alloc@V?$allocator@U?$_Tree_node@U?$pair@QAUlua_State@@PAVILuaInterface@@@std@@PAX@std@@@std@@@2@XZ 100024b2 f i ILuaModuleManager.obj
 0001:000014b2       ??0?$allocator@V?$shared_ptr@Ushared_state_base@detail@boost@@@boost@@@std@@QAE@XZ 100024b2 f i nav.obj
 0001:000014b2       ??0?$arg@$06@boost@@QAE@XZ 100024b2 f i main.obj
 0001:000014b2       ?_Get_second@?$_Compressed_pair@U?$_Wrap_alloc@V?$allocator@U?$_Tree_node@U?$pair@QAUlua_State@@PAVILuaInterface@@@std@@PAX@std@@@std@@@std@@V?$_Tree_val@U?$_Tree_simple_types@U?$pair@QAUlua_State@@PAVILuaInterface@@@std@@@std@@@2@$00@std@@QBEABV?$_Tree_val@U?$_Tree_simple_types@U?$pair@QAUlua_State@@PAVILuaInterface@@@std@@@std@@@2@XZ 100024b2 f i ILuaModuleManager.obj
 0001:000014b2       ??0?$tuple@$$V@std@@QAE@XZ 100024b2 f i ILuaModuleManager.obj
 0001:000014b2       ?GetPosition@Node@@QAEPBVVector@@XZ 100024b2 f i node.obj
 0001:000014b2       ?_Get_first@?$_Compressed_pair@U?$_Wrap_alloc@V?$allocator@D@std@@@std@@V?$_String_val@U?$_Simple_types@D@std@@@2@$00@std@@QAEAAU?$_Wrap_alloc@V?$allocator@D@std@@@2@XZ 100024b2 f i main.obj
 0001:000014b2       ?get@?$value@PA_N@_bi@boost@@QAEAAPA_NXZ 100024b2 f i nav.obj
 0001:000014b2       ??0?$arg@$07@boost@@QAE@XZ 100024b2 f i main.obj
 0001:000014b2       ??0?$arg@$08@boost@@QAE@XZ 100024b2 f i main.obj
 0001:000014b2       ?_Get_first@?$_Compressed_pair@U?$less@PAUlua_State@@@std@@V?$_Compressed_pair@U?$_Wrap_alloc@V?$allocator@U?$_Tree_node@U?$pair@QAUlua_State@@PAVILuaInterface@@@std@@PAX@std@@@std@@@std@@V?$_Tree_val@U?$_Tree_simple_types@U?$pair@QAUlua_State@@PAVILuaInterface@@@std@@@std@@@2@$00@2@$00@std@@QAEAAU?$less@PAUlua_State@@@2@XZ 100024b2 f i ILuaModuleManager.obj
 0001:000014b2       ??0?$arg@$01@boost@@QAE@XZ 100024b2 f i main.obj
 0001:000014b2       ?_Get_second@?$_Compressed_pair@U?$_Wrap_alloc@V?$allocator@U?$_Tree_node@U?$pair@QBXUtss_data_node@detail@boost@@@std@@PAX@std@@@std@@@std@@V?$_Tree_val@U?$_Tree_simple_types@U?$pair@QBXUtss_data_node@detail@boost@@@std@@@std@@@2@$00@std@@QAEAAV?$_Tree_val@U?$_Tree_simple_types@U?$pair@QBXUtss_data_node@detail@boost@@@std@@@std@@@2@XZ 100024b2 f i nav.obj
 0001:000014b2       ??0?$allocator@U?$pair@PAVcondition_variable@boost@@PAVmutex@2@@std@@@std@@QAE@XZ 100024b2 f i nav.obj
 0001:000014b2       ?_Get_first@?$_Compressed_pair@U?$_Wrap_alloc@V?$allocator@D@std@@@std@@V?$_String_val@U?$_Simple_types@D@std@@@2@$00@std@@QBEABU?$_Wrap_alloc@V?$allocator@D@std@@@2@XZ 100024b2 f i main.obj
 0001:000014b2       ?_Get_second@?$_Compressed_pair@U?$less@PAUlua_State@@@std@@V?$_Compressed_pair@U?$_Wrap_alloc@V?$allocator@U?$_Tree_node@U?$pair@QAUlua_State@@PAVILuaInterface@@@std@@PAX@std@@@std@@@std@@V?$_Tree_val@U?$_Tree_simple_types@U?$pair@QAUlua_State@@PAVILuaInterface@@@std@@@std@@@2@$00@2@$00@std@@QAEAAV?$_Compressed_pair@U?$_Wrap_alloc@V?$allocator@U?$_Tree_node@U?$pair@QAUlua_State@@PAVILuaInterface@@@std@@PAX@std@@@std@@@std@@V?$_Tree_val@U?$_Tree_simple_types@U?$pair@QAUlua_State@@PAVILuaInterface@@@std@@@std@@@2@$00@2@XZ 100024b2 f i ILuaModuleManager.obj
 0001:000014b2       ??0?$arg@$04@boost@@QAE@XZ 100024b2 f i main.obj
 0001:000014b2       ??0list0@_bi@boost@@QAE@XZ 100024b2 f i nav.obj
 0001:000014b2       ?_Get_second@?$_Compressed_pair@U?$_Wrap_alloc@V?$allocator@D@std@@@std@@V?$_String_val@U?$_Simple_types@D@std@@@2@$00@std@@QBEABV?$_String_val@U?$_Simple_types@D@std@@@2@XZ 100024b2 f i main.obj
 0001:000014b2       ?_Get_second@?$_Compressed_pair@U?$_Wrap_alloc@V?$allocator@U?$_Tree_node@U?$pair@QBXUtss_data_node@detail@boost@@@std@@PAX@std@@@std@@@std@@V?$_Tree_val@U?$_Tree_simple_types@U?$pair@QBXUtss_data_node@detail@boost@@@std@@@std@@@2@$00@std@@QBEABV?$_Tree_val@U?$_Tree_simple_types@U?$pair@QBXUtss_data_node@detail@boost@@@std@@@std@@@2@XZ 100024b2 f i nav.obj
 0001:000014b2       ?_Get_second@?$_Compressed_pair@U?$less@PAUlua_State@@@std@@V?$_Compressed_pair@U?$_Wrap_alloc@V?$allocator@U?$_Tree_node@U?$pair@QAUlua_State@@PAVILuaInterface@@@std@@PAX@std@@@std@@@std@@V?$_Tree_val@U?$_Tree_simple_types@U?$pair@QAUlua_State@@PAVILuaInterface@@@std@@@std@@@2@$00@2@$00@std@@QBEABV?$_Compressed_pair@U?$_Wrap_alloc@V?$allocator@U?$_Tree_node@U?$pair@QAUlua_State@@PAVILuaInterface@@@std@@PAX@std@@@std@@@std@@V?$_Tree_val@U?$_Tree_simple_types@U?$pair@QAUlua_State@@PAVILuaInterface@@@std@@@std@@@2@$00@2@XZ 100024b2 f i ILuaModuleManager.obj
 0001:000014b2       ?_Get_second@?$_Compressed_pair@U?$_Wrap_alloc@V?$allocator@U?$pair@PAVcondition_variable@boost@@PAVmutex@2@@std@@@std@@@std@@V?$_Vector_val@U?$_Simple_types@U?$pair@PAVcondition_variable@boost@@PAVmutex@2@@std@@@std@@@2@$00@std@@QAEAAV?$_Vector_val@U?$_Simple_types@U?$pair@PAVcondition_variable@boost@@PAVmutex@2@@std@@@std@@@2@XZ 100024b2 f i nav.obj
 0001:000014b2       ?get@?$value@PAVNav@@@_bi@boost@@QAEAAPAVNav@@XZ 100024b2 f i nav.obj
 0001:000014b2       ?_Get_first@?$_Compressed_pair@U?$_Wrap_alloc@V?$allocator@U?$pair@PAVcondition_variable@boost@@PAVmutex@2@@std@@@std@@@std@@V?$_Vector_val@U?$_Simple_types@U?$pair@PAVcondition_variable@boost@@PAVmutex@2@@std@@@std@@@2@$00@std@@QAEAAU?$_Wrap_alloc@V?$allocator@U?$pair@PAVcondition_variable@boost@@PAVmutex@2@@std@@@std@@@2@XZ 100024b2 f i nav.obj
 0001:000014b2       ??0?$allocator@U?$_Tree_node@U?$pair@QAUlua_State@@PAVILuaInterface@@@std@@PAX@std@@@std@@QAE@XZ 100024b2 f i ILuaModuleManager.obj
 0001:000014b2       ?_Get_second@?$_Compressed_pair@U?$less@PBX@std@@V?$_Compressed_pair@U?$_Wrap_alloc@V?$allocator@U?$_Tree_node@U?$pair@QBXUtss_data_node@detail@boost@@@std@@PAX@std@@@std@@@std@@V?$_Tree_val@U?$_Tree_simple_types@U?$pair@QBXUtss_data_node@detail@boost@@@std@@@std@@@2@$00@2@$00@std@@QAEAAV?$_Compressed_pair@U?$_Wrap_alloc@V?$allocator@U?$_Tree_node@U?$pair@QBXUtss_data_node@detail@boost@@@std@@PAX@std@@@std@@@std@@V?$_Tree_val@U?$_Tree_simple_types@U?$pair@QBXUtss_data_node@detail@boost@@@std@@@std@@@2@$00@2@XZ 100024b2 f i nav.obj
 0001:000014b2       ?_Get_second@?$_Compressed_pair@U?$_Wrap_alloc@V?$allocator@V?$shared_ptr@Ushared_state_base@detail@boost@@@boost@@@std@@@std@@V?$_Vector_val@U?$_Simple_types@V?$shared_ptr@Ushared_state_base@detail@boost@@@boost@@@std@@@2@$00@std@@QAEAAV?$_Vector_val@U?$_Simple_types@V?$shared_ptr@Ushared_state_base@detail@boost@@@boost@@@std@@@2@XZ 100024b2 f i nav.obj
 0001:000014b2       ?_Get_first@?$_Compressed_pair@U?$_Wrap_alloc@V?$allocator@V?$shared_ptr@Ushared_state_base@detail@boost@@@boost@@@std@@@std@@V?$_Vector_val@U?$_Simple_types@V?$shared_ptr@Ushared_state_base@detail@boost@@@boost@@@std@@@2@$00@std@@QAEAAU?$_Wrap_alloc@V?$allocator@V?$shared_ptr@Ushared_state_base@detail@boost@@@boost@@@std@@@2@XZ 100024b2 f i nav.obj
 0001:000014b2       ??0Vector@@QAE@XZ          100024b2 f i main.obj
 0001:000014b2       ??0?$allocator@U?$_Tree_node@U?$pair@QBXUtss_data_node@detail@boost@@@std@@PAX@std@@@std@@QAE@XZ 100024b2 f i nav.obj
 0001:000014b2       ??0?$arg@$03@boost@@QAE@XZ 100024b2 f i main.obj
 0001:000014b2       ?_Get_second@?$_Compressed_pair@U?$_Wrap_alloc@V?$allocator@U?$_Tree_node@U?$pair@QAUlua_State@@PAVILuaInterface@@@std@@PAX@std@@@std@@@std@@V?$_Tree_val@U?$_Tree_simple_types@U?$pair@QAUlua_State@@PAVILuaInterface@@@std@@@std@@@2@$00@std@@QAEAAV?$_Tree_val@U?$_Tree_simple_types@U?$pair@QAUlua_State@@PAVILuaInterface@@@std@@@std@@@2@XZ 100024b2 f i ILuaModuleManager.obj
 0001:000014b2       ?_Get_second@?$_Compressed_pair@U?$_Wrap_alloc@V?$allocator@U?$pair@PAVcondition_variable@boost@@PAVmutex@2@@std@@@std@@@std@@V?$_Vector_val@U?$_Simple_types@U?$pair@PAVcondition_variable@boost@@PAVmutex@2@@std@@@std@@@2@$00@std@@QBEABV?$_Vector_val@U?$_Simple_types@U?$pair@PAVcondition_variable@boost@@PAVmutex@2@@std@@@std@@@2@XZ 100024b2 f i nav.obj
 0001:000014b2       ?_Get_first@?$_Compressed_pair@U?$less@PAUlua_State@@@std@@V?$_Compressed_pair@U?$_Wrap_alloc@V?$allocator@U?$_Tree_node@U?$pair@QAUlua_State@@PAVILuaInterface@@@std@@PAX@std@@@std@@@std@@V?$_Tree_val@U?$_Tree_simple_types@U?$pair@QAUlua_State@@PAVILuaInterface@@@std@@@std@@@2@$00@2@$00@std@@QBEABU?$less@PAUlua_State@@@2@XZ 100024b2 f i ILuaModuleManager.obj
 0001:000014b2       ?_Get_second@?$_Compressed_pair@U?$_Wrap_alloc@V?$allocator@D@std@@@std@@V?$_String_val@U?$_Simple_types@D@std@@@2@$00@std@@QAEAAV?$_String_val@U?$_Simple_types@D@std@@@2@XZ 100024b2 f i main.obj
 0001:000014b2       ?_Get_first@?$_Compressed_pair@U?$_Wrap_alloc@V?$allocator@U?$_Tree_node@U?$pair@QBXUtss_data_node@detail@boost@@@std@@PAX@std@@@std@@@std@@V?$_Tree_val@U?$_Tree_simple_types@U?$pair@QBXUtss_data_node@detail@boost@@@std@@@std@@@2@$00@std@@QAEAAU?$_Wrap_alloc@V?$allocator@U?$_Tree_node@U?$pair@QBXUtss_data_node@detail@boost@@@std@@PAX@std@@@std@@@2@XZ 100024b2 f i nav.obj
 0001:000014b2       ??0?$allocator@D@std@@QAE@XZ 100024b2 f i main.obj
 0001:000014b2       ??0?$arg@$00@boost@@QAE@XZ 100024b2 f i main.obj
 0001:000014b2       ?_Get_first@?$_Compressed_pair@U?$_Wrap_alloc@V?$allocator@U?$pair@PAVcondition_variable@boost@@PAVmutex@2@@std@@@std@@@std@@V?$_Vector_val@U?$_Simple_types@U?$pair@PAVcondition_variable@boost@@PAVmutex@2@@std@@@std@@@2@$00@std@@QBEABU?$_Wrap_alloc@V?$allocator@U?$pair@PAVcondition_variable@boost@@PAVmutex@2@@std@@@std@@@2@XZ 100024b2 f i nav.obj
 0001:000014b2       ??0?$arg@$02@boost@@QAE@XZ 100024b2 f i main.obj
 0001:000014c0       ??0?$allocator@D@std@@QAE@ABV01@@Z 100024c0 f i nav.obj
 0001:000014c0       ??0?$tuple@$$V@std@@QAE@ABV01@@Z 100024c0 f i ILuaModuleManager.obj
 0001:000014c0       ??$?0U_Exact_args_t@std@@$0A@@?$tuple@$$V@std@@QAE@U_Exact_args_t@1@@Z 100024c0 f i ILuaModuleManager.obj
 0001:000014d0       ?_Allocate@std@@YAPAXII_N@Z 100024d0 f i ILuaModuleManager.obj
 0001:0000157d       ?_Deallocate@std@@YAXPAXII@Z 1000257d f i ILuaModuleManager.obj
 0001:0000160c       ?CreateInterface@ILuaModuleManager@@QAEXPAUlua_State@@@Z 1000260c f   ILuaModuleManager.obj
 0001:00001683       ?DestroyInterface@ILuaModuleManager@@QAEXPAUlua_State@@@Z 10002683 f   ILuaModuleManager.obj
 0001:000016d1       ??_GILuaInterface@@QAEPAXI@Z 100026d1 f i ILuaModuleManager.obj
 0001:000016fd       ?GetLuaInterface@ILuaModuleManager@@QAEPAVILuaInterface@@PAUlua_State@@@Z 100026fd f   ILuaModuleManager.obj
 0001:00001718       ??0ILuaModuleManager@@QAE@XZ 10002718 f i ILuaModuleManager.obj
 0001:0000172e       ?erase@?$_Tree@V?$_Tmap_traits@PAUlua_State@@PAVILuaInterface@@U?$less@PAUlua_State@@@std@@V?$allocator@U?$pair@QAUlua_State@@PAVILuaInterface@@@std@@@4@$0A@@std@@@std@@QAEIABQAUlua_State@@@Z 1000272e f i ILuaModuleManager.obj
 0001:00001783       ??A?$map@PAUlua_State@@PAVILuaInterface@@U?$less@PAUlua_State@@@std@@V?$allocator@U?$pair@QAUlua_State@@PAVILuaInterface@@@std@@@4@@std@@QAEAAPAVILuaInterface@@ABQAUlua_State@@@Z 10002783 f i ILuaModuleManager.obj
 0001:000017ab       ??0?$map@PAUlua_State@@PAVILuaInterface@@U?$less@PAUlua_State@@@std@@V?$allocator@U?$pair@QAUlua_State@@PAVILuaInterface@@@std@@@4@@std@@QAE@XZ 100027ab f i ILuaModuleManager.obj
 0001:000017c6       ??C?$_Tree_iterator@V?$_Tree_val@U?$_Tree_simple_types@U?$pair@QAUlua_State@@PAVILuaInterface@@@std@@@std@@@std@@@std@@QBEPAU?$pair@QAUlua_State@@PAVILuaInterface@@@1@XZ 100027c6 f i ILuaModuleManager.obj
 0001:000017e0       ?equal_range@?$_Tree@V?$_Tmap_traits@PAUlua_State@@PAVILuaInterface@@U?$less@PAUlua_State@@@std@@V?$allocator@U?$pair@QAUlua_State@@PAVILuaInterface@@@std@@@4@$0A@@std@@@std@@QAE?AU?$pair@V?$_Tree_iterator@V?$_Tree_val@U?$_Tree_simple_types@U?$pair@QAUlua_State@@PAVILuaInterface@@@std@@@std@@@std@@@std@@V12@@2@ABQAUlua_State@@@Z 100027e0 f i ILuaModuleManager.obj
 0001:000017fe       ?erase@?$_Tree@V?$_Tmap_traits@PAUlua_State@@PAVILuaInterface@@U?$less@PAUlua_State@@@std@@V?$allocator@U?$pair@QAUlua_State@@PAVILuaInterface@@@std@@@4@$0A@@std@@@std@@QAE?AV?$_Tree_iterator@V?$_Tree_val@U?$_Tree_simple_types@U?$pair@QAUlua_State@@PAVILuaInterface@@@std@@@std@@@std@@@2@V?$_Tree_const_iterator@V?$_Tree_val@U?$_Tree_simple_types@U?$pair@QAUlua_State@@PAVILuaInterface@@@std@@@std@@@std@@@2@0@Z 100027fe f i ILuaModuleManager.obj
 0001:000018a7       ??0?$_Tree@V?$_Tmap_traits@PAUlua_State@@PAVILuaInterface@@U?$less@PAUlua_State@@@std@@V?$allocator@U?$pair@QAUlua_State@@PAVILuaInterface@@@std@@@4@$0A@@std@@@std@@QAE@ABU?$less@PAUlua_State@@@1@@Z 100028a7 f i ILuaModuleManager.obj
 0001:000018c2       ?pointer_to@?$pointer_traits@PAU?$pair@QAUlua_State@@PAVILuaInterface@@@std@@@std@@SAPAU?$pair@QAUlua_State@@PAVILuaInterface@@@2@AAU32@@Z 100028c2 f i ILuaModuleManager.obj
 0001:000018d0       ??D?$_Tree_iterator@V?$_Tree_val@U?$_Tree_simple_types@U?$pair@QAUlua_State@@PAVILuaInterface@@@std@@@std@@@std@@@std@@QBEAAU?$pair@QAUlua_State@@PAVILuaInterface@@@1@XZ 100028d0 f i ILuaModuleManager.obj
 0001:000018e3       ??0?$_Tree_iterator@V?$_Tree_val@U?$_Tree_simple_types@U?$pair@QBXUtss_data_node@detail@boost@@@std@@@std@@@std@@@std@@QAE@PAU?$_Tree_node@U?$pair@QBXUtss_data_node@detail@boost@@@std@@PAX@1@PBV?$_Tree_val@U?$_Tree_simple_types@U?$pair@QBXUtss_data_node@detail@boost@@@std@@@std@@@1@@Z 100028e3 f i nav.obj
 0001:000018e3       ??0?$_Tree_iterator@V?$_Tree_val@U?$_Tree_simple_types@U?$pair@QAUlua_State@@PAVILuaInterface@@@std@@@std@@@std@@@std@@QAE@PAU?$_Tree_node@U?$pair@QAUlua_State@@PAVILuaInterface@@@std@@PAX@1@PBV?$_Tree_val@U?$_Tree_simple_types@U?$pair@QAUlua_State@@PAVILuaInterface@@@std@@@std@@@1@@Z 100028e3 f i ILuaModuleManager.obj
 0001:00001901       ??9?$_Tree_const_iterator@V?$_Tree_val@U?$_Tree_simple_types@U?$pair@QBXUtss_data_node@detail@boost@@@std@@@std@@@std@@@std@@QBE_NABV01@@Z 10002901 f i nav.obj
 0001:00001901       ??9?$_Tree_const_iterator@V?$_Tree_val@U?$_Tree_simple_types@U?$pair@QAUlua_State@@PAVILuaInterface@@@std@@@std@@@std@@@std@@QBE_NABV01@@Z 10002901 f i ILuaModuleManager.obj
 0001:00001931       ??8?$_Tree_const_iterator@V?$_Tree_val@U?$_Tree_simple_types@U?$pair@QBXUtss_data_node@detail@boost@@@std@@@std@@@std@@@std@@QBE_NABV01@@Z 10002931 f i nav.obj
 0001:00001931       ??8?$_Tree_const_iterator@V?$_Tree_val@U?$_Tree_simple_types@U?$pair@QAUlua_State@@PAVILuaInterface@@@std@@@std@@@std@@@std@@QBE_NABV01@@Z 10002931 f i ILuaModuleManager.obj
 0001:0000195b       ??E?$_Tree_const_iterator@V?$_Tree_val@U?$_Tree_simple_types@U?$pair@QAUlua_State@@PAVILuaInterface@@@std@@@std@@@std@@@std@@QAE?AV01@H@Z 1000295b f i ILuaModuleManager.obj
 0001:0000195b       ??E?$_Tree_const_iterator@V?$_Tree_val@U?$_Tree_simple_types@U?$pair@QBXUtss_data_node@detail@boost@@@std@@@std@@@std@@@std@@QAE?AV01@H@Z 1000295b f i nav.obj
 0001:00001984       ?_Myhead@?$_Tree_comp_alloc@V?$_Tmap_traits@PBXUtss_data_node@detail@boost@@U?$less@PBX@std@@V?$allocator@U?$pair@QBXUtss_data_node@detail@boost@@@std@@@5@$0A@@std@@@std@@QAEAAPAU?$_Tree_node@U?$pair@QBXUtss_data_node@detail@boost@@@std@@PAX@2@XZ 10002984 f i nav.obj
 0001:00001984       ?_Myhead@?$_Tree_comp_alloc@V?$_Tmap_traits@PBXUtss_data_node@detail@boost@@U?$less@PBX@std@@V?$allocator@U?$pair@QBXUtss_data_node@detail@boost@@@std@@@5@$0A@@std@@@std@@QBEABQAU?$_Tree_node@U?$pair@QBXUtss_data_node@detail@boost@@@std@@PAX@2@XZ 10002984 f i nav.obj
 0001:00001984       ?_Myhead@?$_Tree_comp_alloc@V?$_Tmap_traits@PAUlua_State@@PAVILuaInterface@@U?$less@PAUlua_State@@@std@@V?$allocator@U?$pair@QAUlua_State@@PAVILuaInterface@@@std@@@4@$0A@@std@@@std@@QBEABQAU?$_Tree_node@U?$pair@QAUlua_State@@PAVILuaInterface@@@std@@PAX@2@XZ 10002984 f i ILuaModuleManager.obj
 0001:00001984       ?_Myhead@?$_Tree_comp_alloc@V?$_Tmap_traits@PAUlua_State@@PAVILuaInterface@@U?$less@PAUlua_State@@@std@@V?$allocator@U?$pair@QAUlua_State@@PAVILuaInterface@@@std@@@4@$0A@@std@@@std@@QAEAAPAU?$_Tree_node@U?$pair@QAUlua_State@@PAVILuaInterface@@@std@@PAX@2@XZ 10002984 f i ILuaModuleManager.obj
 0001:00001997       ?_Getal@?$_Tree_comp_alloc@V?$_Tmap_traits@PAUlua_State@@PAVILuaInterface@@U?$less@PAUlua_State@@@std@@V?$allocator@U?$pair@QAUlua_State@@PAVILuaInterface@@@std@@@4@$0A@@std@@@std@@QBEABU?$_Wrap_alloc@V?$allocator@U?$_Tree_node@U?$pair@QAUlua_State@@PAVILuaInterface@@@std@@PAX@std@@@std@@@2@XZ 10002997 f i ILuaModuleManager.obj
 0001:00001997       ?_Get_data@?$_Tree_comp_alloc@V?$_Tmap_traits@PAUlua_State@@PAVILuaInterface@@U?$less@PAUlua_State@@@std@@V?$allocator@U?$pair@QAUlua_State@@PAVILuaInterface@@@std@@@4@$0A@@std@@@std@@QBEABV?$_Tree_val@U?$_Tree_simple_types@U?$pair@QAUlua_State@@PAVILuaInterface@@@std@@@std@@@2@XZ 10002997 f i ILuaModuleManager.obj
 0001:00001997       ?_Getal@?$_Tree_comp_alloc@V?$_Tmap_traits@PBXUtss_data_node@detail@boost@@U?$less@PBX@std@@V?$allocator@U?$pair@QBXUtss_data_node@detail@boost@@@std@@@5@$0A@@std@@@std@@QAEAAU?$_Wrap_alloc@V?$allocator@U?$_Tree_node@U?$pair@QBXUtss_data_node@detail@boost@@@std@@PAX@std@@@std@@@2@XZ 10002997 f i nav.obj
 0001:00001997       ?_Get_data@?$_Tree_comp_alloc@V?$_Tmap_traits@PAUlua_State@@PAVILuaInterface@@U?$less@PAUlua_State@@@std@@V?$allocator@U?$pair@QAUlua_State@@PAVILuaInterface@@@std@@@4@$0A@@std@@@std@@QAEAAV?$_Tree_val@U?$_Tree_simple_types@U?$pair@QAUlua_State@@PAVILuaInterface@@@std@@@std@@@2@XZ 10002997 f i ILuaModuleManager.obj
 0001:00001997       ?_Get_data@?$_Tree_comp_alloc@V?$_Tmap_traits@PBXUtss_data_node@detail@boost@@U?$less@PBX@std@@V?$allocator@U?$pair@QBXUtss_data_node@detail@boost@@@std@@@5@$0A@@std@@@std@@QAEAAV?$_Tree_val@U?$_Tree_simple_types@U?$pair@QBXUtss_data_node@detail@boost@@@std@@@std@@@2@XZ 10002997 f i nav.obj
 0001:00001997       ?_Getal@?$_Tree_comp_alloc@V?$_Tmap_traits@PAUlua_State@@PAVILuaInterface@@U?$less@PAUlua_State@@@std@@V?$allocator@U?$pair@QAUlua_State@@PAVILuaInterface@@@std@@@4@$0A@@std@@@std@@QAEAAU?$_Wrap_alloc@V?$allocator@U?$_Tree_node@U?$pair@QAUlua_State@@PAVILuaInterface@@@std@@PAX@std@@@std@@@2@XZ 10002997 f i ILuaModuleManager.obj
 0001:00001997       ?_Get_data@?$_Tree_comp_alloc@V?$_Tmap_traits@PBXUtss_data_node@detail@boost@@U?$less@PBX@std@@V?$allocator@U?$pair@QBXUtss_data_node@detail@boost@@@std@@@5@$0A@@std@@@std@@QBEABV?$_Tree_val@U?$_Tree_simple_types@U?$pair@QBXUtss_data_node@detail@boost@@@std@@@std@@@2@XZ 10002997 f i nav.obj
 0001:000019b1       ??0?$_Tree_comp_alloc@V?$_Tmap_traits@PAUlua_State@@PAVILuaInterface@@U?$less@PAUlua_State@@@std@@V?$allocator@U?$pair@QAUlua_State@@PAVILuaInterface@@@std@@@4@$0A@@std@@@std@@QAE@ABU?$less@PAUlua_State@@@1@@Z 100029b1 f i ILuaModuleManager.obj
 0001:000019dd       ?clear@?$_Tree@V?$_Tmap_traits@PAUlua_State@@PAVILuaInterface@@U?$less@PAUlua_State@@@std@@V?$allocator@U?$pair@QAUlua_State@@PAVILuaInterface@@@std@@@4@$0A@@std@@@std@@QAEXXZ 100029dd f i ILuaModuleManager.obj
 0001:00001a73       ?erase@?$_Tree@V?$_Tmap_traits@PAUlua_State@@PAVILuaInterface@@U?$less@PAUlua_State@@@std@@V?$allocator@U?$pair@QAUlua_State@@PAVILuaInterface@@@std@@@4@$0A@@std@@@std@@QAE?AV?$_Tree_iterator@V?$_Tree_val@U?$_Tree_simple_types@U?$pair@QAUlua_State@@PAVILuaInterface@@@std@@@std@@@std@@@2@V?$_Tree_const_iterator@V?$_Tree_val@U?$_Tree_simple_types@U?$pair@QAUlua_State@@PAVILuaInterface@@@std@@@std@@@std@@@2@@Z 10002a73 f i ILuaModuleManager.obj
 0001:000020d0       ?end@?$_Tree@V?$_Tmap_traits@PBXUtss_data_node@detail@boost@@U?$less@PBX@std@@V?$allocator@U?$pair@QBXUtss_data_node@detail@boost@@@std@@@5@$0A@@std@@@std@@QAE?AV?$_Tree_iterator@V?$_Tree_val@U?$_Tree_simple_types@U?$pair@QBXUtss_data_node@detail@boost@@@std@@@std@@@std@@@2@XZ 100030d0 f i nav.obj
 0001:000020d0       ?end@?$_Tree@V?$_Tmap_traits@PAUlua_State@@PAVILuaInterface@@U?$less@PAUlua_State@@@std@@V?$allocator@U?$pair@QAUlua_State@@PAVILuaInterface@@@std@@@4@$0A@@std@@@std@@QAE?AV?$_Tree_iterator@V?$_Tree_val@U?$_Tree_simple_types@U?$pair@QAUlua_State@@PAVILuaInterface@@@std@@@std@@@std@@@2@XZ 100030d0 f i ILuaModuleManager.obj
 0001:00002125       ?begin@?$_Tree@V?$_Tmap_traits@PBXUtss_data_node@detail@boost@@U?$less@PBX@std@@V?$allocator@U?$pair@QBXUtss_data_node@detail@boost@@@std@@@5@$0A@@std@@@std@@QAE?AV?$_Tree_iterator@V?$_Tree_val@U?$_Tree_simple_types@U?$pair@QBXUtss_data_node@detail@boost@@@std@@@std@@@std@@@2@XZ 10003125 f i nav.obj
 0001:00002125       ?begin@?$_Tree@V?$_Tmap_traits@PAUlua_State@@PAVILuaInterface@@U?$less@PAUlua_State@@@std@@V?$allocator@U?$pair@QAUlua_State@@PAVILuaInterface@@@std@@@4@$0A@@std@@@std@@QAE?AV?$_Tree_iterator@V?$_Tree_val@U?$_Tree_simple_types@U?$pair@QAUlua_State@@PAVILuaInterface@@@std@@@std@@@std@@@2@XZ 10003125 f i ILuaModuleManager.obj
 0001:0000217a       ?Base@?$CUtlMemory@U?$UtlLinkedListElem_t@UGroundSeedSpot@@H@@H@@QAEPAU?$UtlLinkedListElem_t@UGroundSeedSpot@@H@@XZ 1000317a f i nav.obj
 0001:0000217a       ?Base@?$CUtlMemory@PAUJobInfo_t@@H@@QAEPAPAUJobInfo_t@@XZ 1000317a f i main.obj
 0001:0000217a       ?value@error_code@system@boost@@QBEHXZ 1000317a f i nav.obj
 0001:0000217a       ?_Mynode@?$_Tree_unchecked_const_iterator@V?$_Tree_val@U?$_Tree_simple_types@U?$pair@QAUlua_State@@PAVILuaInterface@@@std@@@std@@@std@@U_Iterator_base0@2@@std@@QBEPAU?$_Tree_node@U?$pair@QAUlua_State@@PAVILuaInterface@@@std@@PAX@2@XZ 1000317a f i ILuaModuleManager.obj
 0001:0000217a       ?_Mynode@?$_Tree_unchecked_const_iterator@V?$_Tree_val@U?$_Tree_simple_types@U?$pair@QBXUtss_data_node@detail@boost@@@std@@@std@@@std@@U_Iterator_base0@2@@std@@QBEPAU?$_Tree_node@U?$pair@QBXUtss_data_node@detail@boost@@@std@@PAX@2@XZ 1000317a f i nav.obj
 0001:0000217a       ?Base@?$CUtlMemory@PAVNode@@H@@QAEPAPAVNode@@XZ 1000317a f i main.obj
 0001:0000217a       ?Base@?$CUtlMemory@U?$UtlLinkedListElem_t@UAirSeedSpot@@H@@H@@QAEPAU?$UtlLinkedListElem_t@UAirSeedSpot@@H@@XZ 1000317a f i nav.obj
 0001:0000217a       ?get@?$refcount_ptr@Uerror_info_container@exception_detail@boost@@@exception_detail@boost@@QBEPAUerror_info_container@23@XZ 1000317a f i main.obj
 0001:0000217a       ?as_number@?$int_adapter@I@date_time@boost@@QBEIXZ 1000317a f i main.obj
 0001:0000217a       ?day_number@date@gregorian@boost@@QBEIXZ 1000317a f i main.obj
 0001:0000218a       ??E?$_Tree_const_iterator@V?$_Tree_val@U?$_Tree_simple_types@U?$pair@QBXUtss_data_node@detail@boost@@@std@@@std@@@std@@@std@@QAEAAV01@XZ 1000318a f i nav.obj
 0001:0000218a       ??E?$_Tree_const_iterator@V?$_Tree_val@U?$_Tree_simple_types@U?$pair@QAUlua_State@@PAVILuaInterface@@@std@@@std@@@std@@@std@@QAEAAV01@XZ 1000318a f i ILuaModuleManager.obj
 0001:000021a0       ??D?$_Tree_const_iterator@V?$_Tree_val@U?$_Tree_simple_types@U?$pair@QAUlua_State@@PAVILuaInterface@@@std@@@std@@@std@@@std@@QBEABU?$pair@QAUlua_State@@PAVILuaInterface@@@1@XZ 100031a0 f i ILuaModuleManager.obj
 0001:000021b6       ??0?$_Tree_const_iterator@V?$_Tree_val@U?$_Tree_simple_types@U?$pair@QBXUtss_data_node@detail@boost@@@std@@@std@@@std@@@std@@QAE@PAU?$_Tree_node@U?$pair@QBXUtss_data_node@detail@boost@@@std@@PAX@1@PBV?$_Tree_val@U?$_Tree_simple_types@U?$pair@QBXUtss_data_node@detail@boost@@@std@@@std@@@1@@Z 100031b6 f i nav.obj
 0001:000021b6       ??0?$_Tree_const_iterator@V?$_Tree_val@U?$_Tree_simple_types@U?$pair@QAUlua_State@@PAVILuaInterface@@@std@@@std@@@std@@@std@@QAE@PAU?$_Tree_node@U?$pair@QAUlua_State@@PAVILuaInterface@@@std@@PAX@1@PBV?$_Tree_val@U?$_Tree_simple_types@U?$pair@QAUlua_State@@PAVILuaInterface@@@std@@@std@@@1@@Z 100031b6 f i ILuaModuleManager.obj
 0001:000021d4       ?deallocate@?$_Wrap_alloc@V?$allocator@U?$_Tree_node@U?$pair@QAUlua_State@@PAVILuaInterface@@@std@@PAX@std@@@std@@@std@@QAEXPAU?$_Tree_node@U?$pair@QAUlua_State@@PAVILuaInterface@@@std@@PAX@2@I@Z 100031d4 f i ILuaModuleManager.obj
 0001:000021ef       ?_Mysize@?$_Tree_comp_alloc@V?$_Tmap_traits@PAUlua_State@@PAVILuaInterface@@U?$less@PAUlua_State@@@std@@V?$allocator@U?$pair@QAUlua_State@@PAVILuaInterface@@@std@@@4@$0A@@std@@@std@@QAEAAIXZ 100031ef f i ILuaModuleManager.obj
 0001:000021ef       ?_Mysize@?$_Tree_comp_alloc@V?$_Tmap_traits@PBXUtss_data_node@detail@boost@@U?$less@PBX@std@@V?$allocator@U?$pair@QBXUtss_data_node@detail@boost@@@std@@@5@$0A@@std@@@std@@QAEAAIXZ 100031ef f i nav.obj
 0001:000021ef       ?_Mysize@?$_Tree_comp_alloc@V?$_Tmap_traits@PAUlua_State@@PAVILuaInterface@@U?$less@PAUlua_State@@@std@@V?$allocator@U?$pair@QAUlua_State@@PAVILuaInterface@@@std@@@4@$0A@@std@@@std@@QBEABIXZ 100031ef f i ILuaModuleManager.obj
 0001:00002205       ?_Construct@?$_Tree_comp_alloc@V?$_Tmap_traits@PAUlua_State@@PAVILuaInterface@@U?$less@PAUlua_State@@@std@@V?$allocator@U?$pair@QAUlua_State@@PAVILuaInterface@@@std@@@4@$0A@@std@@@std@@QAEXXZ 10003205 f i ILuaModuleManager.obj
 0001:00002226       ?_Min@?$_Tree_comp_alloc@V?$_Tmap_traits@PAUlua_State@@PAVILuaInterface@@U?$less@PAUlua_State@@@std@@V?$allocator@U?$pair@QAUlua_State@@PAVILuaInterface@@@std@@@4@$0A@@std@@@std@@SAPAU?$_Tree_node@U?$pair@QAUlua_State@@PAVILuaInterface@@@std@@PAX@2@PAU32@@Z 10003226 f i ILuaModuleManager.obj
 0001:00002226       ?_Min@?$_Tree_comp_alloc@V?$_Tmap_traits@PBXUtss_data_node@detail@boost@@U?$less@PBX@std@@V?$allocator@U?$pair@QBXUtss_data_node@detail@boost@@@std@@@5@$0A@@std@@@std@@SAPAU?$_Tree_node@U?$pair@QBXUtss_data_node@detail@boost@@@std@@PAX@2@PAU32@@Z 10003226 f i nav.obj
 0001:00002234       ?_Max@?$_Tree_comp_alloc@V?$_Tmap_traits@PAUlua_State@@PAVILuaInterface@@U?$less@PAUlua_State@@@std@@V?$allocator@U?$pair@QAUlua_State@@PAVILuaInterface@@@std@@@4@$0A@@std@@@std@@SAPAU?$_Tree_node@U?$pair@QAUlua_State@@PAVILuaInterface@@@std@@PAX@2@PAU32@@Z 10003234 f i ILuaModuleManager.obj
 0001:00002234       ?_Max@?$_Tree_comp_alloc@V?$_Tmap_traits@PBXUtss_data_node@detail@boost@@U?$less@PBX@std@@V?$allocator@U?$pair@QBXUtss_data_node@detail@boost@@@std@@@5@$0A@@std@@@std@@SAPAU?$_Tree_node@U?$pair@QBXUtss_data_node@detail@boost@@@std@@PAX@2@PAU32@@Z 10003234 f i nav.obj
 0001:00002242       ?_Myval@?$_Tree_comp_alloc@V?$_Tmap_traits@PAUlua_State@@PAVILuaInterface@@U?$less@PAUlua_State@@@std@@V?$allocator@U?$pair@QAUlua_State@@PAVILuaInterface@@@std@@@4@$0A@@std@@@std@@SAAAU?$pair@QAUlua_State@@PAVILuaInterface@@@2@PAU?$_Tree_node@U?$pair@QAUlua_State@@PAVILuaInterface@@@std@@PAX@2@@Z 10003242 f i ILuaModuleManager.obj
 0001:00002242       ?_Myval@?$_Tree_comp_alloc@V?$_Tmap_traits@PBXUtss_data_node@detail@boost@@U?$less@PBX@std@@V?$allocator@U?$pair@QBXUtss_data_node@detail@boost@@@std@@@5@$0A@@std@@@std@@SAAAU?$pair@QBXUtss_data_node@detail@boost@@@2@PAU?$_Tree_node@U?$pair@QBXUtss_data_node@detail@boost@@@std@@PAX@2@@Z 10003242 f i nav.obj
 0001:00002250       ?_Right@?$_Tree_comp_alloc@V?$_Tmap_traits@PBXUtss_data_node@detail@boost@@U?$less@PBX@std@@V?$allocator@U?$pair@QBXUtss_data_node@detail@boost@@@std@@@5@$0A@@std@@@std@@SAAAPAU?$_Tree_node@U?$pair@QBXUtss_data_node@detail@boost@@@std@@PAX@2@PAU32@@Z 10003250 f i nav.obj
 0001:00002250       ?_Right@?$_Tree_comp_alloc@V?$_Tmap_traits@PAUlua_State@@PAVILuaInterface@@U?$less@PAUlua_State@@@std@@V?$allocator@U?$pair@QAUlua_State@@PAVILuaInterface@@@std@@@4@$0A@@std@@@std@@SAAAPAU?$_Tree_node@U?$pair@QAUlua_State@@PAVILuaInterface@@@std@@PAX@2@PAU32@@Z 10003250 f i ILuaModuleManager.obj
 0001:0000225e       ?_Parent@?$_Tree_comp_alloc@V?$_Tmap_traits@PAUlua_State@@PAVILuaInterface@@U?$less@PAUlua_State@@@std@@V?$allocator@U?$pair@QAUlua_State@@PAVILuaInterface@@@std@@@4@$0A@@std@@@std@@SAAAPAU?$_Tree_node@U?$pair@QAUlua_State@@PAVILuaInterface@@@std@@PAX@2@PAU32@@Z 1000325e f i ILuaModuleManager.obj
 0001:0000225e       ?_Parent@?$_Tree_comp_alloc@V?$_Tmap_traits@PBXUtss_data_node@detail@boost@@U?$less@PBX@std@@V?$allocator@U?$pair@QBXUtss_data_node@detail@boost@@@std@@@5@$0A@@std@@@std@@SAAAPAU?$_Tree_node@U?$pair@QBXUtss_data_node@detail@boost@@@std@@PAX@2@PAU32@@Z 1000325e f i nav.obj
 0001:0000226c       ?_Left@?$_Tree_comp_alloc@V?$_Tmap_traits@PBXUtss_data_node@detail@boost@@U?$less@PBX@std@@V?$allocator@U?$pair@QBXUtss_data_node@detail@boost@@@std@@@5@$0A@@std@@@std@@SAAAPAU?$_Tree_node@U?$pair@QBXUtss_data_node@detail@boost@@@std@@PAX@2@PAU32@@Z 1000326c f i nav.obj
 0001:0000226c       ?_Left@?$_Tree_comp_alloc@V?$_Tmap_traits@PAUlua_State@@PAVILuaInterface@@U?$less@PAUlua_State@@@std@@V?$allocator@U?$pair@QAUlua_State@@PAVILuaInterface@@@std@@@4@$0A@@std@@@std@@SAAAPAU?$_Tree_node@U?$pair@QAUlua_State@@PAVILuaInterface@@@std@@PAX@2@PAU32@@Z 1000326c f i ILuaModuleManager.obj
 0001:0000227a       ?_Isnil@?$_Tree_comp_alloc@V?$_Tmap_traits@PBXUtss_data_node@detail@boost@@U?$less@PBX@std@@V?$allocator@U?$pair@QBXUtss_data_node@detail@boost@@@std@@@5@$0A@@std@@@std@@SAAADPAU?$_Tree_node@U?$pair@QBXUtss_data_node@detail@boost@@@std@@PAX@2@@Z 1000327a f i nav.obj
 0001:0000227a       ?_Isnil@?$_Tree_comp_alloc@V?$_Tmap_traits@PAUlua_State@@PAVILuaInterface@@U?$less@PAUlua_State@@@std@@V?$allocator@U?$pair@QAUlua_State@@PAVILuaInterface@@@std@@@4@$0A@@std@@@std@@SAAADPAU?$_Tree_node@U?$pair@QAUlua_State@@PAVILuaInterface@@@std@@PAX@2@@Z 1000327a f i ILuaModuleManager.obj
 0001:00002288       ?_Color@?$_Tree_comp_alloc@V?$_Tmap_traits@PBXUtss_data_node@detail@boost@@U?$less@PBX@std@@V?$allocator@U?$pair@QBXUtss_data_node@detail@boost@@@std@@@5@$0A@@std@@@std@@SAAADPAU?$_Tree_node@U?$pair@QBXUtss_data_node@detail@boost@@@std@@PAX@2@@Z 10003288 f i nav.obj
 0001:00002288       ?_Color@?$_Tree_comp_alloc@V?$_Tmap_traits@PAUlua_State@@PAVILuaInterface@@U?$less@PAUlua_State@@@std@@V?$allocator@U?$pair@QAUlua_State@@PAVILuaInterface@@@std@@@4@$0A@@std@@@std@@SAAADPAU?$_Tree_node@U?$pair@QAUlua_State@@PAVILuaInterface@@@std@@PAX@2@@Z 10003288 f i ILuaModuleManager.obj
 0001:00002296       ?_Rrotate@?$_Tree@V?$_Tmap_traits@PAUlua_State@@PAVILuaInterface@@U?$less@PAUlua_State@@@std@@V?$allocator@U?$pair@QAUlua_State@@PAVILuaInterface@@@std@@@4@$0A@@std@@@std@@IAEXPAU?$_Tree_node@U?$pair@QAUlua_State@@PAVILuaInterface@@@std@@PAX@2@@Z 10003296 f i ILuaModuleManager.obj
 0001:00002296       ?_Rrotate@?$_Tree@V?$_Tmap_traits@PBXUtss_data_node@detail@boost@@U?$less@PBX@std@@V?$allocator@U?$pair@QBXUtss_data_node@detail@boost@@@std@@@5@$0A@@std@@@std@@IAEXPAU?$_Tree_node@U?$pair@QBXUtss_data_node@detail@boost@@@std@@PAX@2@@Z 10003296 f i nav.obj
 0001:00002392       ?_Root@?$_Tree@V?$_Tmap_traits@PAUlua_State@@PAVILuaInterface@@U?$less@PAUlua_State@@@std@@V?$allocator@U?$pair@QAUlua_State@@PAVILuaInterface@@@std@@@4@$0A@@std@@@std@@IBEAAPAU?$_Tree_node@U?$pair@QAUlua_State@@PAVILuaInterface@@@std@@PAX@2@XZ 10003392 f i ILuaModuleManager.obj
 0001:00002392       ?_Root@?$_Tree@V?$_Tmap_traits@PBXUtss_data_node@detail@boost@@U?$less@PBX@std@@V?$allocator@U?$pair@QBXUtss_data_node@detail@boost@@@std@@@5@$0A@@std@@@std@@IBEAAPAU?$_Tree_node@U?$pair@QBXUtss_data_node@detail@boost@@@std@@PAX@2@XZ 10003392 f i nav.obj
 0001:000023ad       ?_Rmost@?$_Tree@V?$_Tmap_traits@PBXUtss_data_node@detail@boost@@U?$less@PBX@std@@V?$allocator@U?$pair@QBXUtss_data_node@detail@boost@@@std@@@5@$0A@@std@@@std@@IBEAAPAU?$_Tree_node@U?$pair@QBXUtss_data_node@detail@boost@@@std@@PAX@2@XZ 100033ad f i nav.obj
 0001:000023ad       ?_Rmost@?$_Tree@V?$_Tmap_traits@PAUlua_State@@PAVILuaInterface@@U?$less@PAUlua_State@@@std@@V?$allocator@U?$pair@QAUlua_State@@PAVILuaInterface@@@std@@@4@$0A@@std@@@std@@IBEAAPAU?$_Tree_node@U?$pair@QAUlua_State@@PAVILuaInterface@@@std@@PAX@2@XZ 100033ad f i ILuaModuleManager.obj
 0001:000023c8       ?_Lrotate@?$_Tree@V?$_Tmap_traits@PBXUtss_data_node@detail@boost@@U?$less@PBX@std@@V?$allocator@U?$pair@QBXUtss_data_node@detail@boost@@@std@@@5@$0A@@std@@@std@@IAEXPAU?$_Tree_node@U?$pair@QBXUtss_data_node@detail@boost@@@std@@PAX@2@@Z 100033c8 f i nav.obj
 0001:000023c8       ?_Lrotate@?$_Tree@V?$_Tmap_traits@PAUlua_State@@PAVILuaInterface@@U?$less@PAUlua_State@@@std@@V?$allocator@U?$pair@QAUlua_State@@PAVILuaInterface@@@std@@@4@$0A@@std@@@std@@IAEXPAU?$_Tree_node@U?$pair@QAUlua_State@@PAVILuaInterface@@@std@@PAX@2@@Z 100033c8 f i ILuaModuleManager.obj
 0001:000024c4       ?_Lmost@?$_Tree@V?$_Tmap_traits@PBXUtss_data_node@detail@boost@@U?$less@PBX@std@@V?$allocator@U?$pair@QBXUtss_data_node@detail@boost@@@std@@@5@$0A@@std@@@std@@IBEAAPAU?$_Tree_node@U?$pair@QBXUtss_data_node@detail@boost@@@std@@PAX@2@XZ 100034c4 f i nav.obj
 0001:000024c4       ?_Lmost@?$_Tree@V?$_Tmap_traits@PAUlua_State@@PAVILuaInterface@@U?$less@PAUlua_State@@@std@@V?$allocator@U?$pair@QAUlua_State@@PAVILuaInterface@@@std@@@4@$0A@@std@@@std@@IBEAAPAU?$_Tree_node@U?$pair@QAUlua_State@@PAVILuaInterface@@@std@@PAX@2@XZ 100034c4 f i ILuaModuleManager.obj
 0001:000024df       ?_Erase@?$_Tree@V?$_Tmap_traits@PAUlua_State@@PAVILuaInterface@@U?$less@PAUlua_State@@@std@@V?$allocator@U?$pair@QAUlua_State@@PAVILuaInterface@@@std@@@4@$0A@@std@@@std@@IAEXPAU?$_Tree_node@U?$pair@QAUlua_State@@PAVILuaInterface@@@std@@PAX@2@@Z 100034df f i ILuaModuleManager.obj
 0001:00002562       ??E?$_Tree_unchecked_const_iterator@V?$_Tree_val@U?$_Tree_simple_types@U?$pair@QAUlua_State@@PAVILuaInterface@@@std@@@std@@@std@@U_Iterator_base0@2@@std@@QAEAAV01@XZ 10003562 f i ILuaModuleManager.obj
 0001:00002562       ??E?$_Tree_unchecked_const_iterator@V?$_Tree_val@U?$_Tree_simple_types@U?$pair@QBXUtss_data_node@detail@boost@@@std@@@std@@@std@@U_Iterator_base0@2@@std@@QAEAAV01@XZ 10003562 f i nav.obj
 0001:000025fd       ??0?$_Tree_unchecked_const_iterator@V?$_Tree_val@U?$_Tree_simple_types@U?$pair@QAUlua_State@@PAVILuaInterface@@@std@@@std@@@std@@U_Iterator_base0@2@@std@@QAE@PAU?$_Tree_node@U?$pair@QAUlua_State@@PAVILuaInterface@@@std@@PAX@1@PBV?$_Tree_val@U?$_Tree_simple_types@U?$pair@QAUlua_State@@PAVILuaInterface@@@std@@@std@@@1@@Z 100035fd f i ILuaModuleManager.obj
 0001:000025fd       ??0?$_Tree_unchecked_const_iterator@V?$_Tree_val@U?$_Tree_simple_types@U?$pair@QBXUtss_data_node@detail@boost@@@std@@@std@@@std@@U_Iterator_base0@2@@std@@QAE@PAU?$_Tree_node@U?$pair@QBXUtss_data_node@detail@boost@@@std@@PAX@1@PBV?$_Tree_val@U?$_Tree_simple_types@U?$pair@QBXUtss_data_node@detail@boost@@@std@@@std@@@1@@Z 100035fd f i nav.obj
 0001:00002620       ?_Min@?$_Tree_val@U?$_Tree_simple_types@U?$pair@QBXUtss_data_node@detail@boost@@@std@@@std@@@std@@SAPAU?$_Tree_node@U?$pair@QBXUtss_data_node@detail@boost@@@std@@PAX@2@PAU32@@Z 10003620 f i nav.obj
 0001:00002620       ?_Min@?$_Tree_val@U?$_Tree_simple_types@U?$pair@QAUlua_State@@PAVILuaInterface@@@std@@@std@@@std@@SAPAU?$_Tree_node@U?$pair@QAUlua_State@@PAVILuaInterface@@@std@@PAX@2@PAU32@@Z 10003620 f i ILuaModuleManager.obj
 0001:00002650       ?_Max@?$_Tree_val@U?$_Tree_simple_types@U?$pair@QBXUtss_data_node@detail@boost@@@std@@@std@@@std@@SAPAU?$_Tree_node@U?$pair@QBXUtss_data_node@detail@boost@@@std@@PAX@2@PAU32@@Z 10003650 f i nav.obj
 0001:00002650       ?_Max@?$_Tree_val@U?$_Tree_simple_types@U?$pair@QAUlua_State@@PAVILuaInterface@@@std@@@std@@@std@@SAPAU?$_Tree_node@U?$pair@QAUlua_State@@PAVILuaInterface@@@std@@PAX@2@PAU32@@Z 10003650 f i ILuaModuleManager.obj
 0001:00002680       ?_Myval@?$_Tree_val@U?$_Tree_simple_types@U?$pair@QBXUtss_data_node@detail@boost@@@std@@@std@@@std@@SAAAU?$pair@QBXUtss_data_node@detail@boost@@@2@PAU?$_Tree_node@U?$pair@QBXUtss_data_node@detail@boost@@@std@@PAX@2@@Z 10003680 f i nav.obj
 0001:00002680       ?_Myval@?$_Tree_val@U?$_Tree_simple_types@U?$pair@QAUlua_State@@PAVILuaInterface@@@std@@@std@@@std@@SAAAU?$pair@QAUlua_State@@PAVILuaInterface@@@2@PAU?$_Tree_node@U?$pair@QAUlua_State@@PAVILuaInterface@@@std@@PAX@2@@Z 10003680 f i ILuaModuleManager.obj
 0001:0000268b       ?_Right@?$_Tree_val@U?$_Tree_simple_types@U?$pair@QBXUtss_data_node@detail@boost@@@std@@@std@@@std@@SAAAPAU?$_Tree_node@U?$pair@QBXUtss_data_node@detail@boost@@@std@@PAX@2@PAU32@@Z 1000368b f i nav.obj
 0001:0000268b       ?_Right@?$_Tree_val@U?$_Tree_simple_types@U?$pair@QAUlua_State@@PAVILuaInterface@@@std@@@std@@@std@@SAAAPAU?$_Tree_node@U?$pair@QAUlua_State@@PAVILuaInterface@@@std@@PAX@2@PAU32@@Z 1000368b f i ILuaModuleManager.obj
 0001:00002696       ?_Parent@?$_Tree_val@U?$_Tree_simple_types@U?$pair@QBXUtss_data_node@detail@boost@@@std@@@std@@@std@@SAAAPAU?$_Tree_node@U?$pair@QBXUtss_data_node@detail@boost@@@std@@PAX@2@PAU32@@Z 10003696 f i nav.obj
 0001:00002696       ?_Parent@?$_Tree_val@U?$_Tree_simple_types@U?$pair@QAUlua_State@@PAVILuaInterface@@@std@@@std@@@std@@SAAAPAU?$_Tree_node@U?$pair@QAUlua_State@@PAVILuaInterface@@@std@@PAX@2@PAU32@@Z 10003696 f i ILuaModuleManager.obj
 0001:000026a1       ??$forward@AAU?$pair@QAUlua_State@@PAVILuaInterface@@@std@@@std@@YAAAU?$pair@QAUlua_State@@PAVILuaInterface@@@0@AAU10@@Z 100036a1 f i ILuaModuleManager.obj
 0001:000026a1       ??$_Addressof@PAU?$_Tree_node@U?$pair@QAUlua_State@@PAVILuaInterface@@@std@@PAX@std@@@std@@YAPAPAU?$_Tree_node@U?$pair@QAUlua_State@@PAVILuaInterface@@@std@@PAX@0@AAPAU10@U?$integral_constant@_N$0A@@0@@Z 100036a1 f i ILuaModuleManager.obj
 0001:000026a1       ??$forward@V?$tuple@ABQAUlua_State@@@std@@@std@@YA$$QAV?$tuple@ABQAUlua_State@@@0@AAV10@@Z 100036a1 f i ILuaModuleManager.obj
 0001:000026a1       ??$forward@V?$bind_t@XV?$mf3@XVNav@@PAUJobInfo_t@@PAVNode@@PAV3@@_mfi@boost@@V?$list4@V?$value@PAVNav@@@_bi@boost@@V?$value@PAUJobInfo_t@@@23@V?$value@PAVNode@@@23@V523@@_bi@3@@_bi@boost@@@boost@@YA$$QAV?$bind_t@XV?$mf3@XVNav@@PAUJobInfo_t@@PAVNode@@PAV3@@_mfi@boost@@V?$list4@V?$value@PAVNav@@@_bi@boost@@V?$value@PAUJobInfo_t@@@23@V?$value@PAVNode@@@23@V523@@_bi@3@@_bi@0@AAV120@@Z 100036a1 f i nav.obj
 0001:000026a1       ??$move@AAU?$_Wrap_alloc@V?$allocator@D@std@@@std@@@std@@YA$$QAU?$_Wrap_alloc@V?$allocator@D@std@@@0@AAU10@@Z 100036a1 f i nav.obj
 0001:000026a1       ??$forward@AAPAVcondition_variable@boost@@@std@@YAAAPAVcondition_variable@boost@@AAPAV12@@Z 100036a1 f i nav.obj
 0001:000026a1       ??$move@AAV?$tuple@ABQAUlua_State@@@std@@@std@@YA$$QAV?$tuple@ABQAUlua_State@@@0@AAV10@@Z 100036a1 f i ILuaModuleManager.obj
 0001:000026a1       ??$forward@ABU?$less@PBX@std@@@std@@YAABU?$less@PBX@0@ABU10@@Z 100036a1 f i nav.obj
 0001:000026a1       ??$forward@U?$_Wrap_alloc@V?$allocator@D@std@@@std@@@std@@YA$$QAU?$_Wrap_alloc@V?$allocator@D@std@@@0@AAU10@@Z 100036a1 f i nav.obj
 0001:000026a1       ??$forward@V?$tuple@$$V@std@@@std@@YA$$QAV?$tuple@$$V@0@AAV10@@Z 100036a1 f i ILuaModuleManager.obj
 0001:000026a1       ??$_Unchecked@PAU?$pair@PAVcondition_variable@boost@@PAVmutex@2@@std@@@std@@YAPAU?$pair@PAVcondition_variable@boost@@PAVmutex@2@@0@PAU10@@Z 100036a1 f i nav.obj
 0001:000026a1       ??$_Addressof@U?$pair@PAVcondition_variable@boost@@PAVmutex@2@@std@@@std@@YAPAU?$pair@PAVcondition_variable@boost@@PAVmutex@2@@0@AAU10@U?$integral_constant@_N$0A@@0@@Z 100036a1 f i nav.obj
 0001:000026a1       ??$_Addressof@V?$shared_ptr@Ushared_state_base@detail@boost@@@boost@@@std@@YAPAV?$shared_ptr@Ushared_state_base@detail@boost@@@boost@@AAV12@U?$integral_constant@_N$0A@@0@@Z 100036a1 f i nav.obj
 0001:000026a1       ?_Left@?$_Tree_val@U?$_Tree_simple_types@U?$pair@QBXUtss_data_node@detail@boost@@@std@@@std@@@std@@SAAAPAU?$_Tree_node@U?$pair@QBXUtss_data_node@detail@boost@@@std@@PAX@2@PAU32@@Z 100036a1 f i nav.obj
 0001:000026a1       ??$_Addressof@PAU?$_Tree_node@U?$pair@QBXUtss_data_node@detail@boost@@@std@@PAX@std@@@std@@YAPAPAU?$_Tree_node@U?$pair@QBXUtss_data_node@detail@boost@@@std@@PAX@0@AAPAU10@U?$integral_constant@_N$0A@@0@@Z 100036a1 f i nav.obj
 0001:000026a1       ??$forward@ABU?$less@PAUlua_State@@@std@@@std@@YAABU?$less@PAUlua_State@@@0@ABU10@@Z 100036a1 f i ILuaModuleManager.obj
 0001:000026a1       ??$forward@_N@std@@YA$$QA_NAA_N@Z 100036a1 f i ILuaModuleManager.obj
 0001:000026a1       ??$forward@V?$_Tree_iterator@V?$_Tree_val@U?$_Tree_simple_types@U?$pair@QAUlua_State@@PAVILuaInterface@@@std@@@std@@@std@@@std@@@std@@YA$$QAV?$_Tree_iterator@V?$_Tree_val@U?$_Tree_simple_types@U?$pair@QAUlua_State@@PAVILuaInterface@@@std@@@std@@@std@@@0@AAV10@@Z 100036a1 f i ILuaModuleManager.obj
 0001:000026a1       ??$forward@V?$allocator@D@std@@@std@@YA$$QAV?$allocator@D@0@AAV10@@Z 100036a1 f i nav.obj
 0001:000026a1       ??$_Addressof@U?$pair@QAUlua_State@@PAVILuaInterface@@@std@@@std@@YAPAU?$pair@QAUlua_State@@PAVILuaInterface@@@0@AAU10@U?$integral_constant@_N$0A@@0@@Z 100036a1 f i ILuaModuleManager.obj
 0001:000026a1       ??$_Addressof@U?$pair@QBXUtss_data_node@detail@boost@@@std@@@std@@YAPAU?$pair@QBXUtss_data_node@detail@boost@@@0@AAU10@U?$integral_constant@_N$0A@@0@@Z 100036a1 f i nav.obj
 0001:000026a1       ??$move@AAU?$pair@PAVcondition_variable@boost@@PAVmutex@2@@std@@@std@@YA$$QAU?$pair@PAVcondition_variable@boost@@PAVmutex@2@@0@AAU10@@Z 100036a1 f i nav.obj
 0001:000026a1       ??$forward@AAPAU?$_Tree_node@U?$pair@QBXUtss_data_node@detail@boost@@@std@@PAX@std@@@std@@YAAAPAU?$_Tree_node@U?$pair@QBXUtss_data_node@detail@boost@@@std@@PAX@0@AAPAU10@@Z 100036a1 f i nav.obj
 0001:000026a1       ??$forward@AAV?$_Tree_const_iterator@V?$_Tree_val@U?$_Tree_simple_types@U?$pair@QAUlua_State@@PAVILuaInterface@@@std@@@std@@@std@@@std@@@std@@YAAAV?$_Tree_const_iterator@V?$_Tree_val@U?$_Tree_simple_types@U?$pair@QAUlua_State@@PAVILuaInterface@@@std@@@std@@@std@@@0@AAV10@@Z 100036a1 f i ILuaModuleManager.obj
 0001:000026a1       ?unwrap@?$unwrapper@V?$mf3@XVNav@@PAUJobInfo_t@@PAVNode@@PAV3@@_mfi@boost@@@_bi@boost@@SAAAV?$mf3@XVNav@@PAUJobInfo_t@@PAVNode@@PAV3@@_mfi@3@AAV453@J@Z 100036a1 f i nav.obj
 0001:000026a1       ??$forward@AAV?$_Tree_iterator@V?$_Tree_val@U?$_Tree_simple_types@U?$pair@QAUlua_State@@PAVILuaInterface@@@std@@@std@@@std@@@std@@@std@@YAAAV?$_Tree_iterator@V?$_Tree_val@U?$_Tree_simple_types@U?$pair@QAUlua_State@@PAVILuaInterface@@@std@@@std@@@std@@@0@AAV10@@Z 100036a1 f i ILuaModuleManager.obj
 0001:000026a1       ??$forward@ABUpiecewise_construct_t@std@@@std@@YAABUpiecewise_construct_t@0@ABU10@@Z 100036a1 f i ILuaModuleManager.obj
 0001:000026a1       ??$_Kfn@QAUlua_State@@PAVILuaInterface@@@?$_Tmap_traits@PAUlua_State@@PAVILuaInterface@@U?$less@PAUlua_State@@@std@@V?$allocator@U?$pair@QAUlua_State@@PAVILuaInterface@@@std@@@4@$0A@@std@@SAABQAUlua_State@@ABU?$pair@QAUlua_State@@PAVILuaInterface@@@1@@Z 100036a1 f i ILuaModuleManager.obj
 0001:000026a1       ??$forward@ABQAUlua_State@@@std@@YAABQAUlua_State@@ABQAU1@@Z 100036a1 f i ILuaModuleManager.obj
 0001:000026a1       ??$move@AAD@std@@YA$$QADAAD@Z 100036a1 f i ILuaModuleManager.obj
 0001:000026a1       ??$forward@AAPAU?$_Tree_node@U?$pair@QAUlua_State@@PAVILuaInterface@@@std@@PAX@std@@@std@@YAAAPAU?$_Tree_node@U?$pair@QAUlua_State@@PAVILuaInterface@@@std@@PAX@0@AAPAU10@@Z 100036a1 f i ILuaModuleManager.obj
 0001:000026a1       ??$_Addressof@D@std@@YAPADAADU?$integral_constant@_N$0A@@0@@Z 100036a1 f i main.obj
 0001:000026a1       ??$forward@U?$pair@PAVcondition_variable@boost@@PAVmutex@2@@std@@@std@@YA$$QAU?$pair@PAVcondition_variable@boost@@PAVmutex@2@@0@AAU10@@Z 100036a1 f i nav.obj
 0001:000026a1       ??$forward@V?$bind_t@XV?$mf1@XVNav@@PA_N@_mfi@boost@@V?$list2@V?$value@PAVNav@@@_bi@boost@@V?$value@PA_N@23@@_bi@3@@_bi@boost@@@boost@@YA$$QAV?$bind_t@XV?$mf1@XVNav@@PA_N@_mfi@boost@@V?$list2@V?$value@PAVNav@@@_bi@boost@@V?$value@PA_N@23@@_bi@3@@_bi@0@AAV120@@Z 100036a1 f i nav.obj
 0001:000026a1       ?unwrap@?$unwrapper@V?$mf1@XVNav@@PA_N@_mfi@boost@@@_bi@boost@@SAAAV?$mf1@XVNav@@PA_N@_mfi@3@AAV453@J@Z 100036a1 f i nav.obj
 0001:000026a1       ??$forward@AAPAD@std@@YAAAPADAAPAD@Z 100036a1 f i main.obj
 0001:000026a1       ??$forward@AAPAVmutex@boost@@@std@@YAAAPAVmutex@boost@@AAPAV12@@Z 100036a1 f i nav.obj
 0001:000026a1       ??$forward@U_Zero_then_variadic_args_t@std@@@std@@YA$$QAU_Zero_then_variadic_args_t@0@AAU10@@Z 100036a1 f i ILuaModuleManager.obj
 0001:000026a1       ?_Left@?$_Tree_val@U?$_Tree_simple_types@U?$pair@QAUlua_State@@PAVILuaInterface@@@std@@@std@@@std@@SAAAPAU?$_Tree_node@U?$pair@QAUlua_State@@PAVILuaInterface@@@std@@PAX@2@PAU32@@Z 100036a1 f i ILuaModuleManager.obj
 0001:000026a9       ?_Isnil@?$_Tree_val@U?$_Tree_simple_types@U?$pair@QBXUtss_data_node@detail@boost@@@std@@@std@@@std@@SAAADPAU?$_Tree_node@U?$pair@QBXUtss_data_node@detail@boost@@@std@@PAX@2@@Z 100036a9 f i nav.obj
 0001:000026a9       ?_Isnil@?$_Tree_val@U?$_Tree_simple_types@U?$pair@QAUlua_State@@PAVILuaInterface@@@std@@@std@@@std@@SAAADPAU?$_Tree_node@U?$pair@QAUlua_State@@PAVILuaInterface@@@std@@PAX@2@@Z 100036a9 f i ILuaModuleManager.obj
 0001:000026b4       ?_Color@?$_Tree_val@U?$_Tree_simple_types@U?$pair@QBXUtss_data_node@detail@boost@@@std@@@std@@@std@@SAAADPAU?$_Tree_node@U?$pair@QBXUtss_data_node@detail@boost@@@std@@PAX@2@@Z 100036b4 f i nav.obj
 0001:000026b4       ?_Color@?$_Tree_val@U?$_Tree_simple_types@U?$pair@QAUlua_State@@PAVILuaInterface@@@std@@@std@@@std@@SAAADPAU?$_Tree_node@U?$pair@QAUlua_State@@PAVILuaInterface@@@std@@PAX@2@@Z 100036b4 f i ILuaModuleManager.obj
 0001:000026bf       ?deallocate@?$allocator@U?$_Tree_node@U?$pair@QAUlua_State@@PAVILuaInterface@@@std@@PAX@std@@@std@@QAEXPAU?$_Tree_node@U?$pair@QAUlua_State@@PAVILuaInterface@@@std@@PAX@2@I@Z 100036bf f i ILuaModuleManager.obj
 0001:000026dc       ?_Buyheadnode@?$_Tree_comp_alloc@V?$_Tmap_traits@PAUlua_State@@PAVILuaInterface@@U?$less@PAUlua_State@@@std@@V?$allocator@U?$pair@QAUlua_State@@PAVILuaInterface@@@std@@@4@$0A@@std@@@std@@QAEPAU?$_Tree_node@U?$pair@QAUlua_State@@PAVILuaInterface@@@std@@PAX@2@XZ 100036dc f i ILuaModuleManager.obj
 0001:000027fa       ?allocate@?$_Wrap_alloc@V?$allocator@U?$_Tree_node@U?$pair@QAUlua_State@@PAVILuaInterface@@@std@@PAX@std@@@std@@@std@@QAEPAU?$_Tree_node@U?$pair@QAUlua_State@@PAVILuaInterface@@@std@@PAX@2@I@Z 100037fa f i ILuaModuleManager.obj
 0001:00002812       ?allocate@?$allocator@U?$_Tree_node@U?$pair@QAUlua_State@@PAVILuaInterface@@@std@@PAX@std@@@std@@QAEPAU?$_Tree_node@U?$pair@QAUlua_State@@PAVILuaInterface@@@std@@PAX@2@I@Z 10003812 f i ILuaModuleManager.obj
 0001:0000282e       ??$_Distance@V?$_Tree_iterator@V?$_Tree_val@U?$_Tree_simple_types@U?$pair@QAUlua_State@@PAVILuaInterface@@@std@@@std@@@std@@@std@@I@std@@YAXV?$_Tree_iterator@V?$_Tree_val@U?$_Tree_simple_types@U?$pair@QAUlua_State@@PAVILuaInterface@@@std@@@std@@@std@@@0@0AAI@Z 1000382e f i ILuaModuleManager.obj
 0001:0000285c       ??$try_emplace@$$V@?$map@PAUlua_State@@PAVILuaInterface@@U?$less@PAUlua_State@@@std@@V?$allocator@U?$pair@QAUlua_State@@PAVILuaInterface@@@std@@@4@@std@@QAE?AU?$pair@V?$_Tree_iterator@V?$_Tree_val@U?$_Tree_simple_types@U?$pair@QAUlua_State@@PAVILuaInterface@@@std@@@std@@@std@@@std@@_N@1@ABQAUlua_State@@@Z 1000385c f i ILuaModuleManager.obj
 0001:0000287a       ??$_Eqrange@PAUlua_State@@@?$_Tree@V?$_Tmap_traits@PAUlua_State@@PAVILuaInterface@@U?$less@PAUlua_State@@@std@@V?$allocator@U?$pair@QAUlua_State@@PAVILuaInterface@@@std@@@4@$0A@@std@@@std@@IAE?AU?$pair@V?$_Tree_iterator@V?$_Tree_val@U?$_Tree_simple_types@U?$pair@QAUlua_State@@PAVILuaInterface@@@std@@@std@@@std@@@std@@V12@@1@ABQAUlua_State@@@Z 1000387a f i ILuaModuleManager.obj
 0001:000028d3       ??$addressof@U?$pair@QAUlua_State@@PAVILuaInterface@@@std@@@std@@YAPAU?$pair@QAUlua_State@@PAVILuaInterface@@@0@AAU10@@Z 100038d3 f i ILuaModuleManager.obj
 0001:000028d3       ??$addressof@U?$pair@QBXUtss_data_node@detail@boost@@@std@@@std@@YAPAU?$pair@QBXUtss_data_node@detail@boost@@@0@AAU10@@Z 100038d3 f i nav.obj
 0001:000028d3       ??$addressof@V?$shared_ptr@Ushared_state_base@detail@boost@@@boost@@@std@@YAPAV?$shared_ptr@Ushared_state_base@detail@boost@@@boost@@AAV12@@Z 100038d3 f i nav.obj
 0001:000028d3       ??$addressof@U?$pair@PAVcondition_variable@boost@@PAVmutex@2@@std@@@std@@YAPAU?$pair@PAVcondition_variable@boost@@PAVmutex@2@@0@AAU10@@Z 100038d3 f i nav.obj
 0001:000028d3       ??$addressof@PAU?$_Tree_node@U?$pair@QBXUtss_data_node@detail@boost@@@std@@PAX@std@@@std@@YAPAPAU?$_Tree_node@U?$pair@QBXUtss_data_node@detail@boost@@@std@@PAX@0@AAPAU10@@Z 100038d3 f i nav.obj
 0001:000028d3       ??$addressof@PAU?$_Tree_node@U?$pair@QAUlua_State@@PAVILuaInterface@@@std@@PAX@std@@@std@@YAPAPAU?$_Tree_node@U?$pair@QAUlua_State@@PAVILuaInterface@@@std@@PAX@0@AAPAU10@@Z 100038d3 f i ILuaModuleManager.obj
 0001:000028d3       ??$addressof@D@std@@YAPADAAD@Z 100038d3 f i main.obj
 0001:000028e8       ??$destroy@PAD@?$_Wrap_alloc@V?$allocator@D@std@@@std@@QAEXPAPAD@Z 100038e8 f i main.obj
 0001:000028e8       ??$destroy@U?$pair@PAVcondition_variable@boost@@PAVmutex@2@@std@@@?$_Wrap_alloc@V?$allocator@U?$pair@PAVcondition_variable@boost@@PAVmutex@2@@std@@@std@@@std@@QAEXPAU?$pair@PAVcondition_variable@boost@@PAVmutex@2@@1@@Z 100038e8 f i nav.obj
 0001:000028e8       ??$destroy@PAU?$_Tree_node@U?$pair@QAUlua_State@@PAVILuaInterface@@@std@@PAX@std@@@?$_Wrap_alloc@V?$allocator@U?$_Tree_node@U?$pair@QAUlua_State@@PAVILuaInterface@@@std@@PAX@std@@@std@@@std@@QAEXPAPAU?$_Tree_node@U?$pair@QAUlua_State@@PAVILuaInterface@@@std@@PAX@1@@Z 100038e8 f i ILuaModuleManager.obj
 0001:000028e8       ??$destroy@U?$pair@QAUlua_State@@PAVILuaInterface@@@std@@@?$_Wrap_alloc@V?$allocator@U?$_Tree_node@U?$pair@QAUlua_State@@PAVILuaInterface@@@std@@PAX@std@@@std@@@std@@QAEXPAU?$pair@QAUlua_State@@PAVILuaInterface@@@1@@Z 100038e8 f i ILuaModuleManager.obj
 0001:000028e8       ??$destroy@PAU?$_Tree_node@U?$pair@QBXUtss_data_node@detail@boost@@@std@@PAX@std@@@?$_Wrap_alloc@V?$allocator@U?$_Tree_node@U?$pair@QBXUtss_data_node@detail@boost@@@std@@PAX@std@@@std@@@std@@QAEXPAPAU?$_Tree_node@U?$pair@QBXUtss_data_node@detail@boost@@@std@@PAX@1@@Z 100038e8 f i nav.obj
 0001:00002902       ??$?0ABU?$less@PBX@std@@U_Zero_then_variadic_args_t@1@@?$_Compressed_pair@U?$less@PBX@std@@V?$_Compressed_pair@U?$_Wrap_alloc@V?$allocator@U?$_Tree_node@U?$pair@QBXUtss_data_node@detail@boost@@@std@@PAX@std@@@std@@@std@@V?$_Tree_val@U?$_Tree_simple_types@U?$pair@QBXUtss_data_node@detail@boost@@@std@@@std@@@2@$00@2@$00@std@@QAE@U_One_then_variadic_args_t@1@ABU?$less@PBX@1@$$QAU_Zero_then_variadic_args_t@1@@Z 10003902 f i nav.obj
 0001:00002902       ??$?0ABU?$less@PAUlua_State@@@std@@U_Zero_then_variadic_args_t@1@@?$_Compressed_pair@U?$less@PAUlua_State@@@std@@V?$_Compressed_pair@U?$_Wrap_alloc@V?$allocator@U?$_Tree_node@U?$pair@QAUlua_State@@PAVILuaInterface@@@std@@PAX@std@@@std@@@std@@V?$_Tree_val@U?$_Tree_simple_types@U?$pair@QAUlua_State@@PAVILuaInterface@@@std@@@std@@@2@$00@2@$00@std@@QAE@U_One_then_variadic_args_t@1@ABU?$less@PAUlua_State@@@1@$$QAU_Zero_then_variadic_args_t@1@@Z 10003902 f i ILuaModuleManager.obj
 0001:00002932       ??$swap@D@std@@YAXAAD0@Z   10003932 f i ILuaModuleManager.obj
 0001:00002969       ??$construct@PADAAPAD@?$_Wrap_alloc@V?$allocator@D@std@@@std@@QAEXPAPADAAPAD@Z 10003969 f i main.obj
 0001:00002969       ??$construct@PAU?$_Tree_node@U?$pair@QBXUtss_data_node@detail@boost@@@std@@PAX@std@@AAPAU12@@?$_Wrap_alloc@V?$allocator@U?$_Tree_node@U?$pair@QBXUtss_data_node@detail@boost@@@std@@PAX@std@@@std@@@std@@QAEXPAPAU?$_Tree_node@U?$pair@QBXUtss_data_node@detail@boost@@@std@@PAX@1@AAPAU21@@Z 10003969 f i nav.obj
 0001:00002969       ??$construct@PAU?$_Tree_node@U?$pair@QAUlua_State@@PAVILuaInterface@@@std@@PAX@std@@AAPAU12@@?$_Wrap_alloc@V?$allocator@U?$_Tree_node@U?$pair@QAUlua_State@@PAVILuaInterface@@@std@@PAX@std@@@std@@@std@@QAEXPAPAU?$_Tree_node@U?$pair@QAUlua_State@@PAVILuaInterface@@@std@@PAX@1@AAPAU21@@Z 10003969 f i ILuaModuleManager.obj
 0001:0000298e       ??$_Eqrange@PAUlua_State@@@?$_Tree@V?$_Tmap_traits@PAUlua_State@@PAVILuaInterface@@U?$less@PAUlua_State@@@std@@V?$allocator@U?$pair@QAUlua_State@@PAVILuaInterface@@@std@@@4@$0A@@std@@@std@@IBE?AU?$pair@V?$_Tree_const_iterator@V?$_Tree_val@U?$_Tree_simple_types@U?$pair@QAUlua_State@@PAVILuaInterface@@@std@@@std@@@std@@@std@@V12@@1@ABQAUlua_State@@@Z 1000398e f i ILuaModuleManager.obj
 0001:00002b2a       ??$_Iter_cat@V?$_Tree_iterator@V?$_Tree_val@U?$_Tree_simple_types@U?$pair@QAUlua_State@@PAVILuaInterface@@@std@@@std@@@std@@@std@@@std@@YA?AUbidirectional_iterator_tag@0@ABV?$_Tree_iterator@V?$_Tree_val@U?$_Tree_simple_types@U?$pair@QAUlua_State@@PAVILuaInterface@@@std@@@std@@@std@@@0@@Z 10003b2a f i ILuaModuleManager.obj
 0001:00002b39       ??$_Distance2@V?$_Tree_iterator@V?$_Tree_val@U?$_Tree_simple_types@U?$pair@QAUlua_State@@PAVILuaInterface@@@std@@@std@@@std@@@std@@I@std@@YAXV?$_Tree_iterator@V?$_Tree_val@U?$_Tree_simple_types@U?$pair@QAUlua_State@@PAVILuaInterface@@@std@@@std@@@std@@@0@0AAIUbidirectional_iterator_tag@0@@Z 10003b39 f i ILuaModuleManager.obj
 0001:00002b68       ??$_Try_emplace@ABQAUlua_State@@$$V@?$map@PAUlua_State@@PAVILuaInterface@@U?$less@PAUlua_State@@@std@@V?$allocator@U?$pair@QAUlua_State@@PAVILuaInterface@@@std@@@4@@std@@QAE?AU?$pair@V?$_Tree_iterator@V?$_Tree_val@U?$_Tree_simple_types@U?$pair@QAUlua_State@@PAVILuaInterface@@@std@@@std@@@std@@@std@@_N@1@ABQAUlua_State@@@Z 10003b68 f i ILuaModuleManager.obj
 0001:00002c37       ??$?0AAV?$_Tree_iterator@V?$_Tree_val@U?$_Tree_simple_types@U?$pair@QAUlua_State@@PAVILuaInterface@@@std@@@std@@@std@@@std@@AAV01@X$0A@@?$pair@V?$_Tree_iterator@V?$_Tree_val@U?$_Tree_simple_types@U?$pair@QAUlua_State@@PAVILuaInterface@@@std@@@std@@@std@@@std@@V12@@std@@QAE@AAV?$_Tree_iterator@V?$_Tree_val@U?$_Tree_simple_types@U?$pair@QAUlua_State@@PAVILuaInterface@@@std@@@std@@@std@@@1@0@Z 10003c37 f i ILuaModuleManager.obj
 0001:00002c37       ??$?0AAV?$_Tree_const_iterator@V?$_Tree_val@U?$_Tree_simple_types@U?$pair@QAUlua_State@@PAVILuaInterface@@@std@@@std@@@std@@@std@@AAV01@X$0A@@?$pair@V?$_Tree_const_iterator@V?$_Tree_val@U?$_Tree_simple_types@U?$pair@QAUlua_State@@PAVILuaInterface@@@std@@@std@@@std@@@std@@V12@@std@@QAE@AAV?$_Tree_const_iterator@V?$_Tree_val@U?$_Tree_simple_types@U?$pair@QAUlua_State@@PAVILuaInterface@@@std@@@std@@@std@@@1@0@Z 10003c37 f i ILuaModuleManager.obj
 0001:00002c68       ??$destroy@PAU?$_Tree_node@U?$pair@QAUlua_State@@PAVILuaInterface@@@std@@PAX@std@@@?$allocator_traits@V?$allocator@U?$_Tree_node@U?$pair@QAUlua_State@@PAVILuaInterface@@@std@@PAX@std@@@std@@@std@@SAXAAV?$allocator@U?$_Tree_node@U?$pair@QAUlua_State@@PAVILuaInterface@@@std@@PAX@std@@@1@PAPAU?$_Tree_node@U?$pair@QAUlua_State@@PAVILuaInterface@@@std@@PAX@1@@Z 10003c68 f i ILuaModuleManager.obj
 0001:00002c68       ??$destroy@U?$pair@QAUlua_State@@PAVILuaInterface@@@std@@@?$allocator_traits@V?$allocator@U?$_Tree_node@U?$pair@QAUlua_State@@PAVILuaInterface@@@std@@PAX@std@@@std@@@std@@SAXAAV?$allocator@U?$_Tree_node@U?$pair@QAUlua_State@@PAVILuaInterface@@@std@@PAX@std@@@1@PAU?$pair@QAUlua_State@@PAVILuaInterface@@@1@@Z 10003c68 f i ILuaModuleManager.obj
 0001:00002c68       ??$destroy@U?$pair@PAVcondition_variable@boost@@PAVmutex@2@@std@@@?$allocator_traits@V?$allocator@U?$pair@PAVcondition_variable@boost@@PAVmutex@2@@std@@@std@@@std@@SAXAAV?$allocator@U?$pair@PAVcondition_variable@boost@@PAVmutex@2@@std@@@1@PAU?$pair@PAVcondition_variable@boost@@PAVmutex@2@@1@@Z 10003c68 f i nav.obj
 0001:00002c68       ??$destroy@PAD@?$allocator_traits@V?$allocator@D@std@@@std@@SAXAAV?$allocator@D@1@PAPAD@Z 10003c68 f i main.obj
 0001:00002c68       ??$destroy@PAU?$_Tree_node@U?$pair@QBXUtss_data_node@detail@boost@@@std@@PAX@std@@@?$allocator_traits@V?$allocator@U?$_Tree_node@U?$pair@QBXUtss_data_node@detail@boost@@@std@@PAX@std@@@std@@@std@@SAXAAV?$allocator@U?$_Tree_node@U?$pair@QBXUtss_data_node@detail@boost@@@std@@PAX@std@@@1@PAPAU?$_Tree_node@U?$pair@QBXUtss_data_node@detail@boost@@@std@@PAX@1@@Z 10003c68 f i nav.obj
 0001:00002c78       ??$?0$$V@?$_Compressed_pair@U?$_Wrap_alloc@V?$allocator@U?$_Tree_node@U?$pair@QAUlua_State@@PAVILuaInterface@@@std@@PAX@std@@@std@@@std@@V?$_Tree_val@U?$_Tree_simple_types@U?$pair@QAUlua_State@@PAVILuaInterface@@@std@@@std@@@2@$00@std@@QAE@U_Zero_then_variadic_args_t@1@@Z 10003c78 f i ILuaModuleManager.obj
 0001:00002c78       ??$?0$$V@?$_Compressed_pair@U?$_Wrap_alloc@V?$allocator@U?$_Tree_node@U?$pair@QBXUtss_data_node@detail@boost@@@std@@PAX@std@@@std@@@std@@V?$_Tree_val@U?$_Tree_simple_types@U?$pair@QBXUtss_data_node@detail@boost@@@std@@@std@@@2@$00@std@@QAE@U_Zero_then_variadic_args_t@1@@Z 10003c78 f i nav.obj
 0001:00002c98       ??$construct@PADAAPAD@?$allocator_traits@V?$allocator@D@std@@@std@@SAXAAV?$allocator@D@1@PAPADAAPAD@Z 10003c98 f i main.obj
 0001:00002c98       ??$construct@PAU?$_Tree_node@U?$pair@QBXUtss_data_node@detail@boost@@@std@@PAX@std@@AAPAU12@@?$allocator_traits@V?$allocator@U?$_Tree_node@U?$pair@QBXUtss_data_node@detail@boost@@@std@@PAX@std@@@std@@@std@@SAXAAV?$allocator@U?$_Tree_node@U?$pair@QBXUtss_data_node@detail@boost@@@std@@PAX@std@@@1@PAPAU?$_Tree_node@U?$pair@QBXUtss_data_node@detail@boost@@@std@@PAX@1@AAPAU31@@Z 10003c98 f i nav.obj
 0001:00002c98       ??$construct@PAU?$_Tree_node@U?$pair@QAUlua_State@@PAVILuaInterface@@@std@@PAX@std@@AAPAU12@@?$allocator_traits@V?$allocator@U?$_Tree_node@U?$pair@QAUlua_State@@PAVILuaInterface@@@std@@PAX@std@@@std@@@std@@SAXAAV?$allocator@U?$_Tree_node@U?$pair@QAUlua_State@@PAVILuaInterface@@@std@@PAX@std@@@1@PAPAU?$_Tree_node@U?$pair@QAUlua_State@@PAVILuaInterface@@@std@@PAX@1@AAPAU31@@Z 10003c98 f i ILuaModuleManager.obj
 0001:00002cb2       ??E?$_Tree_iterator@V?$_Tree_val@U?$_Tree_simple_types@U?$pair@QAUlua_State@@PAVILuaInterface@@@std@@@std@@@std@@@std@@QAEAAV01@XZ 10003cb2 f i ILuaModuleManager.obj
 0001:00002cc8       ??0?$_Tree_val@U?$_Tree_simple_types@U?$pair@QAUlua_State@@PAVILuaInterface@@@std@@@std@@@std@@QAE@XZ 10003cc8 f i ILuaModuleManager.obj
 0001:00002cc8       ??0?$_Tree_val@U?$_Tree_simple_types@U?$pair@QBXUtss_data_node@detail@boost@@@std@@@std@@@std@@QAE@XZ 10003cc8 f i nav.obj
 0001:00002ce3       ??0?$_Wrap_alloc@V?$allocator@U?$_Tree_node@U?$pair@QAUlua_State@@PAVILuaInterface@@@std@@PAX@std@@@std@@@std@@QAE@XZ 10003ce3 f i ILuaModuleManager.obj
 0001:00002ce3       ??0?$_Wrap_alloc@V?$allocator@U?$_Tree_node@U?$pair@QBXUtss_data_node@detail@boost@@@std@@PAX@std@@@std@@@std@@QAE@XZ 10003ce3 f i nav.obj
 0001:00002ce3       ??0?$_Wrap_alloc@V?$allocator@V?$shared_ptr@Ushared_state_base@detail@boost@@@boost@@@std@@@std@@QAE@XZ 10003ce3 f i nav.obj
 0001:00002ce3       ??0?$_Wrap_alloc@V?$allocator@U?$pair@PAVcondition_variable@boost@@PAVmutex@2@@std@@@std@@@std@@QAE@XZ 10003ce3 f i nav.obj
 0001:00002ce3       ??0?$_Wrap_alloc@V?$allocator@D@std@@@std@@QAE@XZ 10003ce3 f i main.obj
 0001:00002ce3       ??0cplane_t@@QAE@XZ        10003ce3 f i nav.obj
 0001:00002ce3       ??0VectorAligned@@QAE@XZ   10003ce3 f i nav.obj
 0001:00002cf9       ?_Get_data@?$_Vector_alloc@U?$_Vec_base_types@U?$pair@PAVcondition_variable@boost@@PAVmutex@2@@std@@V?$allocator@U?$pair@PAVcondition_variable@boost@@PAVmutex@2@@std@@@2@@std@@@std@@QBEABV?$_Vector_val@U?$_Simple_types@U?$pair@PAVcondition_variable@boost@@PAVmutex@2@@std@@@std@@@2@XZ 10003cf9 f i nav.obj
 0001:00002cf9       ?_Getal@?$_Vector_alloc@U?$_Vec_base_types@V?$shared_ptr@Ushared_state_base@detail@boost@@@boost@@V?$allocator@V?$shared_ptr@Ushared_state_base@detail@boost@@@boost@@@std@@@std@@@std@@QAEAAU?$_Wrap_alloc@V?$allocator@V?$shared_ptr@Ushared_state_base@detail@boost@@@boost@@@std@@@2@XZ 10003cf9 f i nav.obj
 0001:00002cf9       ?_Get_data@?$_Vector_alloc@U?$_Vec_base_types@U?$pair@PAVcondition_variable@boost@@PAVmutex@2@@std@@V?$allocator@U?$pair@PAVcondition_variable@boost@@PAVmutex@2@@std@@@2@@std@@@std@@QAEAAV?$_Vector_val@U?$_Simple_types@U?$pair@PAVcondition_variable@boost@@PAVmutex@2@@std@@@std@@@2@XZ 10003cf9 f i nav.obj
 0001:00002cf9       ?_Getcomp@?$_Tree_comp_alloc@V?$_Tmap_traits@PAUlua_State@@PAVILuaInterface@@U?$less@PAUlua_State@@@std@@V?$allocator@U?$pair@QAUlua_State@@PAVILuaInterface@@@std@@@4@$0A@@std@@@std@@QAEAAU?$less@PAUlua_State@@@2@XZ 10003cf9 f i ILuaModuleManager.obj
 0001:00002cf9       ?_Getal@?$_String_alloc@U?$_String_base_types@DV?$allocator@D@std@@@std@@@std@@QBEABU?$_Wrap_alloc@V?$allocator@D@std@@@2@XZ 10003cf9 f i main.obj
 0001:00002cf9       ?_Getal@?$_String_alloc@U?$_String_base_types@DV?$allocator@D@std@@@std@@@std@@QAEAAU?$_Wrap_alloc@V?$allocator@D@std@@@2@XZ 10003cf9 f i main.obj
 0001:00002cf9       ?_Getal@?$_Vector_alloc@U?$_Vec_base_types@U?$pair@PAVcondition_variable@boost@@PAVmutex@2@@std@@V?$allocator@U?$pair@PAVcondition_variable@boost@@PAVmutex@2@@std@@@2@@std@@@std@@QBEABU?$_Wrap_alloc@V?$allocator@U?$pair@PAVcondition_variable@boost@@PAVmutex@2@@std@@@std@@@2@XZ 10003cf9 f i nav.obj
 0001:00002cf9       ?_Get_data@?$_String_alloc@U?$_String_base_types@DV?$allocator@D@std@@@std@@@std@@QBEABV?$_String_val@U?$_Simple_types@D@std@@@2@XZ 10003cf9 f i main.obj
 0001:00002cf9       ?_Get_data@?$_String_alloc@U?$_String_base_types@DV?$allocator@D@std@@@std@@@std@@QAEAAV?$_String_val@U?$_Simple_types@D@std@@@2@XZ 10003cf9 f i main.obj
 0001:00002cf9       ?_Getcomp@?$_Tree_comp_alloc@V?$_Tmap_traits@PAUlua_State@@PAVILuaInterface@@U?$less@PAUlua_State@@@std@@V?$allocator@U?$pair@QAUlua_State@@PAVILuaInterface@@@std@@@4@$0A@@std@@@std@@QBEABU?$less@PAUlua_State@@@2@XZ 10003cf9 f i ILuaModuleManager.obj
 0001:00002cf9       ?_Getal@?$_Vector_alloc@U?$_Vec_base_types@U?$pair@PAVcondition_variable@boost@@PAVmutex@2@@std@@V?$allocator@U?$pair@PAVcondition_variable@boost@@PAVmutex@2@@std@@@2@@std@@@std@@QAEAAU?$_Wrap_alloc@V?$allocator@U?$pair@PAVcondition_variable@boost@@PAVmutex@2@@std@@@std@@@2@XZ 10003cf9 f i nav.obj
 0001:00002cf9       ?_Get_data@?$_Vector_alloc@U?$_Vec_base_types@V?$shared_ptr@Ushared_state_base@detail@boost@@@boost@@V?$allocator@V?$shared_ptr@Ushared_state_base@detail@boost@@@boost@@@std@@@std@@@std@@QAEAAV?$_Vector_val@U?$_Simple_types@V?$shared_ptr@Ushared_state_base@detail@boost@@@boost@@@std@@@2@XZ 10003cf9 f i nav.obj
 0001:00002d0c       ?_Key@?$_Tree@V?$_Tmap_traits@PAUlua_State@@PAVILuaInterface@@U?$less@PAUlua_State@@@std@@V?$allocator@U?$pair@QAUlua_State@@PAVILuaInterface@@@std@@@4@$0A@@std@@@std@@IBEABQAUlua_State@@PAU?$_Tree_node@U?$pair@QAUlua_State@@PAVILuaInterface@@@std@@PAX@2@@Z 10003d0c f i ILuaModuleManager.obj
 0001:00002d2b       ?lower_bound@?$_Tree@V?$_Tmap_traits@PAUlua_State@@PAVILuaInterface@@U?$less@PAUlua_State@@@std@@V?$allocator@U?$pair@QAUlua_State@@PAVILuaInterface@@@std@@@4@$0A@@std@@@std@@QAE?AV?$_Tree_iterator@V?$_Tree_val@U?$_Tree_simple_types@U?$pair@QAUlua_State@@PAVILuaInterface@@@std@@@std@@@std@@@2@ABQAUlua_State@@@Z 10003d2b f i ILuaModuleManager.obj
 0001:00002d58       ??R?$less@PAUlua_State@@@std@@QBE_NABQAUlua_State@@0@Z 10003d58 f i ILuaModuleManager.obj
 0001:00002d82       ?_Kfn@?$_Tree@V?$_Tmap_traits@PAUlua_State@@PAVILuaInterface@@U?$less@PAUlua_State@@@std@@V?$allocator@U?$pair@QAUlua_State@@PAVILuaInterface@@@std@@@4@$0A@@std@@@std@@IBEABQAUlua_State@@ABU?$pair@QAUlua_State@@PAVILuaInterface@@@2@@Z 10003d82 f i ILuaModuleManager.obj
 0001:00002d98       ??$forward_as_tuple@ABQAUlua_State@@@std@@YA?AV?$tuple@ABQAUlua_State@@@0@ABQAUlua_State@@@Z 10003d98 f i ILuaModuleManager.obj
 0001:00002dde       ??$forward_as_tuple@$$V@std@@YA?AV?$tuple@$$V@0@XZ 10003dde f i ILuaModuleManager.obj
 0001:00002dee       ??$emplace_hint@ABUpiecewise_construct_t@std@@V?$tuple@ABQAUlua_State@@@2@V?$tuple@$$V@2@@?$_Tree@V?$_Tmap_traits@PAUlua_State@@PAVILuaInterface@@U?$less@PAUlua_State@@@std@@V?$allocator@U?$pair@QAUlua_State@@PAVILuaInterface@@@std@@@4@$0A@@std@@@std@@QAE?AV?$_Tree_iterator@V?$_Tree_val@U?$_Tree_simple_types@U?$pair@QAUlua_State@@PAVILuaInterface@@@std@@@std@@@std@@@1@V?$_Tree_const_iterator@V?$_Tree_val@U?$_Tree_simple_types@U?$pair@QAUlua_State@@PAVILuaInterface@@@std@@@std@@@std@@@1@ABUpiecewise_construct_t@1@$$QAV?$tuple@ABQAUlua_State@@@1@$$QAV?$tuple@$$V@1@@Z 10003dee f i ILuaModuleManager.obj
 0001:00002e43       ??$?0AAV?$_Tree_iterator@V?$_Tree_val@U?$_Tree_simple_types@U?$pair@QAUlua_State@@PAVILuaInterface@@@std@@@std@@@std@@@std@@_NX$0A@@?$pair@V?$_Tree_iterator@V?$_Tree_val@U?$_Tree_simple_types@U?$pair@QAUlua_State@@PAVILuaInterface@@@std@@@std@@@std@@@std@@_N@std@@QAE@AAV?$_Tree_iterator@V?$_Tree_val@U?$_Tree_simple_types@U?$pair@QAUlua_State@@PAVILuaInterface@@@std@@@std@@@std@@@1@$$QA_N@Z 10003e43 f i ILuaModuleManager.obj
 0001:00002e43       ??$?0V?$_Tree_iterator@V?$_Tree_val@U?$_Tree_simple_types@U?$pair@QAUlua_State@@PAVILuaInterface@@@std@@@std@@@std@@@std@@_NX$0A@@?$pair@V?$_Tree_iterator@V?$_Tree_val@U?$_Tree_simple_types@U?$pair@QAUlua_State@@PAVILuaInterface@@@std@@@std@@@std@@@std@@_N@std@@QAE@$$QAV?$_Tree_iterator@V?$_Tree_val@U?$_Tree_simple_types@U?$pair@QAUlua_State@@PAVILuaInterface@@@std@@@std@@@std@@@1@$$QA_N@Z 10003e43 f i ILuaModuleManager.obj
 0001:00002e74       ??$construct@PAU?$_Tree_node@U?$pair@QAUlua_State@@PAVILuaInterface@@@std@@PAX@std@@AAPAU12@@?$allocator@U?$_Tree_node@U?$pair@QAUlua_State@@PAVILuaInterface@@@std@@PAX@std@@@std@@QAEXPAPAU?$_Tree_node@U?$pair@QAUlua_State@@PAVILuaInterface@@@std@@PAX@1@AAPAU21@@Z 10003e74 f i ILuaModuleManager.obj
 0001:00002e74       ??$construct@PADAAPAD@?$allocator@D@std@@QAEXPAPADAAPAD@Z 10003e74 f i main.obj
 0001:00002e74       ??$construct@PAU?$_Tree_node@U?$pair@QBXUtss_data_node@detail@boost@@@std@@PAX@std@@AAPAU12@@?$allocator@U?$_Tree_node@U?$pair@QBXUtss_data_node@detail@boost@@@std@@PAX@std@@@std@@QAEXPAPAU?$_Tree_node@U?$pair@QBXUtss_data_node@detail@boost@@@std@@PAX@1@AAPAU21@@Z 10003e74 f i nav.obj
 0001:00002eb4       ??$_Lbound@PAUlua_State@@@?$_Tree@V?$_Tmap_traits@PAUlua_State@@PAVILuaInterface@@U?$less@PAUlua_State@@@std@@V?$allocator@U?$pair@QAUlua_State@@PAVILuaInterface@@@std@@@4@$0A@@std@@@std@@IBEPAU?$_Tree_node@U?$pair@QAUlua_State@@PAVILuaInterface@@@std@@PAX@1@ABQAUlua_State@@@Z 10003eb4 f i ILuaModuleManager.obj
 0001:00002f34       ?_Compare@?$_Tree@V?$_Tmap_traits@PAUlua_State@@PAVILuaInterface@@U?$less@PAUlua_State@@@std@@V?$allocator@U?$pair@QAUlua_State@@PAVILuaInterface@@@std@@@4@$0A@@std@@@std@@IBE_NABQAUlua_State@@0@Z 10003f34 f i ILuaModuleManager.obj
 0001:00002f56       ??$?0ABQAUlua_State@@$0A@@?$tuple@ABQAUlua_State@@@std@@QAE@ABQAUlua_State@@@Z 10003f56 f i ILuaModuleManager.obj
 0001:00002f82       ??$_Buynode@ABUpiecewise_construct_t@std@@V?$tuple@ABQAUlua_State@@@2@V?$tuple@$$V@2@@?$_Tree_comp_alloc@V?$_Tmap_traits@PAUlua_State@@PAVILuaInterface@@U?$less@PAUlua_State@@@std@@V?$allocator@U?$pair@QAUlua_State@@PAVILuaInterface@@@std@@@4@$0A@@std@@@std@@QAEPAU?$_Tree_node@U?$pair@QAUlua_State@@PAVILuaInterface@@@std@@PAX@1@ABUpiecewise_construct_t@1@$$QAV?$tuple@ABQAUlua_State@@@1@$$QAV?$tuple@$$V@1@@Z 10003f82 f i ILuaModuleManager.obj
 0001:00003058       ??$_Insert_hint@AAU?$pair@QAUlua_State@@PAVILuaInterface@@@std@@PAU?$_Tree_node@U?$pair@QAUlua_State@@PAVILuaInterface@@@std@@PAX@2@@?$_Tree@V?$_Tmap_traits@PAUlua_State@@PAVILuaInterface@@U?$less@PAUlua_State@@@std@@V?$allocator@U?$pair@QAUlua_State@@PAVILuaInterface@@@std@@@4@$0A@@std@@@std@@IAE?AV?$_Tree_iterator@V?$_Tree_val@U?$_Tree_simple_types@U?$pair@QAUlua_State@@PAVILuaInterface@@@std@@@std@@@std@@@1@V?$_Tree_const_iterator@V?$_Tree_val@U?$_Tree_simple_types@U?$pair@QAUlua_State@@PAVILuaInterface@@@std@@@std@@@std@@@1@AAU?$pair@QAUlua_State@@PAVILuaInterface@@@1@PAU?$_Tree_node@U?$pair@QAUlua_State@@PAVILuaInterface@@@std@@PAX@1@@Z 10004058 f i ILuaModuleManager.obj
 0001:00003a1a       ??F?$_Tree_const_iterator@V?$_Tree_val@U?$_Tree_simple_types@U?$pair@QAUlua_State@@PAVILuaInterface@@@std@@@std@@@std@@@std@@QAEAAV01@XZ 10004a1a f i ILuaModuleManager.obj
 0001:00003a30       ??0?$_Tree_const_iterator@V?$_Tree_val@U?$_Tree_simple_types@U?$pair@QAUlua_State@@PAVILuaInterface@@@std@@@std@@@std@@@std@@QAE@XZ 10004a30 f i ILuaModuleManager.obj
 0001:00003a46       ?_Freenode0@?$_Tree_comp_alloc@V?$_Tmap_traits@PAUlua_State@@PAVILuaInterface@@U?$less@PAUlua_State@@@std@@V?$allocator@U?$pair@QAUlua_State@@PAVILuaInterface@@@std@@@4@$0A@@std@@@std@@QAEXPAU?$_Tree_node@U?$pair@QAUlua_State@@PAVILuaInterface@@@std@@PAX@2@@Z 10004a46 f i ILuaModuleManager.obj
 0001:00003ac7       ?_Buynode0@?$_Tree_comp_alloc@V?$_Tmap_traits@PAUlua_State@@PAVILuaInterface@@U?$less@PAUlua_State@@@std@@V?$allocator@U?$pair@QAUlua_State@@PAVILuaInterface@@@std@@@4@$0A@@std@@@std@@QAEPAU?$_Tree_node@U?$pair@QAUlua_State@@PAVILuaInterface@@@std@@PAX@2@XZ 10004ac7 f i ILuaModuleManager.obj
 0001:00003bdc       ?_Destroy_if_not_nil@?$_Tree@V?$_Tmap_traits@PAUlua_State@@PAVILuaInterface@@U?$less@PAUlua_State@@@std@@V?$allocator@U?$pair@QAUlua_State@@PAVILuaInterface@@@std@@@4@$0A@@std@@@std@@IAEXPAU?$_Tree_node@U?$pair@QAUlua_State@@PAVILuaInterface@@@std@@PAX@2@@Z 10004bdc f i ILuaModuleManager.obj
[...]
 0002:0000e8c0       __sehtable$??$?RV<lambda_5b71d36f03204c0beab531769a5b5694>@@AAV<lambda_be2b3da3f62db62e9dad5dc70221a656>@@V<lambda_8f9ce462984622f9bf76b59e2aaaf805>@@@?$__crt_seh_guarded_call@X@@QAEX$$QAV<lambda_5b71d36f03204c0beab531769a5b5694>@@AAV<lambda_be2b3da3f62db62e9dad5dc70221a656>@@$$QAV<lambda_8f9ce462984622f9bf76b59e2aaaf805>@@@Z 100448c0     libucrt:per_thread_data.obj
 0002:0000e8e0       __sehtable$___acrt_uninitialize_locale 100448e0     libucrt:wsetlocale.obj
 0002:0000e900       __sehtable$___acrt_initialize_lowio 10044900     libucrt:ioinit.obj
 0002:0000e920       __sehtable$?__acrt_stdio_allocate_stream@@YA?AV__crt_stdio_stream@@XZ 10044920     libucrt:stream.obj
 0002:0000e940       __sehtable$??$?RV<lambda_123407a5e2ac06da108355a851863b7a>@@AAV<lambda_2fe9b910cf3cbf4a0ab98a02ba45b3ec>@@V<lambda_ae55bdf541ad94d75914d381c370e64d>@@@?$__crt_seh_guarded_call@H@@QAEH$$QAV<lambda_123407a5e2ac06da108355a851863b7a>@@AAV<lambda_2fe9b910cf3cbf4a0ab98a02ba45b3ec>@@$$QAV<lambda_ae55bdf541ad94d75914d381c370e64d>@@@Z 10044940     libucrt:close.obj
 0002:0000e960       __sehtable$_common_flush_all 10044960     libucrt:fflush.obj
 0002:0000e988       __sehtable$__fcloseall     10044988     libucrt:closeall.obj
 0002:0000e9a8       __sehtable$___acrt_update_thread_multibyte_data 100449a8     libucrt:mbctype.obj
 0002:0000e9c8       __sehtable$??$?RV<lambda_978dc153c237d78434369da87b74ff60>@@AAV<lambda_ad1ced32f4ac17aa236e5ef05d6b3b7c>@@V<lambda_4a8533e2866a575feecb8298ce776b0d>@@@?$__crt_seh_guarded_call@X@@QAEX$$QAV<lambda_978dc153c237d78434369da87b74ff60>@@AAV<lambda_ad1ced32f4ac17aa236e5ef05d6b3b7c>@@$$QAV<lambda_4a8533e2866a575feecb8298ce776b0d>@@@Z 100449c8     libucrt:mbctype.obj
 0002:0000e9e8       __sehtable$_raise          100449e8     libucrt:signal.obj
 0002:0000ea08       __sehtable$??$?RV<lambda_a048d3beccc847880fc8490e18b82769>@@AAV<lambda_ec61778202f4f5fc7e7711acc23c3bca>@@V<lambda_f7496a158712204296dd6628a163878e>@@@?$__crt_seh_guarded_call@P6AXH@Z@@QAEP6AXH@Z$$QAV<lambda_a048d3beccc847880fc8490e18b82769>@@AAV<lambda_ec61778202f4f5fc7e7711acc23c3bca>@@$$QAV<lambda_f7496a158712204296dd6628a163878e>@@@Z 10044a08     libucrt:signal.obj
 0002:0000ea28       __sehtable$___acrt_update_thread_locale_data 10044a28     libucrt:locale_refcounting.obj
 0002:0000ea48       __sehtable$__alloc_osfhnd  10044a48     libucrt:osfinfo.obj
 0002:0000ea68       __sehtable$___acrt_lowio_ensure_fh_exists 10044a68     libucrt:osfinfo.obj
 0002:0000ea88       __sehtable$??$common_sopen_dispatch@D@@YAHQBDHHHQAHH@Z 10044a88     libucrt:open.obj
 0002:0000eaa8       __sehtable$??$?RV<lambda_61cee617f5178ae960314fd4d05640a0>@@AAV<lambda_6978c1fb23f02e42e1d9e99668cc68aa>@@V<lambda_9cd88cf8ad10232537feb2133f08c833>@@@?$__crt_seh_guarded_call@H@@QAEH$$QAV<lambda_61cee617f5178ae960314fd4d05640a0>@@AAV<lambda_6978c1fb23f02e42e1d9e99668cc68aa>@@$$QAV<lambda_9cd88cf8ad10232537feb2133f08c833>@@@Z 10044aa8     libucrt:commit.obj
 0002:0000eac8       __sehtable$__write         10044ac8     libucrt:write.obj
 0002:0000eae8       __sehtable$??$common_lseek@_J@@YA_JH_JH@Z 10044ae8     libucrt:lseek.obj
 0002:0000eb08       __sehtable$__read          10044b08     libucrt:read.obj
 0002:0000eb28       __sehtable$__IsNonwritableInCurrentImage 10044b28     LIBCMT:pesect.obj
 0002:0000ef70       .edata                     10044f70     gmsv_navigation_win32.exp
 0002:0000ef98       rgpv                       10044f98     gmsv_navigation_win32.exp
 0002:0000efa4       rgszName                   10044fa4     gmsv_navigation_win32.exp
 0002:0000efb0       rgwOrd                     10044fb0     gmsv_navigation_win32.exp
 0002:0000efb6       szName                     10044fb6     gmsv_navigation_win32.exp
 0002:0000efd0       $N00001                    10044fd0     gmsv_navigation_win32.exp
 0002:0000efe0       $N00002                    10044fe0     gmsv_navigation_win32.exp
 0002:0000efed       $N00003                    10044fed     gmsv_navigation_win32.exp
 0002:0000f26a       .idata$6                   1004526a     tier0:tier0.dll
 0002:0000f346       .idata$6                   10045346     kernel32:KERNEL32.dll
 0002:0000f8e0       .idata$6                   100458e0     advapi32:ADVAPI32.dll
 0003:00000024       ?system_category_const@?1??system_category@system@boost@@YAABVerror_category@23@XZ@4Vsystem_error_category@?A0x5c0157ab@23@B 10046024     libboost_system-vc140-mt-s-1_60:error_code.obj
 0003:00000028       ?generic_category_const@?1??generic_category@system@boost@@YAABVerror_category@23@XZ@4Vgeneric_error_category@?A0x5c0157ab@23@B 10046028     libboost_system-vc140-mt-s-1_60:error_code.obj
 0003:00000030       ?_Tlg_Microsoft_CRTProviderProv@@3U_TlgProvider_t@__vcrt_trace_logging_provider@@A 10046030     libvcruntime:telemetry.obj
 0003:00000070       ?__vcrt_flsindex@@3KA      10046070     libvcruntime:per_thread_data.obj
 0003:0000013c       _errno_no_memory           1004613c     libucrt:errno.obj
 0003:00000140       _doserrno_no_memory        10046140     libucrt:errno.obj
 0003:00000144       ___acrt_flsindex           10046144     libucrt:per_thread_data.obj
 0003:00000240       ___rgctypeflag             10046240     libucrt:mbctype.obj
 0003:00000248       ___rgcode_page_info        10046248     libucrt:mbctype.obj
 0003:000016a4       ?module_local_atexit_table@@3U_onexit_table_t@@A 100476a4     LIBCMT:utility.obj
 0003:000016b0       ?module_local_at_quick_exit_table@@3U_onexit_table_t@@A 100476b0     LIBCMT:utility.obj
 0003:000016bc       ?is_initialized_as_dll@@3_NA 100476bc     LIBCMT:utility.obj
 0003:000016c0       ?__proc_attached@@3HA      100476c0     LIBCMT:dll_dllmain.obj
 0003:000016c8       _GS_ExceptionRecord        100476c8     LIBCMT:gs_report.obj
 0003:00001718       _GS_ContextRecord          10047718     LIBCMT:gs_report.obj
 0003:00001a00       ?_2@placeholders@boost@@3U?$arg@$01@2@B 10047a00     libboost_thread-vc140-mt-s-1_60:thread.obj
 0003:00001a01       ?_4@placeholders@boost@@3U?$arg@$03@2@B 10047a01     libboost_thread-vc140-mt-s-1_60:thread.obj
 0003:00001a02       ?_8@placeholders@boost@@3U?$arg@$07@2@B 10047a02     libboost_thread-vc140-mt-s-1_60:thread.obj
 0003:00001a03       ?_3@placeholders@boost@@3U?$arg@$02@2@B 10047a03     libboost_thread-vc140-mt-s-1_60:thread.obj
 0003:00001a04       ?_1@placeholders@boost@@3U?$arg@$00@2@B 10047a04     libboost_thread-vc140-mt-s-1_60:thread.obj
 0003:00001a05       ?_7@placeholders@boost@@3U?$arg@$06@2@B 10047a05     libboost_thread-vc140-mt-s-1_60:thread.obj
 0003:00001a06       ?_6@placeholders@boost@@3U?$arg@$05@2@B 10047a06     libboost_thread-vc140-mt-s-1_60:thread.obj
 0003:00001a07       ?_5@placeholders@boost@@3U?$arg@$04@2@B 10047a07     libboost_thread-vc140-mt-s-1_60:thread.obj
 0003:00001a08       ?_9@placeholders@boost@@3U?$arg@$08@2@B 10047a08     libboost_thread-vc140-mt-s-1_60:thread.obj
 0003:00001a09       ?none@boost@@3Unone_t@1@B  10047a09     libboost_thread-vc140-mt-s-1_60:thread.obj
 0003:00001a1c       ?setwaitabletimerex_impl@?1??SetWaitableTimerEx@detail_@this_thread@boost@@YAP6GHPAXPBT_LARGE_INTEGER@@JP6GX0KK@Z0PAU_REASON_CONTEXT@234@K@ZXZ@4P6GH01J203K@ZA 10047a1c     libboost_thread-vc140-mt-s-1_60:thread.obj
 0003:00001a40       ?posix_category@system@boost@@3ABVerror_category@12@B 10047a40     libboost_system-vc140-mt-s-1_60:error_code.obj
 0003:00001a4c       ?native_ecat@system@boost@@3ABVerror_category@12@B 10047a4c     libboost_system-vc140-mt-s-1_60:error_code.obj
 0003:00001a50       ?errno_ecat@system@boost@@3ABVerror_category@12@B 10047a50     libboost_system-vc140-mt-s-1_60:error_code.obj
 0003:00001a54       ?unknown_err@?1??message@generic_error_category@?A0x5c0157ab@system@boost@@UBE?AV?$basic_string@DU?$char_traits@D@std@@V?$allocator@D@2@@std@@H@Z@4V67@A 10047a54     libboost_system-vc140-mt-s-1_60:error_code.obj
 0003:00001a6c       ?$TSS0@?1??message@generic_error_category@?A0x5c0157ab@system@boost@@UBE?AV?$basic_string@DU?$char_traits@D@std@@V?$allocator@D@2@@std@@H@Z@4HA 10047a6c     libboost_system-vc140-mt-s-1_60:error_code.obj
 0003:00001a70       ?$TSS0@?1??system_category@system@boost@@YAABVerror_category@23@XZ@4HA 10047a70     libboost_system-vc140-mt-s-1_60:error_code.obj
 0003:00001a74       ?$TSS0@?1??generic_category@system@boost@@YAABVerror_category@23@XZ@4HA 10047a74     libboost_system-vc140-mt-s-1_60:error_code.obj
 0003:00001a7c       ?__vcrt_startup_thread_ptd@@3U__vcrt_ptd@@A 10047a7c     libvcruntime:per_thread_data.obj
 0003:00001aa8       ___vcrt_lock_table         10047aa8     libvcruntime:locks.obj
 0003:00001ac0       ___vcrt_locks_initialized  10047ac0     libvcruntime:locks.obj
 0003:00001ac4       ?module_handles@@3PAPAUHINSTANCE__@@A 10047ac4     libvcruntime:winapi_downlevel.obj
 0003:00001ad4       ?encoded_function_pointers@@3PAPAXA 10047ad4     libvcruntime:winapi_downlevel.obj
 0003:00001b20       ?heap@@3V_HeapManager@@A   10047b20     libvcruntime:undname.obj
 0003:00001b34       ___acrt_invalid_parameter_handler 10047b34     libucrt:invalid_parameter.obj
 0003:00001b44       ___acrt_new_handler        10047b44     libucrt:new_handler.obj
 0003:00001b48       _c_termination_complete    10047b48     libucrt:exit.obj
 0003:00001b4c       _thread_local_exit_callback_func 10047b4c     libucrt:exit.obj
 0003:00001b50       ?c_exit_complete@?5??common_exit@@YAXHW4_crt_exit_cleanup_mode@@W4_crt_exit_return_mode@@@Z@4_NA 10047b50     libucrt:exit.obj
 0003:00001b58       ?program_name@?5???$common_configure_argv@D@@YAHW4_crt_argv_mode@@@Z@4PADA 10047b58     libucrt:argv_parsing.obj
 0003:00001c88       _enable_percent_n          10047c88     libucrt:printf_count_output.obj
 0003:00001ea8       _module_handles            10047ea8     libucrt:winapi_thunks.obj
 0003:00001ef8       _encoded_function_pointers 10047ef8     libucrt:winapi_thunks.obj
 0003:00001f78       ?state_cache@?1??__acrt_is_packaged_app@@9@4JA 10047f78     libucrt:winapi_thunks.obj
 0003:00001f80       ___acrt_lock_table         10047f80     libucrt:locks.obj
 0003:000020b8       ___acrt_locks_initialized  100480b8     libucrt:locks.obj
 0003:000020d4       _fSystemSet                100480d4     libucrt:mbctype.obj
 0003:000020d8       ?initialized@?1??__acrt_initialize_multibyte@@9@4_NA 100480d8     libucrt:mbctype.obj
 0003:000020f8       _ctrlc_action              100480f8     libucrt:signal.obj
 0003:000020fc       _ctrlbreak_action          100480fc     libucrt:signal.obj
 0003:00002100       _abort_action              10048100     libucrt:signal.obj
 0003:00002104       _term_action               10048104     libucrt:signal.obj
 0003:00002108       _user_matherr              10048108     libucrt:matherr.obj
 0003:0000210c       ___acrt_global_new_mode    1004810c     libucrt:new_mode.obj
 0003:0000211c       ___acrt_app_type           1004811c     libucrt:report_runtime_error.obj
 0003:00002128       __pmatherr_set             10048128     libucrt:libm_error.obj
 0003:00002130       ?_Tss_mutex@@3U_RTL_CRITICAL_SECTION@@A 10048130     LIBCMT:thread_safe_statics.obj
 0003:00002148       ?_Tss_cv@@3U_RTL_CONDITION_VARIABLE@@A 10048148     LIBCMT:thread_safe_statics.obj
 0003:0000214c       ?_Tss_event@@3PAXA         1004814c     LIBCMT:thread_safe_statics.obj
 0003:00002150       ?encoded_sleep_condition_variable_cs@@3P6GHPAU_RTL_CONDITION_VARIABLE@@PAU_RTL_CRITICAL_SECTION@@K@ZA 10048150     LIBCMT:thread_safe_statics.obj
 0003:00002154       ?encoded_wake_all_condition_variable@@3P6GXPAU_RTL_CONDITION_VARIABLE@@@ZA 10048154     LIBCMT:thread_safe_statics.obj
 0003:00002174       ?vec2_origin@@3VVector2D@@B 10048174     ILuaInterface.obj
 0003:0000217c       ?vec2_invalid@@3VVector2D@@B 1004817c     ILuaInterface.obj
 0003:00002188       ?vec2_origin@@3VVector2D@@B 10048188     ILuaModuleManager.obj
 0003:00002190       ?vec2_invalid@@3VVector2D@@B 10048190     ILuaModuleManager.obj
 0003:00002198       ?vec2_origin@@3VVector2D@@B 10048198     ILuaObject.obj
 0003:000021a0       ?vec2_invalid@@3VVector2D@@B 100481a0     ILuaObject.obj
 0003:000021a8       ?_2@placeholders@boost@@3U?$arg@$01@2@B 100481a8     main.obj
 0003:000021a9       ?_4@placeholders@boost@@3U?$arg@$03@2@B 100481a9     main.obj
 0003:000021aa       ?_8@placeholders@boost@@3U?$arg@$07@2@B 100481aa     main.obj
 0003:000021ab       ?_3@placeholders@boost@@3U?$arg@$02@2@B 100481ab     main.obj
 0003:000021ac       ?_1@placeholders@boost@@3U?$arg@$00@2@B 100481ac     main.obj
 0003:000021ad       ?_7@placeholders@boost@@3U?$arg@$06@2@B 100481ad     main.obj
 0003:000021ae       ?_6@placeholders@boost@@3U?$arg@$05@2@B 100481ae     main.obj
 0003:000021af       ?_5@placeholders@boost@@3U?$arg@$04@2@B 100481af     main.obj
 0003:000021b0       ?posix_category@system@boost@@3ABVerror_category@12@B 100481b0     main.obj
 0003:000021b4       ?vec4_origin@@3VVector4D@@B 100481b4     main.obj
 0003:000021c4       ?vec2_origin@@3VVector2D@@B 100481c4     main.obj
 0003:000021cc       ?native_ecat@system@boost@@3ABVerror_category@12@B 100481cc     main.obj
 0003:000021ec       ?_9@placeholders@boost@@3U?$arg@$08@2@B 100481ec     main.obj
 0003:000021ed       ?_2@placeholders@boost@@3U?$arg@$01@2@B 100481ed     nav.obj
 0003:000021ee       ?_4@placeholders@boost@@3U?$arg@$03@2@B 100481ee     nav.obj
 0003:000021ef       ?_8@placeholders@boost@@3U?$arg@$07@2@B 100481ef     nav.obj
 0003:000021f0       ?vec2_invalid@@3VVector2D@@B 100481f0     main.obj
 0003:000021f8       ?vec4_invalid@@3VVector4D@@B 100481f8     main.obj
 0003:00002208       ?errno_ecat@system@boost@@3ABVerror_category@12@B 10048208     main.obj
 0003:0000220c       ?vector_origin@@3VVector@@B 1004820c     main.obj
 0003:00002220       ?_3@placeholders@boost@@3U?$arg@$02@2@B 10048220     nav.obj
 0003:00002221       ?_1@placeholders@boost@@3U?$arg@$00@2@B 10048221     nav.obj
 0003:00002222       ?_7@placeholders@boost@@3U?$arg@$06@2@B 10048222     nav.obj
 0003:00002223       ?_6@placeholders@boost@@3U?$arg@$05@2@B 10048223     nav.obj
 0003:00002224       ?posix_category@system@boost@@3ABVerror_category@12@B 10048224     nav.obj
 0003:00002228       ?vec4_origin@@3VVector4D@@B 10048228     nav.obj
 0003:00002238       ?vec2_origin@@3VVector2D@@B 10048238     nav.obj
 0003:00002240       ?native_ecat@system@boost@@3ABVerror_category@12@B 10048240     nav.obj
 0003:00002244       ?_5@placeholders@boost@@3U?$arg@$04@2@B 10048244     nav.obj
 0003:00002245       ?_9@placeholders@boost@@3U?$arg@$08@2@B 10048245     nav.obj
 0003:00002246       ?_2@placeholders@boost@@3U?$arg@$01@2@B 10048246     node.obj
 0003:00002247       ?_4@placeholders@boost@@3U?$arg@$03@2@B 10048247     node.obj
 0003:00002248       ?vec2_invalid@@3VVector2D@@B 10048248     nav.obj
 0003:00002250       ?vec4_invalid@@3VVector4D@@B 10048250     nav.obj
 0003:00002260       ?errno_ecat@system@boost@@3ABVerror_category@12@B 10048260     nav.obj
 0003:00002264       ?vector_origin@@3VVector@@B 10048264     nav.obj
 0003:00002270       ?_8@placeholders@boost@@3U?$arg@$07@2@B 10048270     node.obj
 0003:00002271       ?_3@placeholders@boost@@3U?$arg@$02@2@B 10048271     node.obj
 0003:00002272       ?_1@placeholders@boost@@3U?$arg@$00@2@B 10048272     node.obj
 0003:00002273       ?_7@placeholders@boost@@3U?$arg@$06@2@B 10048273     node.obj
 0003:00002274       ?posix_category@system@boost@@3ABVerror_category@12@B 10048274     node.obj
 0003:00002278       ?vec2_origin@@3VVector2D@@B 10048278     node.obj
 0003:00002280       ?_6@placeholders@boost@@3U?$arg@$05@2@B 10048280     node.obj
 0003:00002281       ?_5@placeholders@boost@@3U?$arg@$04@2@B 10048281     node.obj
 0003:00002282       ?_9@placeholders@boost@@3U?$arg@$08@2@B 10048282     node.obj
 0003:00002284       ?native_ecat@system@boost@@3ABVerror_category@12@B 10048284     node.obj
 0003:00002288       ?vec2_invalid@@3VVector2D@@B 10048288     node.obj
 0003:00002290       ?errno_ecat@system@boost@@3ABVerror_category@12@B 10048290     node.obj
 0004:00000000       __guard_fids____dcrt_uninitialize_environments_nolock 10049000     libucrt:environment_initialization.obj
 0004:00000008       __guard_fids__             10049008     libucrt:initialization.obj
 0004:00000068       __guard_fids___beginthreadex 10049068     libucrt:thread.obj
 0004:0000006c       __guard_fids____acrt_initialize_ptd 1004906c     libucrt:per_thread_data.obj
 0004:00000070       __guard_fids__             10049070     libucrt:stdio_initializer.obj
 0004:00000074       __guard_fids__             10049074     libucrt:stdio_initializer.obj
 0004:00000078       __guard_fids_??$expand_argument_wildcards@D@@YAHQAD0AAV?$argument_list@D@?A0xb0e4b824@@@Z 10049078     libucrt:argv_wildcards.obj
 0004:0000007c       __guard_fids__             1004907c     libucrt:locale_initializer.obj
 0004:00000080       __guard_fids__             10049080     libucrt:multibyte_initializer.obj
 0004:00000084       __guard_fids____libm_error_support 10049084     libucrt:libm_error.obj
 0004:00000088       __guard_fids__             10049088     libucrt:sse2_initializer.obj
 0004:0000008c       __guard_fids__             1004908c     libucrt:console_output_initializer.obj
 0004:00000090       __guard_fids__             10049090     libcpmt:xthrow.obj
 0004:00000098       __guard_fids__             10049098     libcpmt:xthrow.obj
 0004:000000a0       __guard_fids__             100490a0     libcpmt:xthrow.obj
 0004:000000a8       __guard_fids__             100490a8     libcpmt:xthrow.obj
 0004:000000b0       __guard_fids__             100490b0     libcpmt:xthrow.obj
 0004:000000b8       __guard_fids__             100490b8     libcpmt:xthrow.obj
 0004:000000c0       __guard_fids__             100490c0     libcpmt:xthrow.obj
 0004:000000c4       __guard_fids__             100490c4     libcpmt:xthrow.obj
 0004:000000c8       __guard_fids__             100490c8     libcpmt:xthrow.obj
 0004:000000cc       __guard_fids__             100490cc     libcpmt:xthrow.obj
 0004:000000d0       __guard_fids__             100490d0     LIBCMT:std_type_info_static.obj
 0004:000000d4       __guard_fids_?dllmain_crt_process_attach@@YAHQAUHINSTANCE__@@QAX@Z 100490d4     LIBCMT:dll_dllmain.obj
 0004:000000dc       __guard_fids_?dllmain_dispatch@@YAHQAUHINSTANCE__@@KQAX@Z 100490dc     LIBCMT:dll_dllmain.obj
 0004:000000e0       __guard_fids__             100490e0     LIBCMT:throw_bad_alloc.obj
 0004:000000e8       __guard_fids__             100490e8     LIBCMT:throw_bad_alloc.obj
 0004:000000ec       __guard_fids__             100490ec     LIBCMT:throw_bad_alloc.obj
 0004:000000f0       __guard_fids__             100490f0     LIBCMT:guard_support.obj
 0004:000000f4       __guard_fids__             100490f4     legacy_stdio_wide_specifiers:legacy_stdio_wide_specifiers.obj
 0004:000000f8       __guard_fids__             100490f8     libvcruntime:frame.obj
 0004:000000fc       __guard_fids__             100490fc     libvcruntime:frame.obj
 0004:00000100       __guard_fids__             10049100     libvcruntime:frame.obj
 0004:00000104       __guard_fids__             10049104     libvcruntime:telemetry.obj
 0004:00000108       __guard_fids_?TraceLoggingRegister@__vcrt_trace_logging_provider@@YAJPBU_TlgProvider_t@1@PBU_GUID@@P6GX1KE_K2PAU_EVENT_FILTER_DESCRIPTOR@@PAX@Z4@Z 10049108     libvcruntime:telemetry.obj
 0004:0000010c       __guard_fids____vcrt_initialize_ptd 1004910c     libvcruntime:per_thread_data.obj
 0004:00000110       __guard_fids__             10049110     LIBCMT:thread_safe_statics.obj
 0004:00000114       __guard_fids_?__scrt_initialize_thread_safe_statics@@YAHXZ 10049114     LIBCMT:thread_safe_statics.obj
 0006:00000060       $R000000                   1004b060     * linker generated manifest res *
