 gmcl_navigation_win32

 Timestamp is 50ef157b (Thu Jan 10 14:24:43 2013)

 Preferred load address is 10000000

 Start         Length     Name                   Class
 0001:00000000 0002b3faH .text                   CODE
 0001:0002b400 00000d30H .text$x                 CODE
 0001:0002c130 0000098aH .text$yc                CODE
 0001:0002cac0 000000b8H .text$yd                CODE
 0002:00000000 00000180H .idata$5                DATA
 0002:00000180 00000004H .CRT$XCA                DATA
 0002:00000184 0000015cH .CRT$XCU                DATA
 0002:000002e0 00000004H .CRT$XCZ                DATA
 0002:000002e4 00000004H .CRT$XIA                DATA
 0002:000002e8 00000014H .CRT$XIC                DATA
 0002:000002fc 00000004H .CRT$XIU                DATA
 0002:00000300 00000004H .CRT$XIZ                DATA
 0002:00000304 00000004H .CRT$XLA                DATA
 0002:00000308 00000004H .CRT$XLC                DATA
 0002:0000030c 00000004H .CRT$XLZ                DATA
 0002:00000310 00000004H .CRT$XPA                DATA
 0002:00000314 00000008H .CRT$XPX                DATA
 0002:0000031c 00000004H .CRT$XPXA               DATA
 0002:00000320 00000004H .CRT$XPZ                DATA
 0002:00000324 00000004H .CRT$XTA                DATA
 0002:00000328 00000004H .CRT$XTU                DATA
 0002:0000032c 00000004H .CRT$XTZ                DATA
 0002:00000330 0000dd48H .rdata                  DATA
 0002:0000e078 00000018H .rdata$T                DATA
 0002:0000e090 0000008cH .rdata$debug            DATA
 0002:0000e11c 00000f59H .rdata$r                DATA
 0002:0000f080 00000148H .rdata$sxdata           DATA
 0002:0000f1c8 00000004H .rtc$IAA                DATA
 0002:0000f1cc 00000004H .rtc$IZZ                DATA
 0002:0000f1d0 00000004H .rtc$TAA                DATA
 0002:0000f1d4 00000004H .rtc$TZZ                DATA
 0002:0000f1d8 00001b48H .xdata$x                DATA
 0002:00010d20 00000028H .idata$2                DATA
 0002:00010d48 00000014H .idata$3                DATA
 0002:00010d5c 00000180H .idata$4                DATA
 0002:00010edc 000006eaH .idata$6                DATA
 0002:000115d0 00000089H .edata                  DATA
 0003:00000000 00002668H .data                   DATA
 0003:00002680 0000a198H .bss                    DATA
 0004:00000000 00000001H .tls                    DATA
 0004:00000001 00000001H .tls$ZZZ                DATA
 0005:00000000 00000058H .rsrc$01                DATA
 0005:00000060 00000180H .rsrc$02                DATA

  Address         Publics by Value              Rva+Base       Lib:Object

 0000:00000000       __except_list              00000000     <absolute>
 0000:00000052       ___safe_se_handler_count   00000052     <absolute>
 0000:00000000       ___ImageBase               10000000     <linker-defined>
 0001:00000000       ??2@YAPAXIPAX@Z            10001000 f i ILuaInterface.obj
 0001:00000008       ?UtlMemory_CalcNewAllocationCount@@YAHHHHH@Z 10001008 f i ILuaInterface.obj
 0001:0000004d       ??0Vector2D@@QAE@MM@Z      1000104d f i ILuaInterface.obj
 0001:00000074       ??_H@YGXPAXIHP6EPAX0@Z@Z   10001074 f i ILuaInterface.obj
 0001:00000095       ?V_memmove@@YAXPAXPBXH@Z   10001095 f i ILuaInterface.obj
 0001:000000ab       ??0ILuaInterface@@QAE@PAUlua_State@@@Z 100010ab f   ILuaInterface.obj
 0001:00000250       ??1ILuaInterface@@QAE@XZ   10001250 f   ILuaInterface.obj
 0001:00000285       ?GetNewTable@ILuaInterface@@QAEPAVILuaObject@@XZ 10001285 f   ILuaInterface.obj
 0001:00000310       ?NewTable@ILuaInterface@@QAEXXZ 10001310 f   ILuaInterface.obj
 0001:0000032a       ?PushUserData@ILuaInterface@@QAEXPAVILuaObject@@PAXE@Z 1000132a f   ILuaInterface.obj
 0001:000003d3       ?Error@ILuaInterface@@QAAXPBDZZ 100013d3 f   ILuaInterface.obj
 0001:00000432       ?LuaError@ILuaInterface@@QAEXPBDH@Z 10001432 f   ILuaInterface.obj
 0001:00000454       ?GetGlobal@ILuaInterface@@QAEPAVILuaObject@@PBD@Z 10001454 f   ILuaInterface.obj
 0001:0000051e       ?SetGlobal@ILuaInterface@@QAEXPBDPAVILuaObject@@@Z 1000151e f   ILuaInterface.obj
 0001:00000583       ?GetObject@ILuaInterface@@QAEPAVILuaObject@@H@Z 10001583 f   ILuaInterface.obj
 0001:00000622       ?GetString@ILuaInterface@@QAEPBDHPAI@Z 10001622 f   ILuaInterface.obj
 0001:00000644       ?GetInteger@ILuaInterface@@QAEHH@Z 10001644 f   ILuaInterface.obj
 0001:00000668       ?GetNumber@ILuaInterface@@QAENH@Z 10001668 f   ILuaInterface.obj
 0001:00000687       ?GetBool@ILuaInterface@@QAE_NH@Z 10001687 f   ILuaInterface.obj
 0001:000006a6       ?GetUserData@ILuaInterface@@QAEPAXH@Z 100016a6 f   ILuaInterface.obj
 0001:000006ce       ?Pop@ILuaInterface@@QAEXH@Z 100016ce f   ILuaInterface.obj
 0001:000006ed       ?Top@ILuaInterface@@QAEHXZ 100016ed f   ILuaInterface.obj
 0001:00000706       ?Push@ILuaInterface@@QAEXPAVILuaObject@@@Z 10001706 f   ILuaInterface.obj
 0001:00000719       ?Push@ILuaInterface@@QAEXPBDI@Z 10001719 f   ILuaInterface.obj
 0001:0000073b       ?Push@ILuaInterface@@QAEX_N@Z 1000173b f   ILuaInterface.obj
 0001:0000075a       ?Push@ILuaInterface@@QAEXP6AHPAUlua_State@@@Z@Z 1000175a f   ILuaInterface.obj
 0001:0000077c       ?Push@ILuaInterface@@QAEXM@Z 1000177c f   ILuaInterface.obj
 0001:000007a4       ?CheckType@ILuaInterface@@QAEXHH@Z 100017a4 f   ILuaInterface.obj
 0001:000007c6       ?GetType@ILuaInterface@@QAEHH@Z 100017c6 f   ILuaInterface.obj
 0001:000007e8       ?GetTypeName@ILuaInterface@@QAEPBDH@Z 100017e8 f   ILuaInterface.obj
 0001:0000080a       ?GetReturn@ILuaInterface@@QAEPAVILuaObject@@H@Z 1000180a f   ILuaInterface.obj
 0001:00000820       ?Call@ILuaInterface@@QAEXHH@Z 10001820 f   ILuaInterface.obj
 0001:00000842       ?GetMetaTable@ILuaInterface@@QAEPAVILuaObject@@PBDH@Z 10001842 f   ILuaInterface.obj
 0001:000008e1       ??$vsprintf_s@$0EAA@@@YAHAAY0EAA@DPBDPAD@Z 100018e1 f i ILuaInterface.obj
 0001:000008fc       ??$Destruct@PAUJobInfo_t@@@@YAXPAPAUJobInfo_t@@@Z 100018fc f i main.obj
 0001:000008fc       ??$Destruct@UAirSeedSpot@@@@YAXPAUAirSeedSpot@@@Z 100018fc f i nav.obj
 0001:000008fc       ??$Destruct@PAVNode@@@@YAXPAPAVNode@@@Z 100018fc f i main.obj
 0001:000008fc       ??$Destruct@UGroundSeedSpot@@@@YAXPAUGroundSeedSpot@@@Z 100018fc f i nav.obj
 0001:000008fc       ??3@YAXPAX0@Z              100018fc f i ILuaModuleManager.obj
 0001:000008fc       ?throw_exception_assert_compatibility@boost@@YAXABVexception@std@@@Z 100018fc f i main.obj
 0001:000008fc       ??$unused_var@W4dst_flags@date_time@boost@@@?$counted_time_system@U?$counted_time_rep@Vmillisec_posix_time_system_config@posix_time@boost@@@date_time@boost@@@date_time@boost@@SAXABW4dst_flags@12@@Z 100018fc f i main.obj
 0001:00000901       ??$destroy@U?$pair@PAVcondition_variable@boost@@PAVmutex@2@@std@@@?$allocator@U?$pair@PAVcondition_variable@boost@@PAVmutex@2@@std@@@std@@QAEXPAU?$pair@PAVcondition_variable@boost@@PAVmutex@2@@1@@Z 10001901 f i nav.obj
 0001:00000901       ?_Adopt@_Iterator_base0@std@@QAEXPBX@Z 10001901 f i ILuaModuleManager.obj
 0001:00000901       ??$destroy@PAU?$_Tree_node@U?$pair@QAUlua_State@@PAVILuaInterface@@@std@@PAX@std@@@?$allocator@U?$_Tree_node@U?$pair@QAUlua_State@@PAVILuaInterface@@@std@@PAX@std@@@std@@QAEXPAPAU?$_Tree_node@U?$pair@QAUlua_State@@PAVILuaInterface@@@std@@PAX@1@@Z 10001901 f i ILuaModuleManager.obj
 0001:00000901       ??$destroy@U?$pair@QAUlua_State@@PAVILuaInterface@@@std@@@?$allocator@U?$_Tree_node@U?$pair@QAUlua_State@@PAVILuaInterface@@@std@@PAX@std@@@std@@QAEXPAU?$pair@QAUlua_State@@PAVILuaInterface@@@1@@Z 10001901 f i ILuaModuleManager.obj
 0001:00000901       ??$destroy@PAD@?$allocator@D@std@@QAEXPAPAD@Z 10001901 f i ILuaObject.obj
 0001:00000901       ??$destroy@PAU?$_Tree_node@U?$pair@QBXUtss_data_node@detail@boost@@@std@@PAX@std@@@?$allocator@U?$_Tree_node@U?$pair@QBXUtss_data_node@detail@boost@@@std@@PAX@std@@@std@@QAEXPAPAU?$_Tree_node@U?$pair@QBXUtss_data_node@detail@boost@@@std@@PAX@1@@Z 10001901 f i nav.obj
 0001:0000090c       ?CreateInterface@ILuaModuleManager@@QAEXPAUlua_State@@@Z 1000190c f   ILuaModuleManager.obj
 0001:00000987       ?DestroyInterface@ILuaModuleManager@@QAEXPAUlua_State@@@Z 10001987 f   ILuaModuleManager.obj
 0001:000009d3       ??_GILuaInterface@@QAEPAXI@Z 100019d3 f i ILuaModuleManager.obj
 0001:000009fa       ?GetLuaInterface@ILuaModuleManager@@QAEPAVILuaInterface@@PAUlua_State@@@Z 100019fa f   ILuaModuleManager.obj
 0001:00000a13       ??0ILuaModuleManager@@QAE@XZ 10001a13 f i ILuaModuleManager.obj
 0001:00000a27       ??0?$map@PAUlua_State@@PAVILuaInterface@@U?$less@PAUlua_State@@@std@@V?$allocator@U?$pair@QAUlua_State@@PAVILuaInterface@@@std@@@4@@std@@QAE@XZ 10001a27 f i ILuaModuleManager.obj
 0001:00000a49       ??A?$map@PAUlua_State@@PAVILuaInterface@@U?$less@PAUlua_State@@@std@@V?$allocator@U?$pair@QAUlua_State@@PAVILuaInterface@@@std@@@4@@std@@QAEAAPAVILuaInterface@@ABQAUlua_State@@@Z 10001a49 f i ILuaModuleManager.obj
 0001:00000aeb       ?erase@?$_Tree@V?$_Tmap_traits@PAUlua_State@@PAVILuaInterface@@U?$less@PAUlua_State@@@std@@V?$allocator@U?$pair@QAUlua_State@@PAVILuaInterface@@@std@@@4@$0A@@std@@@std@@QAEIABQAUlua_State@@@Z 10001aeb f i ILuaModuleManager.obj
 0001:00000b49       ??0?$_Tree@V?$_Tmap_traits@PAUlua_State@@PAVILuaInterface@@U?$less@PAUlua_State@@@std@@V?$allocator@U?$pair@QAUlua_State@@PAVILuaInterface@@@std@@@4@$0A@@std@@@std@@QAE@ABU?$less@PAUlua_State@@@1@ABV?$allocator@U?$pair@QAUlua_State@@PAVILuaInterface@@@std@@@1@@Z 10001b49 f i ILuaModuleManager.obj
 0001:00000b65       ?end@?$_Tree@V?$_Tmap_traits@PAUlua_State@@PAVILuaInterface@@U?$less@PAUlua_State@@@std@@V?$allocator@U?$pair@QAUlua_State@@PAVILuaInterface@@@std@@@4@$0A@@std@@@std@@QAE?AV?$_Tree_iterator@V?$_Tree_val@U?$_Tree_simple_types@U?$pair@QAUlua_State@@PAVILuaInterface@@@std@@@std@@@std@@@2@XZ 10001b65 f i ILuaModuleManager.obj
 0001:00000b65       ?end@?$_Tree@V?$_Tmap_traits@PBXUtss_data_node@detail@boost@@U?$less@PBX@std@@V?$allocator@U?$pair@QBXUtss_data_node@detail@boost@@@std@@@5@$0A@@std@@@std@@QAE?AV?$_Tree_iterator@V?$_Tree_val@U?$_Tree_simple_types@U?$pair@QBXUtss_data_node@detail@boost@@@std@@@std@@@std@@@2@XZ 10001b65 f i nav.obj
 0001:00000b83       ?erase@?$_Tree@V?$_Tmap_traits@PAUlua_State@@PAVILuaInterface@@U?$less@PAUlua_State@@@std@@V?$allocator@U?$pair@QAUlua_State@@PAVILuaInterface@@@std@@@4@$0A@@std@@@std@@QAE?AV?$_Tree_iterator@V?$_Tree_val@U?$_Tree_simple_types@U?$pair@QAUlua_State@@PAVILuaInterface@@@std@@@std@@@std@@@2@V?$_Tree_const_iterator@V?$_Tree_val@U?$_Tree_simple_types@U?$pair@QAUlua_State@@PAVILuaInterface@@@std@@@std@@@std@@@2@0@Z 10001b83 f i ILuaModuleManager.obj
 0001:00000c24       ?lower_bound@?$_Tree@V?$_Tmap_traits@PAUlua_State@@PAVILuaInterface@@U?$less@PAUlua_State@@@std@@V?$allocator@U?$pair@QAUlua_State@@PAVILuaInterface@@@std@@@4@$0A@@std@@@std@@QAE?AV?$_Tree_iterator@V?$_Tree_val@U?$_Tree_simple_types@U?$pair@QAUlua_State@@PAVILuaInterface@@@std@@@std@@@std@@@2@ABQAUlua_State@@@Z 10001c24 f i ILuaModuleManager.obj
 0001:00000c49       ?equal_range@?$_Tree@V?$_Tmap_traits@PAUlua_State@@PAVILuaInterface@@U?$less@PAUlua_State@@@std@@V?$allocator@U?$pair@QAUlua_State@@PAVILuaInterface@@@std@@@4@$0A@@std@@@std@@QAE?AU?$pair@V?$_Tree_iterator@V?$_Tree_val@U?$_Tree_simple_types@U?$pair@QAUlua_State@@PAVILuaInterface@@@std@@@std@@@std@@@std@@V12@@2@ABQAUlua_State@@@Z 10001c49 f i ILuaModuleManager.obj
 0001:00000c73       ?_Key@?$_Tree@V?$_Tmap_traits@PAUlua_State@@PAVILuaInterface@@U?$less@PAUlua_State@@@std@@V?$allocator@U?$pair@QAUlua_State@@PAVILuaInterface@@@std@@@4@$0A@@std@@@std@@IBEABQAUlua_State@@PAU?$_Tree_node@U?$pair@QAUlua_State@@PAVILuaInterface@@@std@@PAX@2@@Z 10001c73 f i ILuaModuleManager.obj
 0001:00000c90       ??R?$less@PAUlua_State@@@std@@QBE_NABQAUlua_State@@0@Z 10001c90 f i ILuaModuleManager.obj
 0001:00000cb8       ?_Getcomp@?$_Tree_comp@$0A@V?$_Tmap_traits@PAUlua_State@@PAVILuaInterface@@U?$less@PAUlua_State@@@std@@V?$allocator@U?$pair@QAUlua_State@@PAVILuaInterface@@@std@@@4@$0A@@std@@@std@@QBE?AU?$less@PAUlua_State@@@2@XZ 10001cb8 f i ILuaModuleManager.obj
 0001:00000cc6       ??0?$arg@$04@boost@@QAE@XZ 10001cc6 f i main.obj
 0001:00000cc6       ??0?$allocator@U?$pair@PAVcondition_variable@boost@@PAVmutex@2@@std@@@std@@QAE@XZ 10001cc6 f i nav.obj
 0001:00000cc6       ??0?$arg@$03@boost@@QAE@XZ 10001cc6 f i main.obj
 0001:00000cc6       ?get@?$value@PAVNode@@@_bi@boost@@QAEAAPAVNode@@XZ 10001cc6 f i nav.obj
 0001:00000cc6       ?get@?$value@PAUJobInfo_t@@@_bi@boost@@QAEAAPAUJobInfo_t@@XZ 10001cc6 f i nav.obj
 0001:00000cc6       ??0?$arg@$06@boost@@QAE@XZ 10001cc6 f i main.obj
 0001:00000cc6       ??0_Ignore@std@@QAE@XZ     10001cc6 f i main.obj
 0001:00000cc6       ??0?$arg@$05@boost@@QAE@XZ 10001cc6 f i main.obj
 0001:00000cc6       ??0?$allocator@D@std@@QAE@XZ 10001cc6 f i ILuaObject.obj
 0001:00000cc6       ?GetPosition@Node@@QAEPBVVector@@XZ 10001cc6 f i node.obj
 0001:00000cc6       ??0?$arg@$01@boost@@QAE@XZ 10001cc6 f i main.obj
 0001:00000cc6       ??0?$allocator@U?$_Tree_node@U?$pair@QBXUtss_data_node@detail@boost@@@std@@PAX@std@@@std@@QAE@XZ 10001cc6 f i nav.obj
 0001:00000cc6       ?get@?$value@PA_N@_bi@boost@@QAEAAPA_NXZ 10001cc6 f i nav.obj
 0001:00000cc6       ??0list0@_bi@boost@@QAE@XZ 10001cc6 f i nav.obj
 0001:00000cc6       ??0?$allocator@U?$_Tree_node@U?$pair@QAUlua_State@@PAVILuaInterface@@@std@@PAX@std@@@std@@QAE@XZ 10001cc6 f i ILuaModuleManager.obj
 0001:00000cc6       ?get@?$value@PAVNav@@@_bi@boost@@QAEAAPAVNav@@XZ 10001cc6 f i nav.obj
 0001:00000cc6       ??0?$allocator@U?$pair@QAUlua_State@@PAVILuaInterface@@@std@@@std@@QAE@XZ 10001cc6 f i ILuaModuleManager.obj
 0001:00000cc6       ??0?$arg@$08@boost@@QAE@XZ 10001cc6 f i main.obj
 0001:00000cc6       ??0?$arg@$07@boost@@QAE@XZ 10001cc6 f i main.obj
 0001:00000cc6       ??0?$allocator@U?$pair@QBXUtss_data_node@detail@boost@@@std@@@std@@QAE@XZ 10001cc6 f i nav.obj
 0001:00000cc6       ??0?$arg@$00@boost@@QAE@XZ 10001cc6 f i main.obj
 0001:00000cc6       ??0Vector@@QAE@XZ          10001cc6 f i main.obj
 0001:00000cc6       ??0?$arg@$02@boost@@QAE@XZ 10001cc6 f i main.obj
 0001:00000cd2       ??8?$_Tree_const_iterator@V?$_Tree_val@U?$_Tree_simple_types@U?$pair@QAUlua_State@@PAVILuaInterface@@@std@@@std@@@std@@@std@@QBE_NABV01@@Z 10001cd2 f i ILuaModuleManager.obj
 0001:00000cd2       ??8?$_Tree_const_iterator@V?$_Tree_val@U?$_Tree_simple_types@U?$pair@QBXUtss_data_node@detail@boost@@@std@@@std@@@std@@@std@@QBE_NABV01@@Z 10001cd2 f i nav.obj
 0001:00000cfa       ?as_number@?$int_adapter@I@date_time@boost@@QBEIXZ 10001cfa f i main.obj
 0001:00000cfa       ?_Mynode@?$_Tree_unchecked_const_iterator@V?$_Tree_val@U?$_Tree_simple_types@U?$pair@QBXUtss_data_node@detail@boost@@@std@@@std@@@std@@U_Iterator_base0@2@@std@@QBEPAU?$_Tree_node@U?$pair@QBXUtss_data_node@detail@boost@@@std@@PAX@2@XZ 10001cfa f i nav.obj
 0001:00000cfa       ?Base@?$CUtlMemory@U?$UtlLinkedListElem_t@UAirSeedSpot@@H@@H@@QAEPAU?$UtlLinkedListElem_t@UAirSeedSpot@@H@@XZ 10001cfa f i nav.obj
 0001:00000cfa       ?value@error_code@system@boost@@QBEHXZ 10001cfa f i nav.obj
 0001:00000cfa       ?Base@?$CUtlMemory@U?$UtlLinkedListElem_t@UGroundSeedSpot@@H@@H@@QAEPAU?$UtlLinkedListElem_t@UGroundSeedSpot@@H@@XZ 10001cfa f i nav.obj
 0001:00000cfa       ?get@?$refcount_ptr@Uerror_info_container@exception_detail@boost@@@exception_detail@boost@@QBEPAUerror_info_container@23@XZ 10001cfa f i main.obj
 0001:00000cfa       ?_Mynode@?$_Tree_unchecked_const_iterator@V?$_Tree_val@U?$_Tree_simple_types@U?$pair@QAUlua_State@@PAVILuaInterface@@@std@@@std@@@std@@U_Iterator_base0@2@@std@@QBEPAU?$_Tree_node@U?$pair@QAUlua_State@@PAVILuaInterface@@@std@@PAX@2@XZ 10001cfa f i ILuaModuleManager.obj
 0001:00000cfa       ?day_number@date@gregorian@boost@@QBEIXZ 10001cfa f i main.obj
 0001:00000cfa       ?Base@?$CUtlMemory@PAUJobInfo_t@@H@@QAEPAPAUJobInfo_t@@XZ 10001cfa f i main.obj
 0001:00000cfa       ?Base@?$CUtlMemory@PAVNode@@H@@QAEPAPAVNode@@XZ 10001cfa f i main.obj
 0001:00000cfa       ?value@error_code@std@@QBEHXZ 10001cfa f i ILuaObject.obj
 0001:00000cfa       ?value@error_condition@std@@QBEHXZ 10001cfa f i ILuaObject.obj
 0001:00000d08       ??C?$_Tree_iterator@V?$_Tree_val@U?$_Tree_simple_types@U?$pair@QAUlua_State@@PAVILuaInterface@@@std@@@std@@@std@@@std@@QBEPAU?$pair@QAUlua_State@@PAVILuaInterface@@@1@XZ 10001d08 f i ILuaModuleManager.obj
 0001:00000d20       ?begin@?$_Tree@V?$_Tmap_traits@PBXUtss_data_node@detail@boost@@U?$less@PBX@std@@V?$allocator@U?$pair@QBXUtss_data_node@detail@boost@@@std@@@5@$0A@@std@@@std@@QAE?AV?$_Tree_iterator@V?$_Tree_val@U?$_Tree_simple_types@U?$pair@QBXUtss_data_node@detail@boost@@@std@@@std@@@std@@@2@XZ 10001d20 f i nav.obj
 0001:00000d20       ?begin@?$_Tree@V?$_Tmap_traits@PAUlua_State@@PAVILuaInterface@@U?$less@PAUlua_State@@@std@@V?$allocator@U?$pair@QAUlua_State@@PAVILuaInterface@@@std@@@4@$0A@@std@@@std@@QAE?AV?$_Tree_iterator@V?$_Tree_val@U?$_Tree_simple_types@U?$pair@QAUlua_State@@PAVILuaInterface@@@std@@@std@@@std@@@2@XZ 10001d20 f i ILuaModuleManager.obj
 0001:00000d43       ?erase@?$_Tree@V?$_Tmap_traits@PAUlua_State@@PAVILuaInterface@@U?$less@PAUlua_State@@@std@@V?$allocator@U?$pair@QAUlua_State@@PAVILuaInterface@@@std@@@4@$0A@@std@@@std@@QAE?AV?$_Tree_iterator@V?$_Tree_val@U?$_Tree_simple_types@U?$pair@QAUlua_State@@PAVILuaInterface@@@std@@@std@@@std@@@2@V?$_Tree_const_iterator@V?$_Tree_val@U?$_Tree_simple_types@U?$pair@QAUlua_State@@PAVILuaInterface@@@std@@@std@@@std@@@2@@Z 10001d43 f i ILuaModuleManager.obj
 0001:000013b3       ?clear@?$_Tree@V?$_Tmap_traits@PAUlua_State@@PAVILuaInterface@@U?$less@PAUlua_State@@@std@@V?$allocator@U?$pair@QAUlua_State@@PAVILuaInterface@@@std@@@4@$0A@@std@@@std@@QAEXXZ 100023b3 f i ILuaModuleManager.obj
 0001:00001402       ?_Eqrange@?$_Tree@V?$_Tmap_traits@PAUlua_State@@PAVILuaInterface@@U?$less@PAUlua_State@@@std@@V?$allocator@U?$pair@QAUlua_State@@PAVILuaInterface@@@std@@@4@$0A@@std@@@std@@IAE?AU?$pair@V?$_Tree_iterator@V?$_Tree_val@U?$_Tree_simple_types@U?$pair@QAUlua_State@@PAVILuaInterface@@@std@@@std@@@std@@@std@@V12@@2@ABQAUlua_State@@@Z 10002402 f i ILuaModuleManager.obj
 0001:0000159f       ?_Lbound@?$_Tree@V?$_Tmap_traits@PAUlua_State@@PAVILuaInterface@@U?$less@PAUlua_State@@@std@@V?$allocator@U?$pair@QAUlua_State@@PAVILuaInterface@@@std@@@4@$0A@@std@@@std@@IAEPAU?$_Tree_node@U?$pair@QAUlua_State@@PAVILuaInterface@@@std@@PAX@2@ABQAUlua_State@@@Z 1000259f f i ILuaModuleManager.obj
 0001:00001623       ?_Kfn@?$_Tree@V?$_Tmap_traits@PAUlua_State@@PAVILuaInterface@@U?$less@PAUlua_State@@@std@@V?$allocator@U?$pair@QAUlua_State@@PAVILuaInterface@@@std@@@4@$0A@@std@@@std@@IBEABQAUlua_State@@ABU?$pair@QAUlua_State@@PAVILuaInterface@@@2@@Z 10002623 f i ILuaModuleManager.obj
 0001:00001637       ??0?$_Tree_comp@$0A@V?$_Tmap_traits@PAUlua_State@@PAVILuaInterface@@U?$less@PAUlua_State@@@std@@V?$allocator@U?$pair@QAUlua_State@@PAVILuaInterface@@@std@@@4@$0A@@std@@@std@@QAE@ABU?$less@PAUlua_State@@@1@ABV?$allocator@U?$pair@QAUlua_State@@PAVILuaInterface@@@std@@@1@@Z 10002637 f i ILuaModuleManager.obj
 0001:00001650       ?_Myval@?$_Tree_val@U?$_Tree_simple_types@U?$pair@QBXUtss_data_node@detail@boost@@@std@@@std@@@std@@SAAAU?$pair@QBXUtss_data_node@detail@boost@@@2@PAU?$_Tree_node@U?$pair@QBXUtss_data_node@detail@boost@@@std@@PAX@2@@Z 10002650 f i nav.obj
 0001:00001650       ?_Myval@?$_Tree_val@U?$_Tree_simple_types@U?$pair@QAUlua_State@@PAVILuaInterface@@@std@@@std@@@std@@SAAAU?$pair@QAUlua_State@@PAVILuaInterface@@@2@PAU?$_Tree_node@U?$pair@QAUlua_State@@PAVILuaInterface@@@std@@PAX@2@@Z 10002650 f i ILuaModuleManager.obj
 0001:0000165b       ??E?$_Tree_const_iterator@V?$_Tree_val@U?$_Tree_simple_types@U?$pair@QBXUtss_data_node@detail@boost@@@std@@@std@@@std@@@std@@QAE?AV01@H@Z 1000265b f i nav.obj
 0001:0000165b       ??E?$_Tree_const_iterator@V?$_Tree_val@U?$_Tree_simple_types@U?$pair@QAUlua_State@@PAVILuaInterface@@@std@@@std@@@std@@@std@@QAE?AV01@H@Z 1000265b f i ILuaModuleManager.obj
 0001:00001682       ??9?$_Tree_const_iterator@V?$_Tree_val@U?$_Tree_simple_types@U?$pair@QAUlua_State@@PAVILuaInterface@@@std@@@std@@@std@@@std@@QBE_NABV01@@Z 10002682 f i ILuaModuleManager.obj
 0001:00001682       ??9?$_Tree_const_iterator@V?$_Tree_val@U?$_Tree_simple_types@U?$pair@QBXUtss_data_node@detail@boost@@@std@@@std@@@std@@@std@@QBE_NABV01@@Z 10002682 f i nav.obj
 0001:000016b0       ??0?$_Tree_iterator@V?$_Tree_val@U?$_Tree_simple_types@U?$pair@QBXUtss_data_node@detail@boost@@@std@@@std@@@std@@@std@@QAE@PAU?$_Tree_node@U?$pair@QBXUtss_data_node@detail@boost@@@std@@PAX@1@PBV?$_Tree_val@U?$_Tree_simple_types@U?$pair@QBXUtss_data_node@detail@boost@@@std@@@std@@@1@@Z 100026b0 f i nav.obj
 0001:000016b0       ??0?$_Tree_iterator@V?$_Tree_val@U?$_Tree_simple_types@U?$pair@QAUlua_State@@PAVILuaInterface@@@std@@@std@@@std@@@std@@QAE@PAU?$_Tree_node@U?$pair@QAUlua_State@@PAVILuaInterface@@@std@@PAX@1@PBV?$_Tree_val@U?$_Tree_simple_types@U?$pair@QAUlua_State@@PAVILuaInterface@@@std@@@std@@@1@@Z 100026b0 f i ILuaModuleManager.obj
 0001:000016cc       ??D?$_Tree_iterator@V?$_Tree_val@U?$_Tree_simple_types@U?$pair@QAUlua_State@@PAVILuaInterface@@@std@@@std@@@std@@@std@@QBEAAU?$pair@QAUlua_State@@PAVILuaInterface@@@1@XZ 100026cc f i ILuaModuleManager.obj
 0001:000016dd       ?pointer_to@?$pointer_traits@PAU?$pair@QAUlua_State@@PAVILuaInterface@@@std@@@std@@SAPAU?$pair@QAUlua_State@@PAVILuaInterface@@@2@AAU32@@Z 100026dd f i ILuaModuleManager.obj
 0001:000016eb       ?_Erase@?$_Tree@V?$_Tmap_traits@PAUlua_State@@PAVILuaInterface@@U?$less@PAUlua_State@@@std@@V?$allocator@U?$pair@QAUlua_State@@PAVILuaInterface@@@std@@@4@$0A@@std@@@std@@IAEXPAU?$_Tree_node@U?$pair@QAUlua_State@@PAVILuaInterface@@@std@@PAX@2@@Z 100026eb f i ILuaModuleManager.obj
 0001:00001775       ?_Lmost@?$_Tree@V?$_Tmap_traits@PAUlua_State@@PAVILuaInterface@@U?$less@PAUlua_State@@@std@@V?$allocator@U?$pair@QAUlua_State@@PAVILuaInterface@@@std@@@4@$0A@@std@@@std@@IBEAAPAU?$_Tree_node@U?$pair@QAUlua_State@@PAVILuaInterface@@@std@@PAX@2@XZ 10002775 f i ILuaModuleManager.obj
 0001:00001775       ?_Lmost@?$_Tree@V?$_Tmap_traits@PBXUtss_data_node@detail@boost@@U?$less@PBX@std@@V?$allocator@U?$pair@QBXUtss_data_node@detail@boost@@@std@@@5@$0A@@std@@@std@@IBEAAPAU?$_Tree_node@U?$pair@QBXUtss_data_node@detail@boost@@@std@@PAX@2@XZ 10002775 f i nav.obj
 0001:00001789       ?_Lrotate@?$_Tree@V?$_Tmap_traits@PAUlua_State@@PAVILuaInterface@@U?$less@PAUlua_State@@@std@@V?$allocator@U?$pair@QAUlua_State@@PAVILuaInterface@@@std@@@4@$0A@@std@@@std@@IAEXPAU?$_Tree_node@U?$pair@QAUlua_State@@PAVILuaInterface@@@std@@PAX@2@@Z 10002789 f i ILuaModuleManager.obj
 0001:00001789       ?_Lrotate@?$_Tree@V?$_Tmap_traits@PBXUtss_data_node@detail@boost@@U?$less@PBX@std@@V?$allocator@U?$pair@QBXUtss_data_node@detail@boost@@@std@@@5@$0A@@std@@@std@@IAEXPAU?$_Tree_node@U?$pair@QBXUtss_data_node@detail@boost@@@std@@PAX@2@@Z 10002789 f i nav.obj
 0001:00001883       ?_Rmost@?$_Tree@V?$_Tmap_traits@PBXUtss_data_node@detail@boost@@U?$less@PBX@std@@V?$allocator@U?$pair@QBXUtss_data_node@detail@boost@@@std@@@5@$0A@@std@@@std@@IBEAAPAU?$_Tree_node@U?$pair@QBXUtss_data_node@detail@boost@@@std@@PAX@2@XZ 10002883 f i nav.obj
 0001:00001883       ?_Rmost@?$_Tree@V?$_Tmap_traits@PAUlua_State@@PAVILuaInterface@@U?$less@PAUlua_State@@@std@@V?$allocator@U?$pair@QAUlua_State@@PAVILuaInterface@@@std@@@4@$0A@@std@@@std@@IBEAAPAU?$_Tree_node@U?$pair@QAUlua_State@@PAVILuaInterface@@@std@@PAX@2@XZ 10002883 f i ILuaModuleManager.obj
 0001:00001897       ?_Root@?$_Tree@V?$_Tmap_traits@PAUlua_State@@PAVILuaInterface@@U?$less@PAUlua_State@@@std@@V?$allocator@U?$pair@QAUlua_State@@PAVILuaInterface@@@std@@@4@$0A@@std@@@std@@IBEAAPAU?$_Tree_node@U?$pair@QAUlua_State@@PAVILuaInterface@@@std@@PAX@2@XZ 10002897 f i ILuaModuleManager.obj
 0001:00001897       ?_Root@?$_Tree@V?$_Tmap_traits@PBXUtss_data_node@detail@boost@@U?$less@PBX@std@@V?$allocator@U?$pair@QBXUtss_data_node@detail@boost@@@std@@@5@$0A@@std@@@std@@IBEAAPAU?$_Tree_node@U?$pair@QBXUtss_data_node@detail@boost@@@std@@PAX@2@XZ 10002897 f i nav.obj
 0001:000018ab       ?_Rrotate@?$_Tree@V?$_Tmap_traits@PAUlua_State@@PAVILuaInterface@@U?$less@PAUlua_State@@@std@@V?$allocator@U?$pair@QAUlua_State@@PAVILuaInterface@@@std@@@4@$0A@@std@@@std@@IAEXPAU?$_Tree_node@U?$pair@QAUlua_State@@PAVILuaInterface@@@std@@PAX@2@@Z 100028ab f i ILuaModuleManager.obj
 0001:000018ab       ?_Rrotate@?$_Tree@V?$_Tmap_traits@PBXUtss_data_node@detail@boost@@U?$less@PBX@std@@V?$allocator@U?$pair@QBXUtss_data_node@detail@boost@@@std@@@5@$0A@@std@@@std@@IAEXPAU?$_Tree_node@U?$pair@QBXUtss_data_node@detail@boost@@@std@@PAX@2@@Z 100028ab f i nav.obj
 0001:000019a5       ??0?$_Tree_buy@U?$pair@QAUlua_State@@PAVILuaInterface@@@std@@V?$allocator@U?$pair@QAUlua_State@@PAVILuaInterface@@@std@@@2@@std@@QAE@ABV?$allocator@U?$pair@QAUlua_State@@PAVILuaInterface@@@std@@@1@@Z 100029a5 f i ILuaModuleManager.obj
 0001:000019be       ?_Getal@?$_Tree_alloc@$0A@U?$_Tree_base_types@U?$pair@QAUlua_State@@PAVILuaInterface@@@std@@V?$allocator@U?$pair@QAUlua_State@@PAVILuaInterface@@@std@@@2@@std@@@std@@QBE?AU?$_Wrap_alloc@V?$allocator@U?$_Tree_node@U?$pair@QAUlua_State@@PAVILuaInterface@@@std@@PAX@std@@@std@@@2@XZ 100029be f i ILuaModuleManager.obj
 0001:000019be       ?_Getal@?$_String_alloc@$0A@U?$_String_base_types@DV?$allocator@D@std@@@std@@@std@@QBE?AU?$_Wrap_alloc@V?$allocator@D@std@@@2@XZ 100029be f i ILuaObject.obj
 0001:000019be       ?_Getal@?$_Vector_alloc@$0A@U?$_Vec_base_types@U?$pair@PAVcondition_variable@boost@@PAVmutex@2@@std@@V?$allocator@U?$pair@PAVcondition_variable@boost@@PAVmutex@2@@std@@@2@@std@@@std@@QBE?AU?$_Wrap_alloc@V?$allocator@U?$pair@PAVcondition_variable@boost@@PAVmutex@2@@std@@@std@@@2@XZ 100029be f i nav.obj
 0001:000019be       ?_Getal@?$_Tree_alloc@$0A@U?$_Tree_base_types@U?$pair@QBXUtss_data_node@detail@boost@@@std@@V?$allocator@U?$pair@QBXUtss_data_node@detail@boost@@@std@@@2@@std@@@std@@QBE?AU?$_Wrap_alloc@V?$allocator@U?$_Tree_node@U?$pair@QBXUtss_data_node@detail@boost@@@std@@PAX@std@@@std@@@2@XZ 100029be f i nav.obj
 0001:000019d4       ?deallocate@?$_Wrap_alloc@V?$allocator@U?$_Tree_node@U?$pair@QAUlua_State@@PAVILuaInterface@@@std@@PAX@std@@@std@@@std@@QAEXPAU?$_Tree_node@U?$pair@QAUlua_State@@PAVILuaInterface@@@std@@PAX@2@I@Z 100029d4 f i ILuaModuleManager.obj
 0001:000019d4       ?deallocate@?$_Wrap_alloc@V?$allocator@U?$pair@PAVcondition_variable@boost@@PAVmutex@2@@std@@@std@@@std@@QAEXPAU?$pair@PAVcondition_variable@boost@@PAVmutex@2@@2@I@Z 100029d4 f i nav.obj
 0001:000019d4       ?deallocate@?$_Wrap_alloc@V?$allocator@D@std@@@std@@QAEXPADI@Z 100029d4 f i ILuaObject.obj
 0001:000019d4       ?deallocate@?$_Wrap_alloc@V?$allocator@U?$_Tree_node@U?$pair@QBXUtss_data_node@detail@boost@@@std@@PAX@std@@@std@@@std@@QAEXPAU?$_Tree_node@U?$pair@QBXUtss_data_node@detail@boost@@@std@@PAX@2@I@Z 100029d4 f i nav.obj
 0001:000019ed       ?_Color@?$_Tree_val@U?$_Tree_simple_types@U?$pair@QAUlua_State@@PAVILuaInterface@@@std@@@std@@@std@@SAAADPAU?$_Tree_node@U?$pair@QAUlua_State@@PAVILuaInterface@@@std@@PAX@2@@Z 100029ed f i ILuaModuleManager.obj
 0001:000019ed       ?_Color@?$_Tree_val@U?$_Tree_simple_types@U?$pair@QBXUtss_data_node@detail@boost@@@std@@@std@@@std@@SAAADPAU?$_Tree_node@U?$pair@QBXUtss_data_node@detail@boost@@@std@@PAX@2@@Z 100029ed f i nav.obj
 0001:000019f8       ?_Isnil@?$_Tree_val@U?$_Tree_simple_types@U?$pair@QBXUtss_data_node@detail@boost@@@std@@@std@@@std@@SAAADPAU?$_Tree_node@U?$pair@QBXUtss_data_node@detail@boost@@@std@@PAX@2@@Z 100029f8 f i nav.obj
 0001:000019f8       ?_Isnil@?$_Tree_val@U?$_Tree_simple_types@U?$pair@QAUlua_State@@PAVILuaInterface@@@std@@@std@@@std@@SAAADPAU?$_Tree_node@U?$pair@QAUlua_State@@PAVILuaInterface@@@std@@PAX@2@@Z 100029f8 f i ILuaModuleManager.obj
 0001:00001a03       ??$addressof@U?$pair@QBXUtss_data_node@detail@boost@@@std@@@std@@YAPAU?$pair@QBXUtss_data_node@detail@boost@@@0@AAU10@@Z 10002a03 f i nav.obj
 0001:00001a03       ??$forward@AAV?$_Tree_iterator@V?$_Tree_val@U?$_Tree_simple_types@U?$pair@QAUlua_State@@PAVILuaInterface@@@std@@@std@@@std@@@std@@@std@@YAAAV?$_Tree_iterator@V?$_Tree_val@U?$_Tree_simple_types@U?$pair@QAUlua_State@@PAVILuaInterface@@@std@@@std@@@std@@@0@AAV10@@Z 10002a03 f i ILuaModuleManager.obj
 0001:00001a03       ?unwrap@?$unwrapper@V?$mf1@XVNav@@PA_N@_mfi@boost@@@_bi@boost@@SAAAV?$mf1@XVNav@@PA_N@_mfi@3@AAV453@J@Z 10002a03 f i nav.obj
 0001:00001a03       ??$addressof@PAU?$_Tree_node@U?$pair@QBXUtss_data_node@detail@boost@@@std@@PAX@std@@@std@@YAPAPAU?$_Tree_node@U?$pair@QBXUtss_data_node@detail@boost@@@std@@PAX@0@AAPAU10@@Z 10002a03 f i nav.obj
 0001:00001a03       ??$forward@V?$bind_t@XV?$mf3@XVNav@@PAUJobInfo_t@@PAVNode@@PAV3@@_mfi@boost@@V?$list4@V?$value@PAVNav@@@_bi@boost@@V?$value@PAUJobInfo_t@@@23@V?$value@PAVNode@@@23@V523@@_bi@3@@_bi@boost@@AAV123@@boost@@YA$$QAV?$bind_t@XV?$mf3@XVNav@@PAUJobInfo_t@@PAVNode@@PAV3@@_mfi@boost@@V?$list4@V?$value@PAVNav@@@_bi@boost@@V?$value@PAUJobInfo_t@@@23@V?$value@PAVNode@@@23@V523@@_bi@3@@_bi@0@AAV120@PAX@Z 10002a03 f i nav.obj
 0001:00001a03       ??$_Kfn@QAUlua_State@@PAVILuaInterface@@@?$_Tmap_traits@PAUlua_State@@PAVILuaInterface@@U?$less@PAUlua_State@@@std@@V?$allocator@U?$pair@QAUlua_State@@PAVILuaInterface@@@std@@@4@$0A@@std@@SAABQAUlua_State@@ABU?$pair@QAUlua_State@@PAVILuaInterface@@@1@@Z 10002a03 f i ILuaModuleManager.obj
 0001:00001a03       ?unwrap@?$unwrapper@V?$mf3@XVNav@@PAUJobInfo_t@@PAVNode@@PAV3@@_mfi@boost@@@_bi@boost@@SAAAV?$mf3@XVNav@@PAUJobInfo_t@@PAVNode@@PAV3@@_mfi@3@AAV453@J@Z 10002a03 f i nav.obj
 0001:00001a03       ?_Left@?$_Tree_val@U?$_Tree_simple_types@U?$pair@QBXUtss_data_node@detail@boost@@@std@@@std@@@std@@SAAAPAU?$_Tree_node@U?$pair@QBXUtss_data_node@detail@boost@@@std@@PAX@2@PAU32@@Z 10002a03 f i nav.obj
 0001:00001a03       ??$_Move@AAD@std@@YA$$QADAAD@Z 10002a03 f i ILuaModuleManager.obj
 0001:00001a03       ??$forward@V?$_Tree_iterator@V?$_Tree_val@U?$_Tree_simple_types@U?$pair@QAUlua_State@@PAVILuaInterface@@@std@@@std@@@std@@@std@@@std@@YA$$QAV?$_Tree_iterator@V?$_Tree_val@U?$_Tree_simple_types@U?$pair@QAUlua_State@@PAVILuaInterface@@@std@@@std@@@std@@@0@AAV10@@Z 10002a03 f i ILuaModuleManager.obj
 0001:00001a03       ??$forward@PAUlua_State@@@std@@YA$$QAPAUlua_State@@AAPAU1@@Z 10002a03 f i ILuaModuleManager.obj
 0001:00001a03       ??$forward@PAVILuaInterface@@@std@@YA$$QAPAVILuaInterface@@AAPAV1@@Z 10002a03 f i ILuaModuleManager.obj
 0001:00001a03       ??$forward@AAPAD@std@@YAAAPADAAPAD@Z 10002a03 f i ILuaObject.obj
 0001:00001a03       ??$addressof@D@std@@YAPADAAD@Z 10002a03 f i ILuaObject.obj
 0001:00001a03       ??$forward@AAPAU?$_Tree_node@U?$pair@QBXUtss_data_node@detail@boost@@@std@@PAX@std@@@std@@YAAAPAU?$_Tree_node@U?$pair@QBXUtss_data_node@detail@boost@@@std@@PAX@0@AAPAU10@@Z 10002a03 f i nav.obj
 0001:00001a03       ??$forward@U?$pair@PAUlua_State@@PAVILuaInterface@@@std@@@std@@YA$$QAU?$pair@PAUlua_State@@PAVILuaInterface@@@0@AAU10@@Z 10002a03 f i ILuaModuleManager.obj
 0001:00001a03       ??$addressof@U?$pair@QAUlua_State@@PAVILuaInterface@@@std@@@std@@YAPAU?$pair@QAUlua_State@@PAVILuaInterface@@@0@AAU10@@Z 10002a03 f i ILuaModuleManager.obj
 0001:00001a03       ??$addressof@PAU?$_Tree_node@U?$pair@QAUlua_State@@PAVILuaInterface@@@std@@PAX@std@@@std@@YAPAPAU?$_Tree_node@U?$pair@QAUlua_State@@PAVILuaInterface@@@std@@PAX@0@AAPAU10@@Z 10002a03 f i ILuaModuleManager.obj
 0001:00001a03       ??$forward@V?$bind_t@XV?$mf1@XVNav@@PA_N@_mfi@boost@@V?$list2@V?$value@PAVNav@@@_bi@boost@@V?$value@PA_N@23@@_bi@3@@_bi@boost@@AAV123@@boost@@YA$$QAV?$bind_t@XV?$mf1@XVNav@@PA_N@_mfi@boost@@V?$list2@V?$value@PAVNav@@@_bi@boost@@V?$value@PA_N@23@@_bi@3@@_bi@0@AAV120@PAX@Z 10002a03 f i nav.obj
 0001:00001a03       ??$forward@AAPAU?$_Tree_node@U?$pair@QAUlua_State@@PAVILuaInterface@@@std@@PAX@std@@@std@@YAAAPAU?$_Tree_node@U?$pair@QAUlua_State@@PAVILuaInterface@@@std@@PAX@0@AAPAU10@@Z 10002a03 f i ILuaModuleManager.obj
 0001:00001a03       ??$forward@ABQAUlua_State@@@std@@YAABQAUlua_State@@ABQAU1@@Z 10002a03 f i ILuaModuleManager.obj
 0001:00001a03       ??$forward@AAU?$pair@QAUlua_State@@PAVILuaInterface@@@std@@@std@@YAAAU?$pair@QAUlua_State@@PAVILuaInterface@@@0@AAU10@@Z 10002a03 f i ILuaModuleManager.obj
 0001:00001a03       ??$forward@_N@std@@YA$$QA_NAA_N@Z 10002a03 f i ILuaModuleManager.obj
 0001:00001a03       ?_Left@?$_Tree_val@U?$_Tree_simple_types@U?$pair@QAUlua_State@@PAVILuaInterface@@@std@@@std@@@std@@SAAAPAU?$_Tree_node@U?$pair@QAUlua_State@@PAVILuaInterface@@@std@@PAX@2@PAU32@@Z 10002a03 f i ILuaModuleManager.obj
 0001:00001a0b       ?_Parent@?$_Tree_val@U?$_Tree_simple_types@U?$pair@QBXUtss_data_node@detail@boost@@@std@@@std@@@std@@SAAAPAU?$_Tree_node@U?$pair@QBXUtss_data_node@detail@boost@@@std@@PAX@2@PAU32@@Z 10002a0b f i nav.obj
 0001:00001a0b       ?_Parent@?$_Tree_val@U?$_Tree_simple_types@U?$pair@QAUlua_State@@PAVILuaInterface@@@std@@@std@@@std@@SAAAPAU?$_Tree_node@U?$pair@QAUlua_State@@PAVILuaInterface@@@std@@PAX@2@PAU32@@Z 10002a0b f i ILuaModuleManager.obj
 0001:00001a16       ?_Right@?$_Tree_val@U?$_Tree_simple_types@U?$pair@QAUlua_State@@PAVILuaInterface@@@std@@@std@@@std@@SAAAPAU?$_Tree_node@U?$pair@QAUlua_State@@PAVILuaInterface@@@std@@PAX@2@PAU32@@Z 10002a16 f i ILuaModuleManager.obj
 0001:00001a16       ?_Right@?$_Tree_val@U?$_Tree_simple_types@U?$pair@QBXUtss_data_node@detail@boost@@@std@@@std@@@std@@SAAAPAU?$_Tree_node@U?$pair@QBXUtss_data_node@detail@boost@@@std@@PAX@2@PAU32@@Z 10002a16 f i nav.obj
 0001:00001a21       ?_Max@?$_Tree_val@U?$_Tree_simple_types@U?$pair@QAUlua_State@@PAVILuaInterface@@@std@@@std@@@std@@SAPAU?$_Tree_node@U?$pair@QAUlua_State@@PAVILuaInterface@@@std@@PAX@2@PAU32@@Z 10002a21 f i ILuaModuleManager.obj
 0001:00001a21       ?_Max@?$_Tree_val@U?$_Tree_simple_types@U?$pair@QBXUtss_data_node@detail@boost@@@std@@@std@@@std@@SAPAU?$_Tree_node@U?$pair@QBXUtss_data_node@detail@boost@@@std@@PAX@2@PAU32@@Z 10002a21 f i nav.obj
 0001:00001a51       ?_Min@?$_Tree_val@U?$_Tree_simple_types@U?$pair@QBXUtss_data_node@detail@boost@@@std@@@std@@@std@@SAPAU?$_Tree_node@U?$pair@QBXUtss_data_node@detail@boost@@@std@@PAX@2@PAU32@@Z 10002a51 f i nav.obj
 0001:00001a51       ?_Min@?$_Tree_val@U?$_Tree_simple_types@U?$pair@QAUlua_State@@PAVILuaInterface@@@std@@@std@@@std@@SAPAU?$_Tree_node@U?$pair@QAUlua_State@@PAVILuaInterface@@@std@@PAX@2@PAU32@@Z 10002a51 f i ILuaModuleManager.obj
 0001:00001a81       ??0?$_Tree_const_iterator@V?$_Tree_val@U?$_Tree_simple_types@U?$pair@QBXUtss_data_node@detail@boost@@@std@@@std@@@std@@@std@@QAE@PAU?$_Tree_node@U?$pair@QBXUtss_data_node@detail@boost@@@std@@PAX@1@PBV?$_Tree_val@U?$_Tree_simple_types@U?$pair@QBXUtss_data_node@detail@boost@@@std@@@std@@@1@@Z 10002a81 f i nav.obj
 0001:00001a81       ??0?$_Tree_const_iterator@V?$_Tree_val@U?$_Tree_simple_types@U?$pair@QAUlua_State@@PAVILuaInterface@@@std@@@std@@@std@@@std@@QAE@PAU?$_Tree_node@U?$pair@QAUlua_State@@PAVILuaInterface@@@std@@PAX@1@PBV?$_Tree_val@U?$_Tree_simple_types@U?$pair@QAUlua_State@@PAVILuaInterface@@@std@@@std@@@1@@Z 10002a81 f i ILuaModuleManager.obj
 0001:00001a9d       ??D?$_Tree_const_iterator@V?$_Tree_val@U?$_Tree_simple_types@U?$pair@QAUlua_State@@PAVILuaInterface@@@std@@@std@@@std@@@std@@QBEABU?$pair@QAUlua_State@@PAVILuaInterface@@@1@XZ 10002a9d f i ILuaModuleManager.obj
 0001:00001ab1       ??E?$_Tree_const_iterator@V?$_Tree_val@U?$_Tree_simple_types@U?$pair@QBXUtss_data_node@detail@boost@@@std@@@std@@@std@@@std@@QAEAAV01@XZ 10002ab1 f i nav.obj
 0001:00001ab1       ??E?$_Tree_const_iterator@V?$_Tree_val@U?$_Tree_simple_types@U?$pair@QAUlua_State@@PAVILuaInterface@@@std@@@std@@@std@@@std@@QAEAAV01@XZ 10002ab1 f i ILuaModuleManager.obj
 0001:00001ac5       ??0?$_Tree_alloc@$0A@U?$_Tree_base_types@U?$pair@QAUlua_State@@PAVILuaInterface@@@std@@V?$allocator@U?$pair@QAUlua_State@@PAVILuaInterface@@@std@@@2@@std@@@std@@QAE@ABV?$allocator@U?$pair@QAUlua_State@@PAVILuaInterface@@@std@@@1@@Z 10002ac5 f i ILuaModuleManager.obj
 0001:00001ae8       ??0?$_Wrap_alloc@V?$allocator@U?$pair@PAVcondition_variable@boost@@PAVmutex@2@@std@@@std@@@std@@QAE@XZ 10002ae8 f i nav.obj
 0001:00001ae8       ??0?$_Wrap_alloc@V?$allocator@D@std@@@std@@QAE@XZ 10002ae8 f i ILuaObject.obj
 0001:00001ae8       ??0?$_Wrap_alloc@V?$allocator@U?$_Tree_node@U?$pair@QAUlua_State@@PAVILuaInterface@@@std@@PAX@std@@@std@@@std@@QAE@XZ 10002ae8 f i ILuaModuleManager.obj
 0001:00001ae8       ??0VectorAligned@@QAE@XZ   10002ae8 f i nav.obj
 0001:00001ae8       ??0?$_Wrap_alloc@V?$allocator@U?$_Tree_node@U?$pair@QBXUtss_data_node@detail@boost@@@std@@PAX@std@@@std@@@std@@QAE@XZ 10002ae8 f i nav.obj
 0001:00001ae8       ??0cplane_t@@QAE@XZ        10002ae8 f i nav.obj
 0001:00001afc       ?deallocate@?$allocator@U?$pair@PAVcondition_variable@boost@@PAVmutex@2@@std@@@std@@QAEXPAU?$pair@PAVcondition_variable@boost@@PAVmutex@2@@2@I@Z 10002afc f i nav.obj
 0001:00001afc       ?deallocate@?$allocator@U?$_Tree_node@U?$pair@QAUlua_State@@PAVILuaInterface@@@std@@PAX@std@@@std@@QAEXPAU?$_Tree_node@U?$pair@QAUlua_State@@PAVILuaInterface@@@std@@PAX@2@I@Z 10002afc f i ILuaModuleManager.obj
 0001:00001afc       ?deallocate@?$allocator@D@std@@QAEXPADI@Z 10002afc f i ILuaObject.obj
 0001:00001afc       ?deallocate@?$allocator@U?$_Tree_node@U?$pair@QBXUtss_data_node@detail@boost@@@std@@PAX@std@@@std@@QAEXPAU?$_Tree_node@U?$pair@QBXUtss_data_node@detail@boost@@@std@@PAX@2@I@Z 10002afc f i nav.obj
 0001:00001b10       ??0?$_Tree_unchecked_const_iterator@V?$_Tree_val@U?$_Tree_simple_types@U?$pair@QAUlua_State@@PAVILuaInterface@@@std@@@std@@@std@@U_Iterator_base0@2@@std@@QAE@PAU?$_Tree_node@U?$pair@QAUlua_State@@PAVILuaInterface@@@std@@PAX@1@PBV?$_Tree_val@U?$_Tree_simple_types@U?$pair@QAUlua_State@@PAVILuaInterface@@@std@@@std@@@1@@Z 10002b10 f i ILuaModuleManager.obj
 0001:00001b10       ??0?$_Tree_unchecked_const_iterator@V?$_Tree_val@U?$_Tree_simple_types@U?$pair@QBXUtss_data_node@detail@boost@@@std@@@std@@@std@@U_Iterator_base0@2@@std@@QAE@PAU?$_Tree_node@U?$pair@QBXUtss_data_node@detail@boost@@@std@@PAX@1@PBV?$_Tree_val@U?$_Tree_simple_types@U?$pair@QBXUtss_data_node@detail@boost@@@std@@@std@@@1@@Z 10002b10 f i nav.obj
 0001:00001b31       ??E?$_Tree_unchecked_const_iterator@V?$_Tree_val@U?$_Tree_simple_types@U?$pair@QAUlua_State@@PAVILuaInterface@@@std@@@std@@@std@@U_Iterator_base0@2@@std@@QAEAAV01@XZ 10002b31 f i ILuaModuleManager.obj
 0001:00001b31       ??E?$_Tree_unchecked_const_iterator@V?$_Tree_val@U?$_Tree_simple_types@U?$pair@QBXUtss_data_node@detail@boost@@@std@@@std@@@std@@U_Iterator_base0@2@@std@@QAEAAV01@XZ 10002b31 f i nav.obj
 0001:00001bca       ?_Buyheadnode@?$_Tree_alloc@$0A@U?$_Tree_base_types@U?$pair@QAUlua_State@@PAVILuaInterface@@@std@@V?$allocator@U?$pair@QAUlua_State@@PAVILuaInterface@@@std@@@2@@std@@@std@@QAEPAU?$_Tree_node@U?$pair@QAUlua_State@@PAVILuaInterface@@@std@@PAX@2@XZ 10002bca f i ILuaModuleManager.obj
 0001:00001d06       ??0?$_Tree_val@U?$_Tree_simple_types@U?$pair@QAUlua_State@@PAVILuaInterface@@@std@@@std@@@std@@QAE@XZ 10002d06 f i ILuaModuleManager.obj
 0001:00001d06       ??0?$_Tree_val@U?$_Tree_simple_types@U?$pair@QBXUtss_data_node@detail@boost@@@std@@@std@@@std@@QAE@XZ 10002d06 f i nav.obj
 0001:00001d1f       ?allocate@?$_Wrap_alloc@V?$allocator@U?$_Tree_node@U?$pair@QAUlua_State@@PAVILuaInterface@@@std@@PAX@std@@@std@@@std@@QAEPAU?$_Tree_node@U?$pair@QAUlua_State@@PAVILuaInterface@@@std@@PAX@2@I@Z 10002d1f f i ILuaModuleManager.obj
 0001:00001d35       ?allocate@?$allocator@U?$_Tree_node@U?$pair@QAUlua_State@@PAVILuaInterface@@@std@@PAX@std@@@std@@QAEPAU?$_Tree_node@U?$pair@QAUlua_State@@PAVILuaInterface@@@std@@PAX@2@I@Z 10002d35 f i ILuaModuleManager.obj
 0001:00001d4c       ??$?0ABQAUlua_State@@PAVILuaInterface@@@?$pair@PAUlua_State@@PAVILuaInterface@@@std@@QAE@ABQAUlua_State@@$$QAPAVILuaInterface@@PAPAX@Z 10002d4c f i ILuaModuleManager.obj
 0001:00001d7b       ??$insert@U?$pair@PAUlua_State@@PAVILuaInterface@@@std@@@?$_Tree@V?$_Tmap_traits@PAUlua_State@@PAVILuaInterface@@U?$less@PAUlua_State@@@std@@V?$allocator@U?$pair@QAUlua_State@@PAVILuaInterface@@@std@@@4@$0A@@std@@@std@@QAE?AV?$_Tree_iterator@V?$_Tree_val@U?$_Tree_simple_types@U?$pair@QAUlua_State@@PAVILuaInterface@@@std@@@std@@@std@@@1@V?$_Tree_const_iterator@V?$_Tree_val@U?$_Tree_simple_types@U?$pair@QAUlua_State@@PAVILuaInterface@@@std@@@std@@@std@@@1@$$QAU?$pair@PAUlua_State@@PAVILuaInterface@@@1@@Z 10002d7b f i ILuaModuleManager.obj
 0001:00001dba       ??$?0V?$_Tree_iterator@V?$_Tree_val@U?$_Tree_simple_types@U?$pair@QAUlua_State@@PAVILuaInterface@@@std@@@std@@@std@@@std@@V01@@?$pair@V?$_Tree_iterator@V?$_Tree_val@U?$_Tree_simple_types@U?$pair@QAUlua_State@@PAVILuaInterface@@@std@@@std@@@std@@@std@@V12@@std@@QAE@$$QAU01@PAPAX@Z 10002dba f i ILuaModuleManager.obj
 0001:00001ded       ??$_Distance@V?$_Tree_iterator@V?$_Tree_val@U?$_Tree_simple_types@U?$pair@QAUlua_State@@PAVILuaInterface@@@std@@@std@@@std@@@std@@I@std@@YAXV?$_Tree_iterator@V?$_Tree_val@U?$_Tree_simple_types@U?$pair@QAUlua_State@@PAVILuaInterface@@@std@@@std@@@std@@@0@0AAI@Z 10002ded f i ILuaModuleManager.obj
 0001:00001e19       ??$swap@D@std@@YAXAAD0@Z   10002e19 f i ILuaModuleManager.obj
 0001:00001e4e       ??$destroy@PAU?$_Tree_node@U?$pair@QAUlua_State@@PAVILuaInterface@@@std@@PAX@std@@@?$_Wrap_alloc@V?$allocator@U?$_Tree_node@U?$pair@QAUlua_State@@PAVILuaInterface@@@std@@PAX@std@@@std@@@std@@QAEXPAPAU?$_Tree_node@U?$pair@QAUlua_State@@PAVILuaInterface@@@std@@PAX@1@@Z 10002e4e f i ILuaModuleManager.obj
 0001:00001e4e       ??$destroy@PAD@?$_Wrap_alloc@V?$allocator@D@std@@@std@@QAEXPAPAD@Z 10002e4e f i ILuaObject.obj
 0001:00001e4e       ??$destroy@PAU?$_Tree_node@U?$pair@QBXUtss_data_node@detail@boost@@@std@@PAX@std@@@?$_Wrap_alloc@V?$allocator@U?$_Tree_node@U?$pair@QBXUtss_data_node@detail@boost@@@std@@PAX@std@@@std@@@std@@QAEXPAPAU?$_Tree_node@U?$pair@QBXUtss_data_node@detail@boost@@@std@@PAX@1@@Z 10002e4e f i nav.obj
 0001:00001e4e       ??$destroy@U?$pair@PAVcondition_variable@boost@@PAVmutex@2@@std@@@?$_Wrap_alloc@V?$allocator@U?$pair@PAVcondition_variable@boost@@PAVmutex@2@@std@@@std@@@std@@QAEXPAU?$pair@PAVcondition_variable@boost@@PAVmutex@2@@1@@Z 10002e4e f i nav.obj
 0001:00001e4e       ??$destroy@U?$pair@QAUlua_State@@PAVILuaInterface@@@std@@@?$_Wrap_alloc@V?$allocator@U?$_Tree_node@U?$pair@QAUlua_State@@PAVILuaInterface@@@std@@PAX@std@@@std@@@std@@QAEXPAU?$pair@QAUlua_State@@PAVILuaInterface@@@1@@Z 10002e4e f i ILuaModuleManager.obj
 0001:00001e66       ??$?0AAV?$_Tree_iterator@V?$_Tree_val@U?$_Tree_simple_types@U?$pair@QAUlua_State@@PAVILuaInterface@@@std@@@std@@@std@@@std@@AAV01@@?$pair@V?$_Tree_iterator@V?$_Tree_val@U?$_Tree_simple_types@U?$pair@QAUlua_State@@PAVILuaInterface@@@std@@@std@@@std@@@std@@V12@@std@@QAE@AAV?$_Tree_iterator@V?$_Tree_val@U?$_Tree_simple_types@U?$pair@QAUlua_State@@PAVILuaInterface@@@std@@@std@@@std@@@1@0PAPAX@Z 10002e66 f i ILuaModuleManager.obj
 0001:00001e95       ??$construct@PAU?$_Tree_node@U?$pair@QBXUtss_data_node@detail@boost@@@std@@PAX@std@@AAPAU12@@?$_Wrap_alloc@V?$allocator@U?$_Tree_node@U?$pair@QBXUtss_data_node@detail@boost@@@std@@PAX@std@@@std@@@std@@QAEXPAPAU?$_Tree_node@U?$pair@QBXUtss_data_node@detail@boost@@@std@@PAX@1@AAPAU21@@Z 10002e95 f i nav.obj
 0001:00001e95       ??$construct@PAU?$_Tree_node@U?$pair@QAUlua_State@@PAVILuaInterface@@@std@@PAX@std@@AAPAU12@@?$_Wrap_alloc@V?$allocator@U?$_Tree_node@U?$pair@QAUlua_State@@PAVILuaInterface@@@std@@PAX@std@@@std@@@std@@QAEXPAPAU?$_Tree_node@U?$pair@QAUlua_State@@PAVILuaInterface@@@std@@PAX@1@AAPAU21@@Z 10002e95 f i ILuaModuleManager.obj
 0001:00001e95       ??$construct@PADAAPAD@?$_Wrap_alloc@V?$allocator@D@std@@@std@@QAEXPAPADAAPAD@Z 10002e95 f i ILuaObject.obj
 0001:00001eb8       ??$_Allocate@U?$_Tree_node@U?$pair@QAUlua_State@@PAVILuaInterface@@@std@@PAX@std@@@std@@YAPAU?$_Tree_node@U?$pair@QAUlua_State@@PAVILuaInterface@@@std@@PAX@0@IPAU10@@Z 10002eb8 f i ILuaModuleManager.obj
 0001:00001ef1       ??$_Buynode@U?$pair@PAUlua_State@@PAVILuaInterface@@@std@@@?$_Tree_buy@U?$pair@QAUlua_State@@PAVILuaInterface@@@std@@V?$allocator@U?$pair@QAUlua_State@@PAVILuaInterface@@@std@@@2@@std@@QAEPAU?$_Tree_node@U?$pair@QAUlua_State@@PAVILuaInterface@@@std@@PAX@1@$$QAU?$pair@PAUlua_State@@PAVILuaInterface@@@1@@Z 10002ef1 f i ILuaModuleManager.obj
 0001:00001fbe       ??$_Insert_hint@AAU?$pair@QAUlua_State@@PAVILuaInterface@@@std@@PAU?$_Tree_node@U?$pair@QAUlua_State@@PAVILuaInterface@@@std@@PAX@2@@?$_Tree@V?$_Tmap_traits@PAUlua_State@@PAVILuaInterface@@U?$less@PAUlua_State@@@std@@V?$allocator@U?$pair@QAUlua_State@@PAVILuaInterface@@@std@@@4@$0A@@std@@@std@@IAE?AV?$_Tree_iterator@V?$_Tree_val@U?$_Tree_simple_types@U?$pair@QAUlua_State@@PAVILuaInterface@@@std@@@std@@@std@@@1@V?$_Tree_const_iterator@V?$_Tree_val@U?$_Tree_simple_types@U?$pair@QAUlua_State@@PAVILuaInterface@@@std@@@std@@@std@@@1@AAU?$pair@QAUlua_State@@PAVILuaInterface@@@1@PAU?$_Tree_node@U?$pair@QAUlua_State@@PAVILuaInterface@@@std@@PAX@1@@Z 10002fbe f i ILuaModuleManager.obj
 0001:00002ac2       ??$_Iter_cat@V?$_Tree_iterator@V?$_Tree_val@U?$_Tree_simple_types@U?$pair@QAUlua_State@@PAVILuaInterface@@@std@@@std@@@std@@@std@@@std@@YA?AUbidirectional_iterator_tag@0@ABV?$_Tree_iterator@V?$_Tree_val@U?$_Tree_simple_types@U?$pair@QAUlua_State@@PAVILuaInterface@@@std@@@std@@@std@@@0@@Z 10003ac2 f i ILuaModuleManager.obj
 0001:00002ad3       ??$_Distance2@V?$_Tree_iterator@V?$_Tree_val@U?$_Tree_simple_types@U?$pair@QAUlua_State@@PAVILuaInterface@@@std@@@std@@@std@@@std@@I@std@@YAXV?$_Tree_iterator@V?$_Tree_val@U?$_Tree_simple_types@U?$pair@QAUlua_State@@PAVILuaInterface@@@std@@@std@@@std@@@0@0AAIUbidirectional_iterator_tag@0@@Z 10003ad3 f i ILuaModuleManager.obj
 0001:00002b02       ??$destroy@U?$pair@PAVcondition_variable@boost@@PAVmutex@2@@std@@@?$allocator_traits@V?$allocator@U?$pair@PAVcondition_variable@boost@@PAVmutex@2@@std@@@std@@@std@@SAXAAV?$allocator@U?$pair@PAVcondition_variable@boost@@PAVmutex@2@@std@@@1@PAU?$pair@PAVcondition_variable@boost@@PAVmutex@2@@1@@Z 10003b02 f i nav.obj
 0001:00002b02       ??$destroy@PAU?$_Tree_node@U?$pair@QAUlua_State@@PAVILuaInterface@@@std@@PAX@std@@@?$allocator_traits@V?$allocator@U?$_Tree_node@U?$pair@QAUlua_State@@PAVILuaInterface@@@std@@PAX@std@@@std@@@std@@SAXAAV?$allocator@U?$_Tree_node@U?$pair@QAUlua_State@@PAVILuaInterface@@@std@@PAX@std@@@1@PAPAU?$_Tree_node@U?$pair@QAUlua_State@@PAVILuaInterface@@@std@@PAX@1@@Z 10003b02 f i ILuaModuleManager.obj
 0001:00002b02       ??$destroy@U?$pair@QAUlua_State@@PAVILuaInterface@@@std@@@?$allocator_traits@V?$allocator@U?$_Tree_node@U?$pair@QAUlua_State@@PAVILuaInterface@@@std@@PAX@std@@@std@@@std@@SAXAAV?$allocator@U?$_Tree_node@U?$pair@QAUlua_State@@PAVILuaInterface@@@std@@PAX@std@@@1@PAU?$pair@QAUlua_State@@PAVILuaInterface@@@1@@Z 10003b02 f i ILuaModuleManager.obj
 0001:00002b02       ??$destroy@PAD@?$allocator_traits@V?$allocator@D@std@@@std@@SAXAAV?$allocator@D@1@PAPAD@Z 10003b02 f i ILuaObject.obj
 0001:00002b02       ??$destroy@PAU?$_Tree_node@U?$pair@QBXUtss_data_node@detail@boost@@@std@@PAX@std@@@?$allocator_traits@V?$allocator@U?$_Tree_node@U?$pair@QBXUtss_data_node@detail@boost@@@std@@PAX@std@@@std@@@std@@SAXAAV?$allocator@U?$_Tree_node@U?$pair@QBXUtss_data_node@detail@boost@@@std@@PAX@std@@@1@PAPAU?$_Tree_node@U?$pair@QBXUtss_data_node@detail@boost@@@std@@PAX@1@@Z 10003b02 f i nav.obj
 0001:00002b12       ??$construct@PADAAPAD@?$allocator_traits@V?$allocator@D@std@@@std@@SAXAAV?$allocator@D@1@PAPADAAPAD@Z 10003b12 f i ILuaObject.obj
 0001:00002b12       ??$construct@PAU?$_Tree_node@U?$pair@QBXUtss_data_node@detail@boost@@@std@@PAX@std@@AAPAU12@@?$allocator_traits@V?$allocator@U?$_Tree_node@U?$pair@QBXUtss_data_node@detail@boost@@@std@@PAX@std@@@std@@@std@@SAXAAV?$allocator@U?$_Tree_node@U?$pair@QBXUtss_data_node@detail@boost@@@std@@PAX@std@@@1@PAPAU?$_Tree_node@U?$pair@QBXUtss_data_node@detail@boost@@@std@@PAX@1@AAPAU31@@Z 10003b12 f i nav.obj
 0001:00002b12       ??$construct@PAU?$_Tree_node@U?$pair@QAUlua_State@@PAVILuaInterface@@@std@@PAX@std@@AAPAU12@@?$allocator_traits@V?$allocator@U?$_Tree_node@U?$pair@QAUlua_State@@PAVILuaInterface@@@std@@PAX@std@@@std@@@std@@SAXAAV?$allocator@U?$_Tree_node@U?$pair@QAUlua_State@@PAVILuaInterface@@@std@@PAX@std@@@1@PAPAU?$_Tree_node@U?$pair@QAUlua_State@@PAVILuaInterface@@@std@@PAX@1@AAPAU31@@Z 10003b12 f i ILuaModuleManager.obj
 0001:00002b2c       ?size@?$_Tree@V?$_Tmap_traits@PAUlua_State@@PAVILuaInterface@@U?$less@PAUlua_State@@@std@@V?$allocator@U?$pair@QAUlua_State@@PAVILuaInterface@@@std@@@4@$0A@@std@@@std@@QBEIXZ 10003b2c f i ILuaModuleManager.obj
 0001:00002b2c       ?category@error_condition@std@@QBEABVerror_category@2@XZ 10003b2c f i ILuaObject.obj
 0001:00002b2c       ?NumAllocated@?$CUtlMemory@PAVNode@@H@@QBEHXZ 10003b2c f i nav.obj
 0001:00002b2c       ?category@error_code@std@@QBEABVerror_category@2@XZ 10003b2c f i ILuaObject.obj
 0001:00002b2c       ?NumAllocated@?$CUtlMemory@PAUJobInfo_t@@H@@QBEHXZ 10003b2c f i main.obj
 0001:00002b3b       ?_Destroy_if_not_nil@?$_Tree@V?$_Tmap_traits@PAUlua_State@@PAVILuaInterface@@U?$less@PAUlua_State@@@std@@V?$allocator@U?$pair@QAUlua_State@@PAVILuaInterface@@@std@@@4@$0A@@std@@@std@@IAEXPAU?$_Tree_node@U?$pair@QAUlua_State@@PAVILuaInterface@@@std@@PAX@2@@Z 10003b3b f i ILuaModuleManager.obj
 0001:00002b83       ?_Buynode0@?$_Tree_buy@U?$pair@QAUlua_State@@PAVILuaInterface@@@std@@V?$allocator@U?$pair@QAUlua_State@@PAVILuaInterface@@@std@@@2@@std@@QAEPAU?$_Tree_node@U?$pair@QAUlua_State@@PAVILuaInterface@@@std@@PAX@2@XZ 10003b83 f i ILuaModuleManager.obj
 0001:00002ca4       ?_Freeheadnode@?$_Tree_alloc@$0A@U?$_Tree_base_types@U?$pair@QBXUtss_data_node@detail@boost@@@std@@V?$allocator@U?$pair@QBXUtss_data_node@detail@boost@@@std@@@2@@std@@@std@@QAEXPAU?$_Tree_node@U?$pair@QBXUtss_data_node@detail@boost@@@std@@PAX@2@@Z 10003ca4 f i nav.obj
 0001:00002ca4       ?_Freenode0@?$_Tree_buy@U?$pair@QAUlua_State@@PAVILuaInterface@@@std@@V?$allocator@U?$pair@QAUlua_State@@PAVILuaInterface@@@std@@@2@@std@@QAEXPAU?$_Tree_node@U?$pair@QAUlua_State@@PAVILuaInterface@@@std@@PAX@2@@Z 10003ca4 f i ILuaModuleManager.obj
 0001:00002d34       ??0?$_Tree_const_iterator@V?$_Tree_val@U?$_Tree_simple_types@U?$pair@QAUlua_State@@PAVILuaInterface@@@std@@@std@@@std@@@std@@QAE@XZ 10003d34 f i ILuaModuleManager.obj
 0001:00002d48       ??F?$_Tree_const_iterator@V?$_Tree_val@U?$_Tree_simple_types@U?$pair@QAUlua_State@@PAVILuaInterface@@@std@@@std@@@std@@@std@@QAEAAV01@XZ 10003d48 f i ILuaModuleManager.obj
 0001:00002d5c       ??E?$_Tree_iterator@V?$_Tree_val@U?$_Tree_simple_types@U?$pair@QAUlua_State@@PAVILuaInterface@@@std@@@std@@@std@@@std@@QAEAAV01@XZ 10003d5c f i ILuaModuleManager.obj
 0001:00002d70       ??0?$_Tree_unchecked_const_iterator@V?$_Tree_val@U?$_Tree_simple_types@U?$pair@QAUlua_State@@PAVILuaInterface@@@std@@@std@@@std@@U_Iterator_base0@2@@std@@QAE@XZ 10003d70 f i ILuaModuleManager.obj
 0001:00002d70       ??0?$refcount_ptr@Uerror_info_container@exception_detail@boost@@@exception_detail@boost@@QAE@XZ 10003d70 f i main.obj
 0001:00002d70       ??0?$intrusive_ptr@Uthread_data_base@detail@boost@@@boost@@QAE@XZ 10003d70 f i nav.obj
 0001:00002d82       ??F?$_Tree_unchecked_const_iterator@V?$_Tree_val@U?$_Tree_simple_types@U?$pair@QAUlua_State@@PAVILuaInterface@@@std@@@std@@@std@@U_Iterator_base0@2@@std@@QAEAAV01@XZ 10003d82 f i ILuaModuleManager.obj
 0001:00002e44       ??$construct@U?$pair@QAUlua_State@@PAVILuaInterface@@@std@@U?$pair@PAUlua_State@@PAVILuaInterface@@@2@@?$_Wrap_alloc@V?$allocator@U?$_Tree_node@U?$pair@QAUlua_State@@PAVILuaInterface@@@std@@PAX@std@@@std@@@std@@QAEXPAU?$pair@QAUlua_State@@PAVILuaInterface@@@1@$$QAU?$pair@PAUlua_State@@PAVILuaInterface@@@1@@Z 10003e44 f i ILuaModuleManager.obj
 0001:00002e67       ??$_Insert_at@AAU?$pair@QAUlua_State@@PAVILuaInterface@@@std@@PAU?$_Tree_node@U?$pair@QAUlua_State@@PAVILuaInterface@@@std@@PAX@2@@?$_Tree@V?$_Tmap_traits@PAUlua_State@@PAVILuaInterface@@U?$less@PAUlua_State@@@std@@V?$allocator@U?$pair@QAUlua_State@@PAVILuaInterface@@@std@@@4@$0A@@std@@@std@@IAE?AV?$_Tree_iterator@V?$_Tree_val@U?$_Tree_simple_types@U?$pair@QAUlua_State@@PAVILuaInterface@@@std@@@std@@@std@@@1@_NPAU?$_Tree_node@U?$pair@QAUlua_State@@PAVILuaInterface@@@std@@PAX@1@AAU?$pair@QAUlua_State@@PAVILuaInterface@@@1@1@Z 10003e67 f i ILuaModuleManager.obj
 0001:000031d5       ??$_Insert_nohint@AAU?$pair@QAUlua_State@@PAVILuaInterface@@@std@@PAU?$_Tree_node@U?$pair@QAUlua_State@@PAVILuaInterface@@@std@@PAX@2@@?$_Tree@V?$_Tmap_traits@PAUlua_State@@PAVILuaInterface@@U?$less@PAUlua_State@@@std@@V?$allocator@U?$pair@QAUlua_State@@PAVILuaInterface@@@std@@@4@$0A@@std@@@std@@IAE?AU?$pair@V?$_Tree_iterator@V?$_Tree_val@U?$_Tree_simple_types@U?$pair@QAUlua_State@@PAVILuaInterface@@@std@@@std@@@std@@@std@@_N@1@_NAAU?$pair@QAUlua_State@@PAVILuaInterface@@@1@PAU?$_Tree_node@U?$pair@QAUlua_State@@PAVILuaInterface@@@std@@PAX@1@@Z 100041d5 f i ILuaModuleManager.obj
 0001:0000356b       ??$construct@PAU?$_Tree_node@U?$pair@QBXUtss_data_node@detail@boost@@@std@@PAX@std@@AAPAU12@@?$allocator@U?$_Tree_node@U?$pair@QBXUtss_data_node@detail@boost@@@std@@PAX@std@@@std@@QAEXPAPAU?$_Tree_node@U?$pair@QBXUtss_data_node@detail@boost@@@std@@PAX@1@AAPAU21@@Z 1000456b f i nav.obj
 0001:0000356b       ??$construct@PADAAPAD@?$allocator@D@std@@QAEXPAPADAAPAD@Z 1000456b f i ILuaObject.obj
 0001:0000356b       ??$construct@PAU?$_Tree_node@U?$pair@QAUlua_State@@PAVILuaInterface@@@std@@PAX@std@@AAPAU12@@?$allocator@U?$_Tree_node@U?$pair@QAUlua_State@@PAVILuaInterface@@@std@@PAX@std@@@std@@QAEXPAPAU?$_Tree_node@U?$pair@QAUlua_State@@PAVILuaInterface@@@std@@PAX@1@AAPAU21@@Z 1000456b f i ILuaModuleManager.obj
 0001:000035e1       ?max_size@?$_Tree@V?$_Tmap_traits@PAUlua_State@@PAVILuaInterface@@U?$less@PAUlua_State@@@std@@V?$allocator@U?$pair@QAUlua_State@@PAVILuaInterface@@@std@@@4@$0A@@std@@@std@@QBEIXZ 100045e1 f i ILuaModuleManager.obj
 0001:000035fe       ??F?$_Tree_iterator@V?$_Tree_val@U?$_Tree_simple_types@U?$pair@QAUlua_State@@PAVILuaInterface@@@std@@@std@@@std@@@std@@QAEAAV01@XZ 100045fe f i ILuaModuleManager.obj
 0001:00003612       ?max_size@?$_Wrap_alloc@V?$allocator@U?$_Tree_node@U?$pair@QAUlua_State@@PAVILuaInterface@@@std@@PAX@std@@@std@@@std@@QBEIXZ 10004612 f i ILuaModuleManager.obj
 0001:00003624       ?max_size@?$allocator_traits@V?$allocator@U?$_Tree_node@U?$pair@QAUlua_State@@PAVILuaInterface@@@std@@PAX@std@@@std@@@std@@SAIABV?$allocator@U?$_Tree_node@U?$pair@QAUlua_State@@PAVILuaInterface@@@std@@PAX@std@@@2@@Z 10004624 f i ILuaModuleManager.obj
 0001:00003631       ?max_size@?$allocator@U?$_Tree_node@U?$pair@QAUlua_State@@PAVILuaInterface@@@std@@PAX@std@@@std@@QBEIXZ 10004631 f i ILuaModuleManager.obj
 0001:0000363f       ??$construct@U?$pair@QAUlua_State@@PAVILuaInterface@@@std@@U?$pair@PAUlua_State@@PAVILuaInterface@@@2@@?$allocator_traits@V?$allocator@U?$_Tree_node@U?$pair@QAUlua_State@@PAVILuaInterface@@@std@@PAX@std@@@std@@@std@@SAXAAV?$allocator@U?$_Tree_node@U?$pair@QAUlua_State@@PAVILuaInterface@@@std@@PAX@std@@@1@PAU?$pair@QAUlua_State@@PAVILuaInterface@@@1@$$QAU?$pair@PAUlua_State@@PAVILuaInterface@@@1@@Z 1000463f f i ILuaModuleManager.obj
 0001:00003659       ??$_Buynode_if_nil@AAU?$pair@QAUlua_State@@PAVILuaInterface@@@std@@@?$_Tree@V?$_Tmap_traits@PAUlua_State@@PAVILuaInterface@@U?$less@PAUlua_State@@@std@@V?$allocator@U?$pair@QAUlua_State@@PAVILuaInterface@@@std@@@4@$0A@@std@@@std@@IAEPAU?$_Tree_node@U?$pair@QAUlua_State@@PAVILuaInterface@@@std@@PAX@1@PAU21@AAU?$pair@QAUlua_State@@PAVILuaInterface@@@1@@Z 10004659 f i ILuaModuleManager.obj
 0001:00003667       ??$?0AAV?$_Tree_iterator@V?$_Tree_val@U?$_Tree_simple_types@U?$pair@QAUlua_State@@PAVILuaInterface@@@std@@@std@@@std@@@std@@_N@?$pair@V?$_Tree_iterator@V?$_Tree_val@U?$_Tree_simple_types@U?$pair@QAUlua_State@@PAVILuaInterface@@@std@@@std@@@std@@@std@@_N@std@@QAE@AAV?$_Tree_iterator@V?$_Tree_val@U?$_Tree_simple_types@U?$pair@QAUlua_State@@PAVILuaInterface@@@std@@@std@@@std@@@1@$$QA_NPAPAX@Z 10004667 f i ILuaModuleManager.obj
 0001:00003667       ??$?0V?$_Tree_iterator@V?$_Tree_val@U?$_Tree_simple_types@U?$pair@QAUlua_State@@PAVILuaInterface@@@std@@@std@@@std@@@std@@_N@?$pair@V?$_Tree_iterator@V?$_Tree_val@U?$_Tree_simple_types@U?$pair@QAUlua_State@@PAVILuaInterface@@@std@@@std@@@std@@@std@@_N@std@@QAE@$$QAV?$_Tree_iterator@V?$_Tree_val@U?$_Tree_simple_types@U?$pair@QAUlua_State@@PAVILuaInterface@@@std@@@std@@@std@@@1@$$QA_NPAPAX@Z 10004667 f i ILuaModuleManager.obj
 0001:00003696       ??$?0V?$_Tree_iterator@V?$_Tree_val@U?$_Tree_simple_types@U?$pair@QAUlua_State@@PAVILuaInterface@@@std@@@std@@@std@@@std@@_N@?$pair@V?$_Tree_iterator@V?$_Tree_val@U?$_Tree_simple_types@U?$pair@QAUlua_State@@PAVILuaInterface@@@std@@@std@@@std@@@std@@_N@std@@QAE@$$QAU01@PAPAX@Z 10004696 f i ILuaModuleManager.obj
 0001:000036c9       ??$construct@U?$pair@QAUlua_State@@PAVILuaInterface@@@std@@U?$pair@PAUlua_State@@PAVILuaInterface@@@2@@?$allocator@U?$_Tree_node@U?$pair@QAUlua_State@@PAVILuaInterface@@@std@@PAX@std@@@std@@QAEXPAU?$pair@QAUlua_State@@PAVILuaInterface@@@1@$$QAU?$pair@PAUlua_State@@PAVILuaInterface@@@1@@Z 100046c9 f i ILuaModuleManager.obj
 0001:00003740       ??$?0PAUlua_State@@PAVILuaInterface@@@?$pair@QAUlua_State@@PAVILuaInterface@@@std@@QAE@$$QAU?$pair@PAUlua_State@@PAVILuaInterface@@@1@PAPAX@Z 10004740 f i ILuaModuleManager.obj
 0001:00003773       ?length@?$char_traits@D@std@@SAIPBD@Z 10004773 f i ILuaObject.obj
 0001:000037bb       ?copy@?$char_traits@D@std@@SAPADPADPBDI@Z 100047bb f i ILuaObject.obj
 0001:000037e6       ?move@?$char_traits@D@std@@SAPADPADPBDI@Z 100047e6 f i ILuaObject.obj
 0001:00003811       ?assign@?$char_traits@D@std@@SAXAADABD@Z 10004811 f i ILuaObject.obj
 0001:00003820       ??0Iterator_t@?$CUtlMemory@U?$UtlLinkedListElem_t@UGroundSeedSpot@@H@@H@@QAE@H@Z 10004820 f i nav.obj
 0001:00003820       ??0Iterator_t@?$CUtlMemory@U?$UtlLinkedListElem_t@UAirSeedSpot@@H@@H@@QAE@H@Z 10004820 f i nav.obj
 0001:00003820       ??0?$storage1@V?$value@PAVNav@@@_bi@boost@@@_bi@boost@@QAE@V?$value@PAVNav@@@12@@Z 10004820 f i nav.obj
 0001:00003820       ??0?$int_adapter@I@date_time@boost@@QAE@I@Z 10004820 f i main.obj
 0001:00003820       ??0?$mf1@XVNav@@PA_N@_mfi@boost@@QAE@P8Nav@@AEXPA_N@Z@Z 10004820 f i nav.obj
 0001:00003820       ??0?$mf3@XVNav@@PAUJobInfo_t@@PAVNode@@PAV3@@_mfi@boost@@QAE@P8Nav@@AEXPAUJobInfo_t@@PAVNode@@1@Z@Z 10004820 f i nav.obj
 0001:00003820       ??0id@locale@std@@QAE@I@Z  10004820 f i ILuaObject.obj
 0001:00003820       ??0handle_manager@win32@detail@boost@@QAE@PAX@Z 10004820 f i nav.obj
 0001:00003836       ??0error_category@std@@QAE@XZ 10004836 f i ILuaObject.obj
 0001:0000384b       ??1error_category@std@@UAE@XZ 1000484b f i ILuaObject.obj
 0001:0000385d       ??8error_category@std@@QBE_NABV01@@Z 1000485d f i ILuaObject.obj
 0001:00003881       ??_Gerror_category@std@@UAEPAXI@Z 10004881 f i ILuaObject.obj
 0001:00003881       ??_Eerror_category@std@@UAEPAXI@Z 10004881 f i * CIL library *:* CIL module *
 0001:000038a8       ??0ILuaObject@@QAE@PAVILuaBase@Lua@GarrysMod@@H@Z 100048a8 f i ILuaObject.obj
 0001:000038a8       ??0error_condition@std@@QAE@HABVerror_category@1@@Z 100048a8 f i ILuaObject.obj
 0001:000038a8       ??0error_code@system@boost@@QAE@HABVerror_category@12@@Z 100048a8 f i nav.obj
 0001:000038c7       ??8error_condition@std@@QBE_NABV01@@Z 100048c7 f i ILuaObject.obj
 0001:0000391a       ?default_error_condition@error_category@std@@UBE?AVerror_condition@2@H@Z 1000491a f i ILuaObject.obj
 0001:00003936       ?equivalent@error_category@std@@UBE_NHABVerror_condition@2@@Z 10004936 f i ILuaObject.obj
 0001:0000395f       ?equivalent@error_category@std@@UBE_NABVerror_code@2@H@Z 1000495f f i ILuaObject.obj
 0001:000039a0       ??0_Generic_error_category@std@@QAE@XZ 100049a0 f i ILuaObject.obj
 0001:000039bd       ?name@_Generic_error_category@std@@UBEPBDXZ 100049bd f i ILuaObject.obj
 0001:000039cb       ?message@_Generic_error_category@std@@UBE?AV?$basic_string@DU?$char_traits@D@std@@V?$allocator@D@2@@2@H@Z 100049cb f i ILuaObject.obj
 0001:00003a14       ??_E_Generic_error_category@std@@UAEPAXI@Z 10004a14 f i * CIL library *:* CIL module *
 0001:00003a14       ??_G_Generic_error_category@std@@UAEPAXI@Z 10004a14 f i ILuaObject.obj
 0001:00003a3b       ??1_Generic_error_category@std@@UAE@XZ 10004a3b f i ILuaObject.obj
 0001:00003a4c       ??0_Iostream_error_category@std@@QAE@XZ 10004a4c f i ILuaObject.obj
 0001:00003a69       ?name@_Iostream_error_category@std@@UBEPBDXZ 10004a69 f i ILuaObject.obj
 0001:00003a77       ?message@_Iostream_error_category@std@@UBE?AV?$basic_string@DU?$char_traits@D@std@@V?$allocator@D@2@@2@H@Z 10004a77 f i ILuaObject.obj
 0001:00003ac4       ??_E_Iostream_error_category@std@@UAEPAXI@Z 10004ac4 f i * CIL library *:* CIL module *
 0001:00003ac4       ??_E_System_error_category@std@@UAEPAXI@Z 10004ac4 f i * CIL library *:* CIL module *
 0001:00003ac4       ??_G_Iostream_error_category@std@@UAEPAXI@Z 10004ac4 f i ILuaObject.obj
 0001:00003ac4       ??_G_System_error_category@std@@UAEPAXI@Z 10004ac4 f i ILuaObject.obj
 0001:00003aeb       ??1_System_error_category@std@@UAE@XZ 10004aeb f i ILuaObject.obj
 0001:00003aeb       ??1_Iostream_error_category@std@@UAE@XZ 10004aeb f i ILuaObject.obj
 0001:00003afc       ??0_System_error_category@std@@QAE@XZ 10004afc f i ILuaObject.obj
 0001:00003b19       ?name@_System_error_category@std@@UBEPBDXZ 10004b19 f i ILuaObject.obj
 0001:00003b27       ?message@_System_error_category@std@@UBE?AV?$basic_string@DU?$char_traits@D@std@@V?$allocator@D@2@@2@H@Z 10004b27 f i ILuaObject.obj
 0001:00003b70       ?default_error_condition@_System_error_category@std@@UBE?AVerror_condition@2@H@Z 10004b70 f i ILuaObject.obj
 0001:00003bb4       ?generic_category@std@@YAABVerror_category@1@XZ 10004bb4 f i ILuaObject.obj
 0001:00003bbe       ?system_category@std@@YAABVerror_category@1@XZ 10004bbe f i ILuaObject.obj
 0001:00003bc8       ?ValidateGrowSize@?$CUtlMemory@PAVNode@@H@@IAEXXZ 10004bc8 f   main.obj
 0001:00003bc8       ?ValidateGrowSize@?$CUtlMemory@U?$UtlLinkedListElem_t@UGroundSeedSpot@@H@@H@@IAEXXZ 10004bc8 f   nav.obj
 0001:00003bc8       ?_Orphan_all@_Container_base0@std@@QAEXXZ 10004bc8 f   nav.obj
 0001:00003bc8       ?ValidateGrowSize@?$CUtlMemory@U?$UtlLinkedListElem_t@UAirSeedSpot@@H@@H@@IAEXXZ 10004bc8 f   nav.obj
 0001:00003bc8       ?ValidateGrowSize@?$CUtlMemory@PAUJobInfo_t@@H@@IAEXXZ 10004bc8 f   main.obj
 0001:00003bc8       ??1ILuaObject@@QAE@XZ      10004bc8 f   ILuaObject.obj
 0001:00003bd1       ?UnReference@ILuaObject@@QAEXXZ 10004bd1 f   ILuaObject.obj
 0001:00003c19       ??_GILuaObject@@QAEPAXI@Z  10004c19 f i ILuaObject.obj
 0001:00003c40       ?SetMember@ILuaObject@@QAEXPBDPAV1@@Z 10004c40 f   ILuaObject.obj
 0001:00003c91       ?SetMember@ILuaObject@@QAEXPBDN@Z 10004c91 f   ILuaObject.obj
 0001:00003cf5       ?SetMember@ILuaObject@@QAEXPBDP6AHPAUlua_State@@@Z@Z 10004cf5 f   ILuaObject.obj
 0001:00003d53       ?SetMember@ILuaObject@@QAEXNPAV1@@Z 10004d53 f   ILuaObject.obj
 0001:00003dab       ?SetMember@ILuaObject@@QAEXMPAV1@@Z 10004dab f   ILuaObject.obj
 0001:00003dcd       ?GetMember@ILuaObject@@QAEPAV1@PBD@Z 10004dcd f   ILuaObject.obj
 0001:00003e82       ?isType@ILuaObject@@QAE_NH@Z 10004e82 f   ILuaObject.obj
 0001:00003ec4       ?isTable@ILuaObject@@QAE_NXZ 10004ec4 f   ILuaObject.obj
 0001:00003ed7       ?Push@ILuaObject@@QAEXXZ   10004ed7 f   ILuaObject.obj
 0001:00003ef8       ??0?$basic_string@DU?$char_traits@D@std@@V?$allocator@D@2@@std@@QAE@PBD@Z 10004ef8 f i ILuaObject.obj
 0001:00003f2f       ??1?$basic_string@DU?$char_traits@D@std@@V?$allocator@D@2@@std@@QAE@XZ 10004f2f f i ILuaObject.obj
 0001:00003f44       ?assign@?$basic_string@DU?$char_traits@D@std@@V?$allocator@D@2@@std@@QAEAAV12@PBD@Z 10004f44 f i ILuaObject.obj
 0001:00003f64       ?size@?$basic_string@DU?$char_traits@D@std@@V?$allocator@D@2@@std@@QBEIXZ 10004f64 f i ILuaObject.obj
 0001:00003f73       ?_Tidy@?$basic_string@DU?$char_traits@D@std@@V?$allocator@D@2@@std@@QAEX_NI@Z 10004f73 f i ILuaObject.obj
 0001:00004002       ??0?$_String_alloc@$0A@U?$_String_base_types@DV?$allocator@D@std@@@std@@@std@@QAE@ABV?$allocator@D@1@@Z 10005002 f i ILuaObject.obj
 0001:00004018       ?_Myptr@?$_String_val@U?$_Simple_types@D@std@@@std@@QBEPBDXZ 10005018 f i ILuaObject.obj
 0001:00004018       ?_Myptr@?$_String_val@U?$_Simple_types@D@std@@@std@@QAEPADXZ 10005018 f i ILuaObject.obj
 0001:00004044       ?assign@?$basic_string@DU?$char_traits@D@std@@V?$allocator@D@2@@std@@QAEAAV12@PBDI@Z 10005044 f i ILuaObject.obj
 0001:000040b8       ?_Eos@?$basic_string@DU?$char_traits@D@std@@V?$allocator@D@2@@std@@QAEXI@Z 100050b8 f i ILuaObject.obj
 0001:000040e8       ?_Xran@?$basic_string@DU?$char_traits@D@std@@V?$allocator@D@2@@std@@QBEXXZ 100050e8 f i ILuaObject.obj
 0001:000040fb       ??0?$_String_val@U?$_Simple_types@D@std@@@std@@QAE@XZ 100050fb f i ILuaObject.obj
 0001:00004115       ?assign@?$basic_string@DU?$char_traits@D@std@@V?$allocator@D@2@@std@@QAEAAV12@ABV12@II@Z 10005115 f i ILuaObject.obj
 0001:000041ba       ?_Grow@?$basic_string@DU?$char_traits@D@std@@V?$allocator@D@2@@std@@QAE_NI_N@Z 100051ba f i ILuaObject.obj
 0001:00004259       ?_Inside@?$basic_string@DU?$char_traits@D@std@@V?$allocator@D@2@@std@@QAE_NPBD@Z 10005259 f i ILuaObject.obj
 0001:00004292       ?_Xlen@?$basic_string@DU?$char_traits@D@std@@V?$allocator@D@2@@std@@QBEXXZ 10005292 f i ILuaObject.obj
 0001:000042a5       ?erase@?$basic_string@DU?$char_traits@D@std@@V?$allocator@D@2@@std@@QAEAAV12@I@Z 100052a5 f i ILuaObject.obj
 0001:000042d1       ?erase@?$basic_string@DU?$char_traits@D@std@@V?$allocator@D@2@@std@@QAEAAV12@II@Z 100052d1 f i ILuaObject.obj
 0001:00004353       ?max_size@?$basic_string@DU?$char_traits@D@std@@V?$allocator@D@2@@std@@QBEIXZ 10005353 f i ILuaObject.obj
 0001:0000438d       ?_Copy@?$basic_string@DU?$char_traits@D@std@@V?$allocator@D@2@@std@@QAEXII@Z 1000538d f i ILuaObject.obj
 0001:0000452d       ?allocate@?$_Wrap_alloc@V?$allocator@D@std@@@std@@QAEPADI@Z 1000552d f i ILuaObject.obj
 0001:00004543       ?max_size@?$_Wrap_alloc@V?$allocator@D@std@@@std@@QBEIXZ 10005543 f i ILuaObject.obj
 0001:00004555       ?allocate@?$allocator@D@std@@QAEPADI@Z 10005555 f i ILuaObject.obj
 0001:0000456c       ?max_size@?$allocator_traits@V?$allocator@D@std@@@std@@SAIABV?$allocator@D@2@@Z 1000556c f i ILuaObject.obj
 0001:00004579       ?max_size@?$allocator@D@std@@QBEIXZ 10005579 f i ILuaObject.obj
 0001:00004585       ??$_Allocate@D@std@@YAPADIPAD@Z 10005585 f i ILuaObject.obj
 0001:000045b7       _kd_create                 100055b7 f   kdtree.obj
 0001:00004643       _kd_clear                  10005643 f   kdtree.obj
 0001:00004791       _kd_insert                 10005791 f   kdtree.obj
 0001:000047f1       _kd_insert3f               100057f1 f   kdtree.obj
 0001:00004bf6       _kd_nearest                10005bf6 f   kdtree.obj
 0001:00004d85       _kd_nearest3f              10005d85 f   kdtree.obj
 0001:00004de1       _kd_nearest_range          10005de1 f   kdtree.obj
 0001:00004e8f       _kd_res_free               10005e8f f   kdtree.obj
 0001:00004eb2       _kd_res_rewind             10005eb2 f   kdtree.obj
 0001:00004ec6       _kd_res_end                10005ec6 f   kdtree.obj
 0001:00004ee5       _kd_res_next               10005ee5 f   kdtree.obj
 0001:00004f13       _kd_res_item               10005f13 f   kdtree.obj
 0001:00004f56       _kd_res_item_data          10005f56 f   kdtree.obj
 0001:0000529c       ??0Vector@@QAE@MMM@Z       1000629c f i main.obj
 0001:000052d0       ??4Vector@@QAEAAV0@ABV0@@Z 100062d0 f i main.obj
 0001:00005300       ??0Vector4D@@QAE@MMMM@Z    10006300 f i main.obj
 0001:00005376       ?min@?$numeric_limits@I@std@@SAIXZ 10006376 f i main.obj
 0001:0000537d       ?InvalidIndex@?$CUtlMemory@U?$UtlLinkedListElem_t@UAirSeedSpot@@H@@H@@SAHXZ 1000637d f i nav.obj
 0001:0000537d       ?InvalidIndex@?$CUtlMemory@U?$UtlLinkedListElem_t@UGroundSeedSpot@@H@@H@@SAHXZ 1000637d f i nav.obj
 0001:0000537d       ?max@?$numeric_limits@I@std@@SAIXZ 1000637d f i main.obj
 0001:00005385       ?min@?$numeric_limits@_J@std@@SA_JXZ 10006385 f i main.obj
 0001:00005391       ?max@?$numeric_limits@_J@std@@SA_JXZ 10006391 f i main.obj
 0001:0000539e       ??0logic_error@std@@QAE@PBD@Z 1000639e f i main.obj
 0001:000053c1       ??_Elogic_error@std@@UAEPAXI@Z 100063c1 f i * CIL library *:* CIL module *
 0001:000053c1       ??_Eruntime_error@std@@UAEPAXI@Z 100063c1 f i * CIL library *:* CIL module *
 0001:000053c1       ??_Gruntime_error@std@@UAEPAXI@Z 100063c1 f i main.obj
 0001:000053c1       ??_Glogic_error@std@@UAEPAXI@Z 100063c1 f i main.obj
 0001:000053e8       ??1logic_error@std@@UAE@XZ 100063e8 f i main.obj
 0001:000053e8       ??1runtime_error@std@@UAE@XZ 100063e8 f i main.obj
 0001:000053f9       ??0out_of_range@std@@QAE@ABV?$basic_string@DU?$char_traits@D@std@@V?$allocator@D@2@@1@@Z 100063f9 f i main.obj
 0001:00005421       ??_Eout_of_range@std@@UAEPAXI@Z 10006421 f i * CIL library *:* CIL module *
 0001:00005421       ??_Gout_of_range@std@@UAEPAXI@Z 10006421 f i main.obj
 0001:00005448       ??1out_of_range@std@@UAE@XZ 10006448 f i main.obj
 0001:00005459       ??0runtime_error@std@@QAE@PBD@Z 10006459 f i main.obj
 0001:0000547c       ??0runtime_error@std@@QAE@ABV01@@Z 1000647c f i main.obj
 0001:0000549e       ??0exception@boost@@IAE@XZ 1000649e f i main.obj
 0001:000054d3       ??1exception@boost@@MAE@XZ 100064d3 f i main.obj
 0001:000054f0       ??1clone_base@exception_detail@boost@@UAE@XZ 100064f0 f i main.obj
 0001:00005502       ??_Eclone_base@exception_detail@boost@@UAEPAXI@Z 10006502 f i * CIL library *:* CIL module *
 0001:00005502       ??_Gclone_base@exception_detail@boost@@UAEPAXI@Z 10006502 f i main.obj
 0001:00005529       ?copy_boost_exception@exception_detail@boost@@YAXPAVexception@2@PBV32@@Z 10006529 f i main.obj
 0001:000055ed       ?gmtime@c_time@date_time@boost@@SAPAUtm@@PB_JPAU4@@Z 100065ed f i main.obj
 0001:00005662       ?get_system_time_as_file_time@winapi@date_time@boost@@YAXAAUFILETIME@123@@Z 10006662 f i main.obj
 0001:00005670       ?as_number@time_resolution_traits_adapted64_impl@date_time@boost@@SA_JV?$int_adapter@_J@23@@Z 10006670 f i main.obj
 0001:0000567d       ?is_adapted@time_resolution_traits_adapted64_impl@date_time@boost@@SA_NXZ 1000667d f i main.obj
 0001:00005684       ??0bad_day_of_month@gregorian@boost@@QAE@XZ 10006684 f i main.obj
 0001:00005703       ??0bad_day_of_month@gregorian@boost@@QAE@ABV?$basic_string@DU?$char_traits@D@std@@V?$allocator@D@2@@std@@@Z 10006703 f i main.obj
 0001:00005725       ??_Ebad_month@gregorian@boost@@UAEPAXI@Z 10006725 f i * CIL library *:* CIL module *
 0001:00005725       ??_Ebad_day_of_month@gregorian@boost@@UAEPAXI@Z 10006725 f i * CIL library *:* CIL module *
 0001:00005725       ??_Ebad_year@gregorian@boost@@UAEPAXI@Z 10006725 f i * CIL library *:* CIL module *
 0001:00005725       ??_Gbad_month@gregorian@boost@@UAEPAXI@Z 10006725 f i main.obj
 0001:00005725       ??_Gbad_day_of_month@gregorian@boost@@UAEPAXI@Z 10006725 f i main.obj
 0001:00005725       ??_Gbad_year@gregorian@boost@@UAEPAXI@Z 10006725 f i main.obj
 0001:0000574c       ??1bad_day_of_month@gregorian@boost@@UAE@XZ 1000674c f i main.obj
 0001:0000574c       ??1bad_month@gregorian@boost@@UAE@XZ 1000674c f i main.obj
 0001:0000574c       ??1bad_year@gregorian@boost@@UAE@XZ 1000674c f i main.obj
 0001:0000575d       ??0greg_day@gregorian@boost@@QAE@G@Z 1000675d f i main.obj
 0001:00005776       ??Bgreg_day@gregorian@boost@@QBEGXZ 10006776 f i main.obj
 0001:00005776       ??Bgreg_month@gregorian@boost@@QBEGXZ 10006776 f i main.obj
 0001:00005776       ??Bgreg_year@gregorian@boost@@QBEGXZ 10006776 f i main.obj
 0001:00005785       ??0bad_year@gregorian@boost@@QAE@XZ 10006785 f i main.obj
 0001:00005804       ??0greg_year@gregorian@boost@@QAE@G@Z 10006804 f i main.obj
 0001:0000581d       ??0bad_month@gregorian@boost@@QAE@XZ 1000681d f i main.obj
 0001:0000589c       ??0greg_month@gregorian@boost@@QAE@G@Z 1000689c f i main.obj
 0001:000058b5       ??0date@gregorian@boost@@QAE@Vgreg_year@12@Vgreg_month@12@Vgreg_day@12@@Z 100068b5 f i main.obj
 0001:00005980       ??0time_duration@posix_time@boost@@QAE@HHH_J@Z 10006980 f i main.obj
 0001:000059a5       ??0time_duration@posix_time@boost@@IAE@V?$int_adapter@_J@date_time@2@@Z 100069a5 f i main.obj
 0001:000059a5       ??0?$counted_time_rep@Vmillisec_posix_time_system_config@posix_time@boost@@@date_time@boost@@QAE@_J@Z 100069a5 f i main.obj
 0001:000059c1       ??0ptime@posix_time@boost@@QAE@Vdate@gregorian@2@Vtime_duration@12@@Z 100069c1 f i main.obj
 0001:000059e1       ??0ptime@posix_time@boost@@QAE@ABU?$counted_time_rep@Vmillisec_posix_time_system_config@posix_time@boost@@@date_time@2@@Z 100069e1 f i main.obj
 0001:000059e1       ??0time_duration@posix_time@boost@@QAE@ABV012@@Z 100069e1 f i main.obj
 0001:000059fa       ?get_system_time@boost@@YA?AVptime@posix_time@1@XZ 100069fa f i main.obj
 0001:00005a0b       ?free_raw_heap_memory@detail@boost@@YAXPAX@Z 10006a0b f i main.obj
 0001:00005a22       ?intrusive_ptr_release@detail@boost@@YAXPAUthread_data_base@12@@Z 10006a22 f i main.obj
 0001:00005a40       ??0timeout@detail@boost@@QAE@_K@Z 10006a40 f i main.obj
 0001:00005a7c       ?pin_to_zero@detail@boost@@YA_K_J@Z 10006a7c f i main.obj
 0001:00005aae       ?interruptible_wait@this_thread@boost@@YAX_K@Z 10006aae f i main.obj
 0001:00005acd       ??1thread@boost@@QAE@XZ    10006acd f i main.obj
 0001:00005b18       _gmod13_open               10006b18 f   main.obj
 0001:00005b34       _gmod13_close              10006b34 f   main.obj
 0001:00005b57       ?NewVectorObject@@YAPAVILuaObject@@PAUlua_State@@AAVVector@@@Z 10006b57 f   main.obj
 0001:00005c27       ?LUA_PushVector@@YAXPAUlua_State@@AAVVector@@@Z 10006c27 f   main.obj
 0001:00005c5d       ?LUA_GetVector@@YAAAVVector@@PAUlua_State@@H@Z 10006c5d f   main.obj
 0001:00005c7a       ?nav_Create@@YAHPAUlua_State@@@Z 10006c7a f   main.obj
 0001:00005d25       ?nav_Poll@@YAHPAUlua_State@@@Z 10006d25 f   main.obj
 0001:000064b1       ??_GJobInfo_t@@QAEPAXI@Z   100074b1 f i main.obj
 0001:000064d8       ??1JobInfo_t@@QAE@XZ       100074d8 f i main.obj
 0001:00006526       ?Nav_GetNodeByID@@YAHPAUlua_State@@@Z 10007526 f   main.obj
 0001:000065a8       ?Nav_GetNodeTotal@@YAHPAUlua_State@@@Z 100075a8 f   main.obj
 0001:00006605       ?Nav_GetNodes@@YAHPAUlua_State@@@Z 10007605 f   main.obj
 0001:0000671d       ?Nav_GetNearestNodes@@YAHPAUlua_State@@@Z 1000771d f   main.obj
 0001:00006900       ?Nav_SetupMaxDistance@@YAHPAUlua_State@@@Z 10007900 f   main.obj
 0001:00006992       ?Nav_AddGroundSeed@@YAHPAUlua_State@@@Z 10007992 f   main.obj
 0001:00006a14       ?Nav_AddAirSeed@@YAHPAUlua_State@@@Z 10007a14 f   main.obj
 0001:00006a70       ?Nav_ClearGroundSeeds@@YAHPAUlua_State@@@Z 10007a70 f   main.obj
 0001:00006aa6       ?Nav_ClearAirSeeds@@YAHPAUlua_State@@@Z 10007aa6 f   main.obj
 0001:00006adc       ?Nav_Generate@@YAHPAUlua_State@@@Z 10007adc f   main.obj
 0001:00006c7b       ??0JobInfo_t@@QAE@XZ       10007c7b f i main.obj
 0001:00006ce6       ?Nav_FullGeneration@@YAHPAUlua_State@@@Z 10007ce6 f   main.obj
 0001:00006d7f       ?Nav_IsGenerated@@YAHPAUlua_State@@@Z 10007d7f f   main.obj
 0001:00006dcf       ?Nav_FindPath@@YAHPAUlua_State@@@Z 10007dcf f   main.obj
 0001:00006ef7       ?Nav_FindPathImmediate@@YAHPAUlua_State@@@Z 10007ef7 f   main.obj
 0001:000070fd       ?Nav_FindPathHull@@YAHPAUlua_State@@@Z 100080fd f   main.obj
 0001:00007287       ?Nav_GetHeuristic@@YAHPAUlua_State@@@Z 10008287 f   main.obj
 0001:000072dd       ?Nav_GetStart@@YAHPAUlua_State@@@Z 100082dd f   main.obj
 0001:0000731f       ?Nav_GetEnd@@YAHPAUlua_State@@@Z 1000831f f   main.obj
 0001:00007361       ?Nav_SetHeuristic@@YAHPAUlua_State@@@Z 10008361 f   main.obj
 0001:000073cd       ?Nav_SetStart@@YAHPAUlua_State@@@Z 100083cd f   main.obj
 0001:0000742c       ?Nav_SetEnd@@YAHPAUlua_State@@@Z 1000842c f   main.obj
 0001:0000748b       ?Nav_GetNode@@YAHPAUlua_State@@@Z 1000848b f   main.obj
 0001:000074f3       ?Nav_GetClosestNode@@YAHPAUlua_State@@@Z 100084f3 f   main.obj
 0001:0000755b       ?Nav_Save@@YAHPAUlua_State@@@Z 1000855b f   main.obj
 0001:000075de       ?Nav_Load@@YAHPAUlua_State@@@Z 100085de f   main.obj
 0001:00007661       ?Nav_GetDiagonal@@YAHPAUlua_State@@@Z 10008661 f   main.obj
 0001:000076b1       ?Nav_SetDiagonal@@YAHPAUlua_State@@@Z 100086b1 f   main.obj
 0001:00007702       ?Nav_GetGridSize@@YAHPAUlua_State@@@Z 10008702 f   main.obj
 0001:00007758       ?Nav_SetGridSize@@YAHPAUlua_State@@@Z 10008758 f   main.obj
 0001:000077bf       ?Nav_GetMask@@YAHPAUlua_State@@@Z 100087bf f   main.obj
 0001:00007815       ?Nav_SetMask@@YAHPAUlua_State@@@Z 10008815 f   main.obj
 0001:0000787c       ?Nav_CreateNode@@YAHPAUlua_State@@@Z 1000887c f   main.obj
 0001:0000790e       ?Nav_RemoveNode@@YAHPAUlua_State@@@Z 1000890e f   main.obj
 0001:0000796d       ?Node__eq@@YAHPAUlua_State@@@Z 1000896d f   main.obj
 0001:000079fe       ?Node_GetID@@YAHPAUlua_State@@@Z 100089fe f   main.obj
 0001:00007a5c       ?Node_GetPosition@@YAHPAUlua_State@@@Z 10008a5c f   main.obj
 0001:00007a97       ?Node_GetNormal@@YAHPAUlua_State@@@Z 10008a97 f   main.obj
 0001:00007ad5       ?Node_IsDisabled@@YAHPAUlua_State@@@Z 10008ad5 f   main.obj
 0001:00007b25       ?Node_SetDisabled@@YAHPAUlua_State@@@Z 10008b25 f   main.obj
 0001:00007b8f       ?Node_GetConnections@@YAHPAUlua_State@@@Z 10008b8f f   main.obj
 0001:00007c9b       ?Node_GetConnectedNode@@YAHPAUlua_State@@@Z 10008c9b f   main.obj
 0001:00007d4d       ?Node_GetScoreG@@YAHPAUlua_State@@@Z 10008d4d f   main.obj
 0001:00007d9d       ?Node_GetScoreF@@YAHPAUlua_State@@@Z 10008d9d f   main.obj
 0001:00007ded       ?Node_IsConnected@@YAHPAUlua_State@@@Z 10008ded f   main.obj
 0001:00007eb2       ?Node_SetNormal@@YAHPAUlua_State@@@Z 10008eb2 f   main.obj
 0001:00007f0e       ?Node_SetPosition@@YAHPAUlua_State@@@Z 10008f0e f   main.obj
 0001:00007f6a       ?Node_ConnectTo@@YAHPAUlua_State@@@Z 10008f6a f   main.obj
 0001:00008048       ?Node_RemoveConnection@@YAHPAUlua_State@@@Z 10009048 f   main.obj
 0001:000080e5       ?Init@@YAHPAUlua_State@@@Z 100090e5 f   main.obj
 0001:0000895f       ?Shutdown@@YAHPAUlua_State@@@Z 1000995f f   main.obj
 0001:00008ab3       ?c_str@?$basic_string@DU?$char_traits@D@std@@V?$allocator@D@2@@std@@QBEPBDXZ 10009ab3 f i main.obj
 0001:00008ac4       ??1?$refcount_ptr@Uerror_info_container@exception_detail@boost@@@exception_detail@boost@@QAE@XZ 10009ac4 f i main.obj
 0001:00008ad5       ??4?$refcount_ptr@Uerror_info_container@exception_detail@boost@@@exception_detail@boost@@QAEAAV012@ABV012@@Z 10009ad5 f i main.obj
 0001:00008af0       ?as_number@?$int_adapter@_J@date_time@boost@@QBE_JXZ 10009af0 f i main.obj
 0001:00008b01       ??0?$constrained_value@V?$simple_exception_policy@G$00$0BP@Ubad_day_of_month@gregorian@boost@@@CV@boost@@@CV@boost@@QAE@G@Z 10009b01 f i main.obj
 0001:00008b25       ??0?$constrained_value@V?$simple_exception_policy@G$0FHI@$0CHBA@Ubad_year@gregorian@boost@@@CV@boost@@@CV@boost@@QAE@G@Z 10009b25 f i main.obj
 0001:00008b49       ??0?$constrained_value@V?$simple_exception_policy@G$00$0M@Ubad_month@gregorian@boost@@@CV@boost@@@CV@boost@@QAE@G@Z 10009b49 f i main.obj
 0001:00008b6d       ??0?$date@V0gregorian@boost@@Vgregorian_calendar@12@Vdate_duration@12@@date_time@boost@@QAE@Vgreg_year@gregorian@2@Vgreg_month@42@Vgreg_day@42@@Z 10009b6d f i main.obj
 0001:00008b9a       ??0?$time_duration@V0posix_time@boost@@V?$time_resolution_traits@Utime_resolution_traits_adapted64_impl@date_time@boost@@$04$0PECEA@$05H@date_time@2@@date_time@boost@@QAE@HHH_J@Z 10009b9a f i main.obj
 0001:00008bc9       ??0?$base_time@Vptime@posix_time@boost@@V?$counted_time_system@U?$counted_time_rep@Vmillisec_posix_time_system_config@posix_time@boost@@@date_time@boost@@@date_time@3@@date_time@boost@@QAE@ABU?$counted_time_rep@Vmillisec_posix_time_system_config@posix_time@boost@@@12@@Z 10009bc9 f i main.obj
[...]
 0002:00010b78       __unwindtable$??0thread_data_base@detail@boost@@QAE@XZ 1003eb78     * CIL library *:* CIL module *
 0002:00010b90       __ehfuncinfo$?allocate_raw_heap_memory@detail@boost@@YAPAXI@Z 1003eb90     * CIL library *:* CIL module *
 0002:00010bb4       __unwindtable$?allocate_raw_heap_memory@detail@boost@@YAPAXI@Z 1003ebb4     * CIL library *:* CIL module *
 0002:00010bbc       __ehfuncinfo$?create_anonymous_event@win32@detail@boost@@YAPAXW4event_type@123@W4initial_event_state@123@@Z 1003ebbc     * CIL library *:* CIL module *
 0002:00010be0       __unwindtable$?create_anonymous_event@win32@detail@boost@@YAPAXW4event_type@123@W4initial_event_state@123@@Z 1003ebe0     * CIL library *:* CIL module *
 0002:00010be8       __ehfuncinfo$?what@system_error@system@boost@@UBEPBDXZ 1003ebe8     * CIL library *:* CIL module *
 0002:00010c0c       __unwindtable$?what@system_error@system@boost@@UBEPBDXZ 1003ec0c     * CIL library *:* CIL module *
 0002:00010c24       __tryblocktable$?what@system_error@system@boost@@UBEPBDXZ 1003ec24     * CIL library *:* CIL module *
 0002:00010c38       __catchsym$?what@system_error@system@boost@@UBEPBDXZ$3 1003ec38     * CIL library *:* CIL module *
 0002:00010c48       __ehfuncinfo$?Load@Nav@@QAE_NPBD@Z 1003ec48     * CIL library *:* CIL module *
 0002:00010c6c       __unwindtable$?Load@Nav@@QAE_NPBD@Z 1003ec6c     * CIL library *:* CIL module *
 0002:00010c74       __ehfuncinfo$?GenerateQueue@Nav@@QAEXPAUJobInfo_t@@@Z 1003ec74     * CIL library *:* CIL module *
 0002:00010c74       __ehfuncinfo$?FindPathQueue@Nav@@QAEXPAUJobInfo_t@@@Z 1003ec74     * CIL library *:* CIL module *
 0002:00010c98       __unwindtable$?GenerateQueue@Nav@@QAEXPAUJobInfo_t@@@Z 1003ec98     * CIL library *:* CIL module *
 0002:00010c98       __unwindtable$?FindPathQueue@Nav@@QAEXPAUJobInfo_t@@@Z 1003ec98     * CIL library *:* CIL module *
 0002:00010ca0       __ehfuncinfo$?AddNode@Nav@@QAEPAVNode@@ABVVector@@0W4NavDirType@@PAV2@@Z 1003eca0     * CIL library *:* CIL module *
 0002:00010cc4       __unwindtable$?AddNode@Nav@@QAEPAVNode@@ABVVector@@0W4NavDirType@@PAV2@@Z 1003ecc4     * CIL library *:* CIL module *
 0002:00010ccc       __ehfuncinfo$??0Nav@@QAE@H@Z 1003eccc     * CIL library *:* CIL module *
 0002:00010cf0       __unwindtable$??0Nav@@QAE@H@Z 1003ecf0     * CIL library *:* CIL module *
 0002:00010f6a       .idata$6                   1003ef6a     tier0:tier0.dll
 0002:00011038       .idata$6                   1003f038     kernel32:KERNEL32.dll
 0002:000115d0       .edata                     1003f5d0     gmcl_navigation_win32.exp
 0002:000115f8       rgpv                       1003f5f8     gmcl_navigation_win32.exp
 0002:00011604       rgszName                   1003f604     gmcl_navigation_win32.exp
 0002:00011610       rgwOrd                     1003f610     gmcl_navigation_win32.exp
 0002:00011616       szName                     1003f616     gmcl_navigation_win32.exp
 0002:00011630       $N00001                    1003f630     gmcl_navigation_win32.exp
 0002:00011640       $N00002                    1003f640     gmcl_navigation_win32.exp
 0002:0001164d       $N00003                    1003f64d     gmcl_navigation_win32.exp
 0003:00000020       _vec2_invalid              10040020     mathlib:mathlib_base.obj
 0003:00000480       _vec2_invalid              10040480     mathlib:color_conversion.obj
 0003:00000488       _vec2_invalid              10040488     mathlib:sse.obj
 0003:00000490       _vec2_invalid              10040490     mathlib:3dnow.obj
 0003:00000498       _s_BackSlashMap            10040498     tier1:strtools.obj
 0003:000004a4       _vec2_invalid              100404a4     tier1:strtools.obj
 0003:000004d0       _NAME_                     100404d0     LIBCMT:acos.obj
 0003:000004e0       _NAME_                     100404e0     LIBCMT:asin.obj
 0003:000004f8       POW_name                   100404f8     LIBCMT:pow.obj
 0003:00000518       _errtable                  10040518     LIBCMT:dosmap.obj
 0003:00000680       _ErrnoNoMem                10040680     LIBCMT:dosmap.obj
 0003:00000684       _DoserrorNoMem             10040684     LIBCMT:dosmap.obj
 0003:000009c8       __locktable                100409c8     LIBCMT:mlock.obj
 0003:00000af4       ?isPackaged@?1??__crtIsPackagedApp@@9@9 10040af4     LIBCMT:winapisupp.obj
 0003:00000b20       _newcw                     10040b20     LIBCMT:floor.obj
 0003:00000b34       ___rgctypeflag             10040b34     LIBCMT:mbctype.obj
 0003:00000b38       ___rgcode_page_info        10040b38     LIBCMT:mbctype.obj
 0003:00001280       __ctype_loc_style          10041280     LIBCMT:wsetloca.obj
 0003:000012d0       ?_names@?1??_get_fname@@9@9 100412d0     LIBCMT:fpexcept.obj
 0003:000013b8       _over                      100413b8     LIBCMT:fpctrl.obj
 0003:000013c4       _under                     100413c4     LIBCMT:fpctrl.obj
 0003:000013d0       ?__DAZ_ENABLED@?1??__set_fpsr_sse2@@9@9 100413d0     LIBCMT:fpctrl.obj
 0003:00001540       _DoubleFormat              10041540     LIBCMT:intrncvt.obj
 0003:00001558       _FloatFormat               10041558     LIBCMT:intrncvt.obj
 0003:00001968       _Name                      10041968     * CIL library *:* CIL module *
 0003:000019f8       _Name                      100419f8     * CIL library *:* CIL module *
 0003:00001a88       _Name                      10041a88     * CIL library *:* CIL module *
 0003:00001b18       _Name                      10041b18     * CIL library *:* CIL module *
 0003:00001ba8       _Name                      10041ba8     * CIL library *:* CIL module *
 0003:00001c38       _Name                      10041c38     * CIL library *:* CIL module *
 0003:00002660       _NAME_                     10042660     LIBCMT:sqrt.obj
 0003:00002a81       _s_b3DNowEnabled           10042a81     mathlib:mathlib_base.obj
 0003:00002a82       _s_bMMXEnabled             10042a82     mathlib:mathlib_base.obj
 0003:00002a83       _s_bSSEEnabled             10042a83     mathlib:mathlib_base.obj
 0003:00002a84       _s_bSSE2Enabled            10042a84     mathlib:mathlib_base.obj
 0003:00002a88       _vec2_origin               10042a88     mathlib:mathlib_base.obj
 0003:00002aa8       _texturetolinear           10042aa8     mathlib:color_conversion.obj
 0003:00003ea8       _g_Mathlib_LinearToGamma   10043ea8     mathlib:color_conversion.obj
 0003:000042a8       _lineartotexture           100442a8     mathlib:color_conversion.obj
 0003:000052a8       _lineartoscreen            100452a8     mathlib:color_conversion.obj
 0003:000062a8       _g_Mathlib_GammaToLinear   100462a8     mathlib:color_conversion.obj
 0003:0000a6a8       _texgammatable             1004a6a8     mathlib:color_conversion.obj
 0003:0000a7a8       _vec2_origin               1004a7a8     mathlib:color_conversion.obj
 0003:0000a7b0       _vec2_origin               1004a7b0     mathlib:sse.obj
 0003:0000a7b8       _vec2_origin               1004a7b8     mathlib:3dnow.obj
 0003:0000a7c4       _vec2_origin               1004a7c4     tier1:strtools.obj
 0003:0000a7cc       ___proc_attached           1004a7cc     LIBCMT:dllcrt0.obj
 0003:0000a7e0       _GS_ExceptionRecord        1004a7e0     LIBCMT:gs_report.obj
 0003:0000a830       _GS_ContextRecord          1004a830     LIBCMT:gs_report.obj
 0003:0000aafc       _DebuggerWasPresent        1004aafc     LIBCMT:gs_report.obj
 0003:0000ab50       ?outmsg@?8??_NMSG_WRITE@@9@9 1004ab50     LIBCMT:crt0msg.obj
 0003:0000b17c       ___type_info_root_node     1004b17c     LIBCMT:typname.obj
 0003:0000b298       _lclcritsects              1004b298     LIBCMT:mlock.obj
 0003:0000b3e8       ?_pgmname@?1??_setargv@@9@9 1004b3e8     LIBCMT:stdargv.obj
 0003:0000b4f0       __pmatherr_set             1004b4f0     LIBCMT:libm_error.obj
 0003:0000b50c       _fSystemSet                1004b50c     LIBCMT:mbctype.obj
 0003:0000b514       ___enable_percent_n        1004b514     LIBCMT:printf.obj
 0003:0000b51c       _g_pfnRtlGenRandom         1004b51c     LIBCMT:rand_s.obj
 0003:0000b520       _ctrlc_action              1004b520     LIBCMT:winsig.obj
 0003:0000b524       _ctrlbreak_action          1004b524     LIBCMT:winsig.obj
 0003:0000b528       _abort_action              1004b528     LIBCMT:winsig.obj
 0003:0000b52c       _term_action               1004b52c     LIBCMT:winsig.obj
 0003:0000b530       _ConsoleCtrlHandler_Installed 1004b530     LIBCMT:winsig.obj
 0003:0000b538       ?pfnMessageBox@?1??__crtMessageBoxW@@9@9 1004b538     LIBCMT:crtmboxw.obj
 0003:0000b53c       ?pfnGetActiveWindow@?1??__crtMessageBoxW@@9@9 1004b53c     LIBCMT:crtmboxw.obj
 0003:0000b540       ?pfnGetLastActivePopup@?1??__crtMessageBoxW@@9@9 1004b540     LIBCMT:crtmboxw.obj
 0003:0000b544       ?pfnGetProcessWindowStation@?1??__crtMessageBoxW@@9@9 1004b544     LIBCMT:crtmboxw.obj
 0003:0000b548       ?pfnGetUserObjectInformation@?1??__crtMessageBoxW@@9@9 1004b548     LIBCMT:crtmboxw.obj
 0003:0000b54c       ___crtCallProc             1004b54c     LIBCMT:winapinls.obj
 0003:0000b578       _heap                      1004b578     LIBCMT:undname.obj
 0003:0000b5a0       __Tuple_alloc              1004b5a0     libcpmt:xthrow.obj
 0003:0000b5a1       _ignore                    1004b5a1     libcpmt:xthrow.obj
 0003:0000b5a2       _allocator_arg             1004b5a2     libcpmt:xthrow.obj
 0003:0000b5a3       _piecewise_construct       1004b5a3     libcpmt:xthrow.obj
 0003:0000b5a4       _allocator_arg             1004b5a4     libcpmt:syserror.obj
 0003:0000b5a5       _piecewise_construct       1004b5a5     libcpmt:syserror.obj
 0003:0000b5b0       __8                        1004b5b0     libboost_thread-vc110-mt-s-1_52:thread.obj
 0003:0000b5b1       __1                        1004b5b1     libboost_thread-vc110-mt-s-1_52:thread.obj
 0003:0000b5b2       __Tuple_alloc              1004b5b2     libboost_thread-vc110-mt-s-1_52:thread.obj
 0003:0000b5b3       __5                        1004b5b3     libboost_thread-vc110-mt-s-1_52:thread.obj
 0003:0000b5b4       __9                        1004b5b4     libboost_thread-vc110-mt-s-1_52:thread.obj
 0003:0000b5b5       __4                        1004b5b5     libboost_thread-vc110-mt-s-1_52:thread.obj
 0003:0000b5b6       __2                        1004b5b6     libboost_thread-vc110-mt-s-1_52:thread.obj
 0003:0000b5b7       __7                        1004b5b7     libboost_thread-vc110-mt-s-1_52:thread.obj
 0003:0000b5b8       _ignore                    1004b5b8     libboost_thread-vc110-mt-s-1_52:thread.obj
 0003:0000b5b9       __3                        1004b5b9     libboost_thread-vc110-mt-s-1_52:thread.obj
 0003:0000b5ba       _allocator_arg             1004b5ba     libboost_thread-vc110-mt-s-1_52:thread.obj
 0003:0000b5bb       _piecewise_construct       1004b5bb     libboost_thread-vc110-mt-s-1_52:thread.obj
 0003:0000b5bc       __6                        1004b5bc     libboost_thread-vc110-mt-s-1_52:thread.obj
 0003:0000b5bd       _piecewise_construct       1004b5bd     libboost_thread-vc110-mt-s-1_52:tss_pe.obj
 0003:0000b5c0       __Tuple_alloc              1004b5c0     libboost_system-vc110-mt-s-1_52:error_code.obj
 0003:0000b5c1       _ignore                    1004b5c1     libboost_system-vc110-mt-s-1_52:error_code.obj
 0003:0000b5c2       _allocator_arg             1004b5c2     libboost_system-vc110-mt-s-1_52:error_code.obj
 0003:0000b5c3       _piecewise_construct       1004b5c3     libboost_system-vc110-mt-s-1_52:error_code.obj
 0003:0000b5c4       _errno_ecat                1004b5c4     libboost_system-vc110-mt-s-1_52:error_code.obj
 0003:0000b5d0       _native_ecat               1004b5d0     libboost_system-vc110-mt-s-1_52:error_code.obj
 0003:0000b5d4       _posix_category            1004b5d4     libboost_system-vc110-mt-s-1_52:error_code.obj
 0003:0000b5d8       ?unknown_err@?1??message@generic_error_category@?A0xe218785f@@UBE?AV?$basic_string@DU?$char_traits@D@std@@V?$allocator@D@2@@std@@H@Z@4V45@A 1004b5d8     libboost_system-vc110-mt-s-1_52:error_code.obj
 0003:0000b5f0       ?$S1@?1??message@generic_error_category@?A0xe218785f@@UBE?AV?$basic_string@DU?$char_traits@D@std@@V?$allocator@D@2@@std@@H@Z@4IA 1004b5f0     libboost_system-vc110-mt-s-1_52:error_code.obj
 0003:0000b5f4       ?system_category_const@?1??system_category@system@boost@@YAABVerror_category@23@XZ@4Vsystem_error_category@?A0xe218785f@@B 1004b5f4     libboost_system-vc110-mt-s-1_52:error_code.obj
 0003:0000b5f8       ?$S2@?1??system_category@system@boost@@YAABVerror_category@23@XZ@4IA 1004b5f8     libboost_system-vc110-mt-s-1_52:error_code.obj
 0003:0000b5fc       ?generic_category_const@?1??generic_category@system@boost@@YAABVerror_category@23@XZ@4Vgeneric_error_category@?A0xe218785f@@B 1004b5fc     libboost_system-vc110-mt-s-1_52:error_code.obj
 0003:0000b600       ?$S3@?1??generic_category@system@boost@@YAABVerror_category@23@XZ@4IA 1004b600     libboost_system-vc110-mt-s-1_52:error_code.obj
 0003:0000b604       ?s_roinit@?1??_initMTAoncurrentthread@@9@9 1004b604     LIBCMT:threadex.obj
 0003:0000b608       ?s_initialized@?1??_initMTAoncurrentthread@@9@9 1004b608     LIBCMT:threadex.obj
 0003:0000b60c       ?s_rouninit@?1??_uninitMTAoncurrentthread@@9@9 1004b60c     LIBCMT:threadex.obj
 0003:0000b610       ?s_initialized@?1??_uninitMTAoncurrentthread@@9@9 1004b610     LIBCMT:threadex.obj
 0003:0000b628       _vec2_origin               1004b628     * CIL library *:* CIL module *
 0003:0000b630       _vec2_invalid              1004b630     * CIL library *:* CIL module *
 0003:0000b638       _allocator_arg             1004b638     * CIL library *:* CIL module *
 0003:0000b639       _piecewise_construct       1004b639     * CIL library *:* CIL module *
 0003:0000b63a       _allocator_arg             1004b63a     * CIL library *:* CIL module *
 0003:0000b63b       _piecewise_construct       1004b63b     * CIL library *:* CIL module *
 0003:0000b63c       _vec2_origin               1004b63c     * CIL library *:* CIL module *
 0003:0000b644       _vec2_invalid              1004b644     * CIL library *:* CIL module *
 0003:0000b650       _vec2_origin               1004b650     * CIL library *:* CIL module *
 0003:0000b658       _vec2_invalid              1004b658     * CIL library *:* CIL module *
 0003:0000b660       __Tuple_alloc              1004b660     * CIL library *:* CIL module *
 0003:0000b661       _ignore                    1004b661     * CIL library *:* CIL module *
 0003:0000b662       _allocator_arg             1004b662     * CIL library *:* CIL module *
 0003:0000b663       __9                        1004b663     * CIL library *:* CIL module *
 0003:0000b664       _vec4_origin               1004b664     * CIL library *:* CIL module *
 0003:0000b674       _errno_ecat                1004b674     * CIL library *:* CIL module *
 0003:0000b680       _vec2_origin               1004b680     * CIL library *:* CIL module *
 0003:0000b688       __2                        1004b688     * CIL library *:* CIL module *
 0003:0000b689       __7                        1004b689     * CIL library *:* CIL module *
 0003:0000b68a       __5                        1004b68a     * CIL library *:* CIL module *
 0003:0000b68b       __8                        1004b68b     * CIL library *:* CIL module *
 0003:0000b68c       __1                        1004b68c     * CIL library *:* CIL module *
 0003:0000b68d       __4                        1004b68d     * CIL library *:* CIL module *
 0003:0000b68e       __3                        1004b68e     * CIL library *:* CIL module *
 0003:0000b68f       _piecewise_construct       1004b68f     * CIL library *:* CIL module *
 0003:0000b690       _vector_origin             1004b690     * CIL library *:* CIL module *
 0003:0000b69c       _native_ecat               1004b69c     * CIL library *:* CIL module *
 0003:0000b6a0       _vec4_invalid              1004b6a0     * CIL library *:* CIL module *
 0003:0000b6b0       _vec2_invalid              1004b6b0     * CIL library *:* CIL module *
 0003:0000b6b8       __6                        1004b6b8     * CIL library *:* CIL module *
 0003:0000b6b9       __Tuple_alloc              1004b6b9     * CIL library *:* CIL module *
 0003:0000b6ba       _ignore                    1004b6ba     * CIL library *:* CIL module *
 0003:0000b6bb       _allocator_arg             1004b6bb     * CIL library *:* CIL module *
 0003:0000b6d8       _posix_category            1004b6d8     * CIL library *:* CIL module *
 0003:0000b6dc       _vec4_origin               1004b6dc     * CIL library *:* CIL module *
 0003:0000b6ec       _errno_ecat                1004b6ec     * CIL library *:* CIL module *
 0003:0000b6f0       __9                        1004b6f0     * CIL library *:* CIL module *
 0003:0000b6f1       __2                        1004b6f1     * CIL library *:* CIL module *
 0003:0000b6f2       __7                        1004b6f2     * CIL library *:* CIL module *
 0003:0000b6f3       __5                        1004b6f3     * CIL library *:* CIL module *
 0003:0000b6f4       __8                        1004b6f4     * CIL library *:* CIL module *
 0003:0000b6f5       __1                        1004b6f5     * CIL library *:* CIL module *
 0003:0000b6f6       __4                        1004b6f6     * CIL library *:* CIL module *
 0003:0000b6f7       __3                        1004b6f7     * CIL library *:* CIL module *
 0003:0000b6f8       _vec2_origin               1004b6f8     * CIL library *:* CIL module *
 0003:0000b700       _vector_origin             1004b700     * CIL library *:* CIL module *
 0003:0000b70c       _native_ecat               1004b70c     * CIL library *:* CIL module *
 0003:0000b710       _vec4_invalid              1004b710     * CIL library *:* CIL module *
 0003:0000b720       _piecewise_construct       1004b720     * CIL library *:* CIL module *
 0003:0000b721       __6                        1004b721     * CIL library *:* CIL module *
 0003:0000b722       __Tuple_alloc              1004b722     * CIL library *:* CIL module *
 0003:0000b723       _ignore                    1004b723     * CIL library *:* CIL module *
 0003:0000b724       _vec2_invalid              1004b724     * CIL library *:* CIL module *
 0003:0000b72c       _posix_category            1004b72c     * CIL library *:* CIL module *
 0003:0000b730       _errno_ecat                1004b730     * CIL library *:* CIL module *
 0003:0000b734       _allocator_arg             1004b734     * CIL library *:* CIL module *
 0003:0000b735       _piecewise_construct       1004b735     * CIL library *:* CIL module *
 0003:0000b736       __9                        1004b736     * CIL library *:* CIL module *
 0003:0000b737       __2                        1004b737     * CIL library *:* CIL module *
 0003:0000b738       _vec2_origin               1004b738     * CIL library *:* CIL module *
 0003:0000b740       _native_ecat               1004b740     * CIL library *:* CIL module *
 0003:0000b744       _vec2_invalid              1004b744     * CIL library *:* CIL module *
 0003:0000b74c       __7                        1004b74c     * CIL library *:* CIL module *
 0003:0000b74d       __5                        1004b74d     * CIL library *:* CIL module *
 0003:0000b74e       __8                        1004b74e     * CIL library *:* CIL module *
 0003:0000b74f       __1                        1004b74f     * CIL library *:* CIL module *
 0003:0000b750       __4                        1004b750     * CIL library *:* CIL module *
 0003:0000b751       __3                        1004b751     * CIL library *:* CIL module *
 0003:0000b752       __6                        1004b752     * CIL library *:* CIL module *
 0003:0000b754       _posix_category            1004b754     * CIL library *:* CIL module *
 0005:00000060       $R000000                   1004e060     * linker generated manifest res *
